db ready at orderbase.db
OrderBase v1.4.2 listening on 0.0.0.0:5057 (debug=true)
2026-06-28 00:13:10 INFO ai.octoco.legacyservice.App GET /orders/00000006 200 status=NEW
2026-06-28 00:19:56 INFO ai.octoco.legacyservice.App GET /orders 200 count=43
DEBUG: POST /orders payload={customer=Acme Ltd, items=[{sku=SKU-0009, qty=4, unitPrice=7.25}, {sku=SKU-0009, qty=2, unitPrice=7.25}]}
2026-06-28 00:23:21 INFO ai.octoco.legacyservice.Orders order 00000031 created customer=Acme Ltd items=2 total=43.50
created order 00000031 total=43.5
2026-06-28 00:23:21 INFO ai.octoco.legacyservice.App POST /orders 201 id=00000031 total=43.50
2026-06-28 00:28:05 INFO ai.octoco.legacyservice.App GET /orders/00000021 200 status=PAID
2026-06-28 00:31:02 INFO ai.octoco.legacyservice.App GET /orders/00000023 200 status=SHIPPED
DEBUG: POST /orders payload={customer=Initech, items=[{sku=SKU-0006, qty=1, unitPrice=12.5}, {sku=SKU-0003, qty=1, unitPrice=7.25}]}
2026-06-28 00:35:09 INFO ai.octoco.legacyservice.Orders order 00000032 created customer=Initech items=2 total=19.75
created order 00000032 total=19.75
2026-06-28 00:35:09 INFO ai.octoco.legacyservice.App POST /orders 201 id=00000032 total=19.75
2026-06-28 00:41:25 INFO ai.octoco.legacyservice.App GET /orders/00000001 200 status=CANCELLED
DEBUG: POST /orders payload={customer=Soylent Foods, items=[{sku=SKU-0003, qty=1, unitPrice=8.8}, {sku=SKU-0006, qty=4, unitPrice=8.8}, {sku=SKU-0004, qty=2, unitPrice=19.99}]}
2026-06-28 00:48:13 INFO ai.octoco.legacyservice.Orders order 00000033 created customer=Soylent Foods items=3 total=83.98
created order 00000033 total=83.98
2026-06-28 00:48:13 INFO ai.octoco.legacyservice.App POST /orders 201 id=00000033 total=83.98
2026-06-28 00:50:34 INFO ai.octoco.legacyservice.App GET /orders/00000002 200 status=SHIPPED
2026-06-28 00:56:44 WARNING ai.octoco.legacyservice.Orders rejected order: at least one item is required
2026-06-28 00:56:44 INFO ai.octoco.legacyservice.App POST /orders 400 error="at least one item is required"
2026-06-28 01:04:45 INFO ai.octoco.legacyservice.App GET /orders/00000025 200 status=PAID
2026-06-28 01:11:05 INFO ai.octoco.legacyservice.App GET /orders/00000031 200 status=CANCELLED
2026-06-28 01:14:09 INFO ai.octoco.legacyservice.App GET /orders 200 count=29
2026-06-28 01:24:00 INFO ai.octoco.legacyservice.App GET /orders/00000008 200 status=PAID
2026-06-28 01:26:01 INFO ai.octoco.legacyservice.App GET /orders 200 count=47
2026-06-28 01:34:48 INFO ai.octoco.legacyservice.App GET /report 200 date=2026-06-28 orders=8 total=627.20
2026-06-28 01:39:46 INFO ai.octoco.legacyservice.App GET /orders/00000028 200 status=PAID
2026-06-28 01:47:56 INFO ai.octoco.legacyservice.App GET /orders/00000016 200 status=PAID
2026-06-28 01:57:25 INFO ai.octoco.legacyservice.App GET /orders/00000022 200 status=SHIPPED
2026-06-28 02:04:19 INFO ai.octoco.legacyservice.App GET /orders/00000030 404
2026-06-28 02:11:14 INFO ai.octoco.legacyservice.App GET /orders 200 count=44
2026-06-28 02:16:35 INFO ai.octoco.legacyservice.App GET /orders/00000024 200 status=PAID
DEBUG: POST /orders payload={customer=Globex, items=[{sku=SKU-0005, qty=2, unitPrice=19.99}]}
2026-06-28 02:20:02 INFO ai.octoco.legacyservice.Orders order 00000034 created customer=Globex items=1 total=39.98
created order 00000034 total=39.98
2026-06-28 02:20:02 INFO ai.octoco.legacyservice.App POST /orders 201 id=00000034 total=39.98
2026-06-28 02:23:41 WARNING ai.octoco.legacyservice.Orders rejected order: discount_pct out of range
2026-06-28 02:23:41 INFO ai.octoco.legacyservice.App POST /orders 400 error="discount_pct out of range"
DEBUG: POST /orders payload={customer=Umbrella Co, items=[{sku=SKU-0001, qty=1, unitPrice=4.95}, {sku=SKU-0004, qty=2, unitPrice=4.95}, {sku=SKU-0008, qty=4, unitPrice=4.95}]}
2026-06-28 02:28:36 INFO ai.octoco.legacyservice.Orders order 00000035 created customer=Umbrella Co items=3 total=34.65
created order 00000035 total=34.65
2026-06-28 02:28:36 INFO ai.octoco.legacyservice.App POST /orders 201 id=00000035 total=34.65
2026-06-28 02:36:44 INFO ai.octoco.legacyservice.App GET /orders 200 count=25
DEBUG: POST /orders payload={customer=Globex, items=[{sku=SKU-0009, qty=2, unitPrice=4.95}]}
2026-06-28 02:44:30 INFO ai.octoco.legacyservice.Orders order 00000036 created customer=Globex items=1 total=9.90
created order 00000036 total=9.9
2026-06-28 02:44:30 INFO ai.octoco.legacyservice.App POST /orders 201 id=00000036 total=9.90
2026-06-28 02:48:53 INFO ai.octoco.legacyservice.App GET /orders/00000006 200 status=PAID
2026-06-28 02:58:34 INFO ai.octoco.legacyservice.App GET /orders/00000009 200 status=PAID
2026-06-28 03:04:31 INFO ai.octoco.legacyservice.App GET /orders/00000031 404
2026-06-28 03:13:55 INFO ai.octoco.legacyservice.App GET /report 200 date=2026-06-28 orders=14 total=851.87
2026-06-28 03:19:12 INFO ai.octoco.legacyservice.App GET /orders 200 count=12
2026-06-28 03:28:31 INFO ai.octoco.legacyservice.App GET /orders 200 count=17
DEBUG: POST /orders payload={customer=Stark Supplies, items=[{sku=SKU-0005, qty=3, unitPrice=4.95}, {sku=SKU-0001, qty=2, unitPrice=19.99}]}
2026-06-28 03:34:38 INFO ai.octoco.legacyservice.Orders order 00000037 created customer=Stark Supplies items=2 total=54.83
created order 00000037 total=54.83
2026-06-28 03:34:38 INFO ai.octoco.legacyservice.App POST /orders 201 id=00000037 total=54.83
DEBUG: POST /orders payload={customer=Wayne Retail, items=[{sku=SKU-0002, qty=2, unitPrice=4.95}, {sku=SKU-0008, qty=4, unitPrice=19.99}, {sku=SKU-0005, qty=3, unitPrice=19.99}]}
2026-06-28 03:44:10 INFO ai.octoco.legacyservice.Orders order 00000038 created customer=Wayne Retail items=3 total=149.83
created order 00000038 total=149.83
2026-06-28 03:44:10 INFO ai.octoco.legacyservice.App POST /orders 201 id=00000038 total=149.83
2026-06-28 03:47:54 INFO ai.octoco.legacyservice.App GET /orders/00000002 200 status=CANCELLED
2026-06-28 03:54:34 INFO ai.octoco.legacyservice.App GET /orders/00000031 200 status=SHIPPED
2026-06-28 04:01:21 INFO ai.octoco.legacyservice.App GET /report 200 date=2026-06-28 orders=9 total=788.91
2026-06-28 04:08:05 INFO ai.octoco.legacyservice.App GET /orders/00000034 200 status=CANCELLED
DEBUG: POST /orders payload={customer=Globex, items=[{sku=SKU-0005, qty=3, unitPrice=8.8}]}
2026-06-28 04:11:44 INFO ai.octoco.legacyservice.Orders order 00000039 created customer=Globex items=1 total=26.40
created order 00000039 total=26.4
2026-06-28 04:11:44 INFO ai.octoco.legacyservice.App POST /orders 201 id=00000039 total=26.40
2026-06-28 04:15:51 WARNING ai.octoco.legacyservice.Orders rejected order: customer is required
2026-06-28 04:15:51 INFO ai.octoco.legacyservice.App POST /orders 400 error="customer is required"
DEBUG: POST /orders payload={customer=Soylent Foods, items=[{sku=SKU-0004, qty=3, unitPrice=4.95}, {sku=SKU-0008, qty=3, unitPrice=8.8}, {sku=SKU-0004, qty=4, unitPrice=19.99}]}
2026-06-28 04:20:12 INFO ai.octoco.legacyservice.Orders order 00000040 created customer=Soylent Foods items=3 total=121.21
created order 00000040 total=121.21
2026-06-28 04:20:12 INFO ai.octoco.legacyservice.App POST /orders 201 id=00000040 total=121.21
2026-06-28 04:24:49 INFO ai.octoco.legacyservice.App GET /orders/00000027 200 status=SHIPPED
2026-06-28 04:33:52 INFO ai.octoco.legacyservice.App GET /orders/00000015 200 status=PAID
2026-06-28 04:36:54 INFO ai.octoco.legacyservice.App GET /report 200 date=2026-06-28 orders=9 total=896.43
2026-06-28 04:39:12 INFO ai.octoco.legacyservice.App GET /orders/00000027 200 status=PAID
2026-06-28 04:47:51 INFO ai.octoco.legacyservice.App GET /orders/00000017 200 status=SHIPPED
DEBUG: POST /orders payload={customer=Soylent Foods, items=[{sku=SKU-0002, qty=2, unitPrice=12.5}]}
2026-06-28 04:53:51 INFO ai.octoco.legacyservice.Orders order 00000041 created customer=Soylent Foods items=1 total=25.00
created order 00000041 total=25.0
2026-06-28 04:53:51 INFO ai.octoco.legacyservice.App POST /orders 201 id=00000041 total=25.00
2026-06-28 05:03:11 INFO ai.octoco.legacyservice.App GET /orders/00000008 404
2026-06-28 05:12:12 WARNING ai.octoco.legacyservice.Orders rejected order: at least one item is required
2026-06-28 05:12:12 INFO ai.octoco.legacyservice.App POST /orders 400 error="at least one item is required"
2026-06-28 05:16:00 INFO ai.octoco.legacyservice.App GET /orders/00000014 200 status=NEW
2026-06-28 05:19:10 INFO ai.octoco.legacyservice.App GET /report 200 date=2026-06-28 orders=12 total=1074.87
2026-06-28 05:25:36 INFO ai.octoco.legacyservice.App GET /orders/00000029 200 status=SHIPPED
2026-06-28 05:34:59 INFO ai.octoco.legacyservice.App GET /report 200 date=2026-06-28 orders=12 total=635.37
DEBUG: POST /orders payload={customer=Globex, items=[{sku=SKU-0009, qty=4, unitPrice=12.5}, {sku=SKU-0002, qty=3, unitPrice=8.8}]}
2026-06-28 05:37:56 INFO ai.octoco.legacyservice.Orders order 00000042 created customer=Globex items=2 total=76.40
created order 00000042 total=76.4
2026-06-28 05:37:56 INFO ai.octoco.legacyservice.App POST /orders 201 id=00000042 total=76.40
2026-06-28 05:42:05 INFO ai.octoco.legacyservice.App GET /orders 200 count=47
DEBUG: POST /orders payload={customer=Soylent Foods, items=[{sku=SKU-0003, qty=2, unitPrice=7.25}, {sku=SKU-0008, qty=2, unitPrice=19.99}]}
2026-06-28 05:50:48 INFO ai.octoco.legacyservice.Orders order 00000043 created customer=Soylent Foods items=2 total=54.48
created order 00000043 total=54.48
2026-06-28 05:50:48 INFO ai.octoco.legacyservice.App POST /orders 201 id=00000043 total=54.48
2026-06-28 06:00:01 INFO ai.octoco.legacyservice.App GET /orders/00000032 200 status=NEW
2026-06-28 06:07:52 INFO ai.octoco.legacyservice.App GET /orders/00000037 200 status=SHIPPED
2026-06-28 06:15:39 INFO ai.octoco.legacyservice.App GET /orders 200 count=48
2026-06-28 06:19:45 INFO ai.octoco.legacyservice.App GET /orders/00000038 200 status=PAID
2026-06-28 06:28:04 INFO ai.octoco.legacyservice.App GET /orders 200 count=42
2026-06-28 06:31:02 INFO ai.octoco.legacyservice.App GET /orders/00000030 200 status=PAID
2026-06-28 06:33:26 INFO ai.octoco.legacyservice.App GET /orders/00000019 200 status=CANCELLED
2026-06-28 06:40:09 INFO ai.octoco.legacyservice.App GET /orders/00000005 200 status=PAID
2026-06-28 06:46:32 INFO ai.octoco.legacyservice.App GET /orders 200 count=10
2026-06-28 06:49:23 INFO ai.octoco.legacyservice.App GET /orders/00000029 200 status=SHIPPED
2026-06-28 06:56:09 INFO ai.octoco.legacyservice.App GET /orders/00000027 200 status=CANCELLED
2026-06-28 06:58:37 WARNING ai.octoco.legacyservice.Orders rejected order: discount_pct out of range
2026-06-28 06:58:37 INFO ai.octoco.legacyservice.App POST /orders 400 error="discount_pct out of range"
2026-06-28 07:06:06 WARNING ai.octoco.legacyservice.Orders rejected order: customer is required
2026-06-28 07:06:06 INFO ai.octoco.legacyservice.App POST /orders 400 error="customer is required"
DEBUG: POST /orders payload={customer=Wayne Retail, items=[{sku=SKU-0004, qty=2, unitPrice=8.8}, {sku=SKU-0002, qty=1, unitPrice=4.95}]}
2026-06-28 07:06:24 INFO ai.octoco.legacyservice.Orders order 00000044 created customer=Wayne Retail items=2 total=22.55
created order 00000044 total=22.55
2026-06-28 07:06:24 INFO ai.octoco.legacyservice.App POST /orders 201 id=00000044 total=22.55
2026-06-28 07:06:57 INFO ai.octoco.legacyservice.App GET /orders/00000016 200 status=NEW
DEBUG: POST /orders payload={customer=Hooli, items=[{sku=SKU-0006, qty=1, unitPrice=8.8}]}
2026-06-28 07:08:15 INFO ai.octoco.legacyservice.Orders order 00000045 created customer=Hooli items=1 total=8.80
created order 00000045 total=8.8
2026-06-28 07:08:15 INFO ai.octoco.legacyservice.App POST /orders 201 id=00000045 total=8.80
2026-06-28 07:08:31 INFO ai.octoco.legacyservice.App GET /orders/00000017 200 status=CANCELLED
2026-06-28 07:09:10 INFO ai.octoco.legacyservice.App GET /report 200 date=2026-06-28 orders=11 total=848.65
2026-06-28 07:09:52 INFO ai.octoco.legacyservice.App GET /orders/00000019 200 status=CANCELLED
2026-06-28 07:10:13 INFO ai.octoco.legacyservice.App GET /report 200 date=2026-06-28 orders=12 total=544.76
2026-06-28 07:10:39 INFO ai.octoco.legacyservice.App GET /orders 200 count=1
2026-06-28 07:11:55 WARNING ai.octoco.legacyservice.Orders rejected order: discount_pct out of range
2026-06-28 07:11:55 INFO ai.octoco.legacyservice.App POST /orders 400 error="discount_pct out of range"
DEBUG: POST /orders payload={customer=Hooli, items=[{sku=SKU-0003, qty=4, unitPrice=7.25}]}
2026-06-28 07:12:24 INFO ai.octoco.legacyservice.Orders order 00000046 created customer=Hooli items=1 total=29.00
created order 00000046 total=29.0
2026-06-28 07:12:24 INFO ai.octoco.legacyservice.App POST /orders 201 id=00000046 total=29.00
2026-06-28 07:13:35 INFO ai.octoco.legacyservice.App GET /orders/00000033 200 status=SHIPPED
2026-06-28 07:14:18 INFO ai.octoco.legacyservice.App GET /orders/00000003 200 status=SHIPPED
2026-06-28 07:15:02 INFO ai.octoco.legacyservice.App GET /orders/00000015 200 status=CANCELLED
2026-06-28 07:16:21 INFO ai.octoco.legacyservice.App GET /orders/00000027 200 status=NEW
2026-06-28 07:17:02 INFO ai.octoco.legacyservice.App GET /orders/00000039 200 status=NEW
2026-06-28 07:18:27 INFO ai.octoco.legacyservice.App GET /orders/00000044 200 status=SHIPPED
2026-06-28 07:18:46 INFO ai.octoco.legacyservice.App GET /orders/00000023 404
2026-06-28 07:19:20 INFO ai.octoco.legacyservice.App GET /report 200 date=2026-06-28 orders=13 total=796.00
2026-06-28 07:20:13 WARNING ai.octoco.legacyservice.Orders rejected order: discount_pct out of range
2026-06-28 07:20:13 INFO ai.octoco.legacyservice.App POST /orders 400 error="discount_pct out of range"
2026-06-28 07:21:21 INFO ai.octoco.legacyservice.App GET /orders/00000034 200 status=SHIPPED
2026-06-28 07:22:45 WARNING ai.octoco.legacyservice.Orders rejected order: at least one item is required
2026-06-28 07:22:45 INFO ai.octoco.legacyservice.App POST /orders 400 error="at least one item is required"
DEBUG: POST /orders payload={customer=Soylent Foods, items=[{sku=SKU-0007, qty=4, unitPrice=12.5}, {sku=SKU-0004, qty=3, unitPrice=8.8}, {sku=SKU-0005, qty=1, unitPrice=7.25}]}
2026-06-28 07:24:02 INFO ai.octoco.legacyservice.Orders order 00000047 created customer=Soylent Foods items=3 total=83.65
created order 00000047 total=83.65
2026-06-28 07:24:02 INFO ai.octoco.legacyservice.App POST /orders 201 id=00000047 total=83.65
2026-06-28 07:24:31 INFO ai.octoco.legacyservice.App GET /orders/00000042 404
2026-06-28 07:24:52 INFO ai.octoco.legacyservice.App GET /report 200 date=2026-06-28 orders=4 total=1461.41
2026-06-28 07:25:43 INFO ai.octoco.legacyservice.App GET /orders 200 count=41
2026-06-28 07:27:08 WARNING ai.octoco.legacyservice.Orders rejected order: discount_pct out of range
2026-06-28 07:27:08 INFO ai.octoco.legacyservice.App POST /orders 400 error="discount_pct out of range"
DEBUG: POST /orders payload={customer=Stark Supplies, items=[{sku=SKU-0005, qty=3, unitPrice=8.8}, {sku=SKU-0003, qty=4, unitPrice=19.99}]}
2026-06-28 07:28:35 INFO ai.octoco.legacyservice.Orders order 00000048 created customer=Stark Supplies items=2 total=106.36
created order 00000048 total=106.36
2026-06-28 07:28:35 INFO ai.octoco.legacyservice.App POST /orders 201 id=00000048 total=106.36
DEBUG: POST /orders payload={customer=Stark Supplies, items=[{sku=SKU-0006, qty=4, unitPrice=4.95}, {sku=SKU-0005, qty=1, unitPrice=7.25}, {sku=SKU-0007, qty=4, unitPrice=7.25}]}
2026-06-28 07:29:11 INFO ai.octoco.legacyservice.Orders order 00000049 created customer=Stark Supplies items=3 total=56.05
created order 00000049 total=56.05
2026-06-28 07:29:11 INFO ai.octoco.legacyservice.App POST /orders 201 id=00000049 total=56.05
2026-06-28 07:30:31 INFO ai.octoco.legacyservice.App GET /report 200 date=2026-06-28 orders=5 total=1227.06
2026-06-28 07:31:46 INFO ai.octoco.legacyservice.App GET /orders/00000036 200 status=SHIPPED
2026-06-28 07:32:33 INFO ai.octoco.legacyservice.App GET /orders/00000033 200 status=CANCELLED
DEBUG: POST /orders payload={customer=Vandelay, items=[{sku=SKU-0005, qty=2, unitPrice=4.95}, {sku=SKU-0005, qty=3, unitPrice=7.25}]}
2026-06-28 07:33:15 INFO ai.octoco.legacyservice.Orders order 00000050 created customer=Vandelay items=2 total=31.65
created order 00000050 total=31.65
2026-06-28 07:33:15 INFO ai.octoco.legacyservice.App POST /orders 201 id=00000050 total=31.65
2026-06-28 07:34:43 WARNING ai.octoco.legacyservice.Orders rejected order: customer is required
2026-06-28 07:34:43 INFO ai.octoco.legacyservice.App POST /orders 400 error="customer is required"
2026-06-28 07:35:25 INFO ai.octoco.legacyservice.App GET /orders/00000032 200 status=NEW
2026-06-28 07:36:13 INFO ai.octoco.legacyservice.App GET /orders/00000009 200 status=SHIPPED
2026-06-28 07:36:28 INFO ai.octoco.legacyservice.App GET /orders/00000019 200 status=NEW
DEBUG: POST /orders payload={customer=Soylent Foods, items=[{sku=SKU-0004, qty=3, unitPrice=8.8}, {sku=SKU-0009, qty=4, unitPrice=8.8}]}
2026-06-28 07:37:00 INFO ai.octoco.legacyservice.Orders order 00000051 created customer=Soylent Foods items=2 total=61.60
created order 00000051 total=61.6
2026-06-28 07:37:00 INFO ai.octoco.legacyservice.App POST /orders 201 id=00000051 total=61.60
2026-06-28 07:38:17 INFO ai.octoco.legacyservice.App GET /orders 200 count=5
2026-06-28 07:39:24 INFO ai.octoco.legacyservice.App GET /orders/00000021 200 status=PAID
2026-06-28 07:40:28 INFO ai.octoco.legacyservice.App GET /orders/00000026 200 status=NEW
2026-06-28 07:40:43 INFO ai.octoco.legacyservice.App GET /orders/00000048 200 status=NEW
2026-06-28 07:41:13 INFO ai.octoco.legacyservice.App GET /orders 200 count=30
2026-06-28 07:42:20 INFO ai.octoco.legacyservice.App GET /orders/00000034 200 status=SHIPPED
2026-06-28 07:43:37 WARNING ai.octoco.legacyservice.Orders rejected order: customer is required
2026-06-28 07:43:37 INFO ai.octoco.legacyservice.App POST /orders 400 error="customer is required"
2026-06-28 07:44:00 INFO ai.octoco.legacyservice.App GET /orders/00000034 200 status=NEW
2026-06-28 07:45:01 INFO ai.octoco.legacyservice.App GET /orders 200 count=31
2026-06-28 07:46:26 INFO ai.octoco.legacyservice.App GET /orders 200 count=30
2026-06-28 07:47:43 INFO ai.octoco.legacyservice.App GET /orders/00000009 200 status=SHIPPED
2026-06-28 07:48:26 INFO ai.octoco.legacyservice.App GET /orders 200 count=15
2026-06-28 07:49:23 INFO ai.octoco.legacyservice.App GET /report 200 date=2026-06-28 orders=6 total=1388.62
2026-06-28 07:50:07 INFO ai.octoco.legacyservice.App GET /report 200 date=2026-06-28 orders=12 total=1542.38
2026-06-28 07:51:33 INFO ai.octoco.legacyservice.App GET /orders/00000020 200 status=CANCELLED
DEBUG: POST /orders payload={customer=Northwind Traders, items=[{sku=SKU-0008, qty=1, unitPrice=19.99}, {sku=SKU-0005, qty=3, unitPrice=19.99}, {sku=SKU-0007, qty=2, unitPrice=19.99}]}
2026-06-28 07:52:17 INFO ai.octoco.legacyservice.Orders order 00000052 created customer=Northwind Traders items=3 total=119.94
created order 00000052 total=119.94
2026-06-28 07:52:17 INFO ai.octoco.legacyservice.App POST /orders 201 id=00000052 total=119.94
2026-06-28 07:52:39 INFO ai.octoco.legacyservice.App GET /orders 200 count=9
2026-06-28 07:53:22 INFO ai.octoco.legacyservice.App GET /orders/00000032 200 status=PAID
2026-06-28 07:54:31 INFO ai.octoco.legacyservice.App GET /orders/00000040 200 status=SHIPPED
DEBUG: POST /orders payload={customer=Soylent Foods, items=[{sku=SKU-0001, qty=2, unitPrice=8.8}, {sku=SKU-0005, qty=2, unitPrice=4.95}, {sku=SKU-0006, qty=1, unitPrice=4.95}]}
2026-06-28 07:54:52 INFO ai.octoco.legacyservice.Orders order 00000053 created customer=Soylent Foods items=3 total=32.45
created order 00000053 total=32.45
2026-06-28 07:54:52 INFO ai.octoco.legacyservice.App POST /orders 201 id=00000053 total=32.45
2026-06-28 07:55:35 INFO ai.octoco.legacyservice.App GET /orders/00000048 200 status=SHIPPED
2026-06-28 07:57:02 INFO ai.octoco.legacyservice.App GET /orders 200 count=5
2026-06-28 07:58:15 INFO ai.octoco.legacyservice.App GET /orders 200 count=24
DEBUG: POST /orders payload={customer=Hooli, items=[{sku=SKU-0001, qty=2, unitPrice=8.8}, {sku=SKU-0002, qty=2, unitPrice=12.5}]}
2026-06-28 07:59:18 INFO ai.octoco.legacyservice.Orders order 00000054 created customer=Hooli items=2 total=42.60
created order 00000054 total=42.6
2026-06-28 07:59:18 INFO ai.octoco.legacyservice.App POST /orders 201 id=00000054 total=42.60
2026-06-28 08:00:06 INFO ai.octoco.legacyservice.App GET /orders/00000042 200 status=CANCELLED
2026-06-28 08:01:06 INFO ai.octoco.legacyservice.App GET /orders/00000041 200 status=PAID
DEBUG: POST /orders payload={customer=Northwind Traders, items=[{sku=SKU-0008, qty=3, unitPrice=19.99}, {sku=SKU-0001, qty=2, unitPrice=19.99}, {sku=SKU-0006, qty=4, unitPrice=4.95}]}
2026-06-28 08:01:52 INFO ai.octoco.legacyservice.Orders order 00000055 created customer=Northwind Traders items=3 total=119.75
created order 00000055 total=119.75
2026-06-28 08:01:52 INFO ai.octoco.legacyservice.App POST /orders 201 id=00000055 total=119.75
2026-06-28 08:02:29 INFO ai.octoco.legacyservice.App GET /orders/00000017 200 status=NEW
2026-06-28 08:03:00 INFO ai.octoco.legacyservice.App GET /report 200 date=2026-06-28 orders=9 total=581.34
2026-06-28 08:04:16 INFO ai.octoco.legacyservice.App GET /report 200 date=2026-06-28 orders=11 total=811.99
2026-06-28 08:05:18 INFO ai.octoco.legacyservice.App GET /orders/00000018 200 status=SHIPPED
2026-06-28 08:06:04 INFO ai.octoco.legacyservice.App GET /orders/00000003 200 status=NEW
2026-06-28 08:06:38 INFO ai.octoco.legacyservice.App GET /orders 200 count=41
2026-06-28 08:07:36 INFO ai.octoco.legacyservice.App GET /orders/00000036 200 status=NEW
2026-06-28 08:08:15 INFO ai.octoco.legacyservice.App GET /orders 200 count=11
2026-06-28 08:09:18 INFO ai.octoco.legacyservice.App GET /orders/00000027 200 status=PAID
2026-06-28 08:10:25 INFO ai.octoco.legacyservice.App GET /orders/00000033 200 status=SHIPPED
2026-06-28 08:11:51 INFO ai.octoco.legacyservice.App GET /orders 200 count=43
DEBUG: POST /orders payload={customer=Globex, items=[{sku=SKU-0001, qty=4, unitPrice=4.95}, {sku=SKU-0002, qty=4, unitPrice=8.8}]}
2026-06-28 08:13:14 INFO ai.octoco.legacyservice.Orders order 00000056 created customer=Globex items=2 total=55.00
created order 00000056 total=55.0
2026-06-28 08:13:14 INFO ai.octoco.legacyservice.App POST /orders 201 id=00000056 total=55.00
2026-06-28 08:14:13 INFO ai.octoco.legacyservice.App GET /orders/00000025 404
2026-06-28 08:14:48 INFO ai.octoco.legacyservice.App GET /orders/00000037 200 status=CANCELLED
2026-06-28 08:16:15 INFO ai.octoco.legacyservice.App GET /orders/00000010 200 status=NEW
DEBUG: POST /orders payload={customer=Wayne Retail, items=[{sku=SKU-0008, qty=3, unitPrice=19.99}]}
2026-06-28 08:17:41 INFO ai.octoco.legacyservice.Orders order 00000057 created customer=Wayne Retail items=1 total=59.97
created order 00000057 total=59.97
2026-06-28 08:17:41 INFO ai.octoco.legacyservice.App POST /orders 201 id=00000057 total=59.97
2026-06-28 08:18:10 WARNING ai.octoco.legacyservice.Orders rejected order: customer is required
2026-06-28 08:18:10 INFO ai.octoco.legacyservice.App POST /orders 400 error="customer is required"
2026-06-28 08:18:29 INFO ai.octoco.legacyservice.App GET /orders/00000037 200 status=CANCELLED
2026-06-28 08:19:26 INFO ai.octoco.legacyservice.App GET /orders/00000035 200 status=CANCELLED
2026-06-28 08:20:55 INFO ai.octoco.legacyservice.App GET /orders/00000048 404
DEBUG: POST /orders payload={customer=Acme Ltd, items=[{sku=SKU-0009, qty=3, unitPrice=12.5}, {sku=SKU-0005, qty=3, unitPrice=8.8}, {sku=SKU-0003, qty=4, unitPrice=8.8}]}
2026-06-28 08:21:54 INFO ai.octoco.legacyservice.Orders order 00000058 created customer=Acme Ltd items=3 total=99.10
created order 00000058 total=99.1
2026-06-28 08:21:54 INFO ai.octoco.legacyservice.App POST /orders 201 id=00000058 total=99.10
2026-06-28 08:22:52 INFO ai.octoco.legacyservice.App GET /orders/00000034 200 status=PAID
DEBUG: POST /orders payload={customer=Globex, items=[{sku=SKU-0005, qty=1, unitPrice=12.5}]}
2026-06-28 08:23:56 INFO ai.octoco.legacyservice.Orders order 00000059 created customer=Globex items=1 total=12.50
created order 00000059 total=12.5
2026-06-28 08:23:56 INFO ai.octoco.legacyservice.App POST /orders 201 id=00000059 total=12.50
DEBUG: POST /orders payload={customer=Hooli, items=[{sku=SKU-0009, qty=2, unitPrice=8.8}]}
2026-06-28 08:24:43 INFO ai.octoco.legacyservice.Orders order 00000060 created customer=Hooli items=1 total=17.60
created order 00000060 total=17.6
2026-06-28 08:24:43 INFO ai.octoco.legacyservice.App POST /orders 201 id=00000060 total=17.60
DEBUG: POST /orders payload={customer=Vandelay, items=[{sku=SKU-0003, qty=3, unitPrice=19.99}, {sku=SKU-0009, qty=3, unitPrice=8.8}]}
2026-06-28 08:25:55 INFO ai.octoco.legacyservice.Orders order 00000061 created customer=Vandelay items=2 total=86.37
created order 00000061 total=86.37
2026-06-28 08:25:55 INFO ai.octoco.legacyservice.App POST /orders 201 id=00000061 total=86.37
2026-06-28 08:26:24 INFO ai.octoco.legacyservice.App GET /orders 200 count=24
2026-06-28 08:27:30 INFO ai.octoco.legacyservice.App GET /orders/00000057 200 status=CANCELLED
2026-06-28 08:28:58 INFO ai.octoco.legacyservice.App GET /orders 200 count=39
DEBUG: POST /orders payload={customer=Initech, items=[{sku=SKU-0006, qty=4, unitPrice=4.95}]}
2026-06-28 08:29:23 INFO ai.octoco.legacyservice.Orders order 00000062 created customer=Initech items=1 total=19.80
created order 00000062 total=19.8
2026-06-28 08:29:23 INFO ai.octoco.legacyservice.App POST /orders 201 id=00000062 total=19.80
2026-06-28 08:30:27 INFO ai.octoco.legacyservice.App GET /orders/00000015 200 status=CANCELLED
2026-06-28 08:31:46 INFO ai.octoco.legacyservice.App GET /orders 200 count=1
2026-06-28 08:32:16 INFO ai.octoco.legacyservice.App GET /orders/00000014 200 status=NEW
2026-06-28 08:32:40 INFO ai.octoco.legacyservice.App GET /orders/00000002 200 status=PAID
2026-06-28 08:33:53 INFO ai.octoco.legacyservice.App GET /orders 200 count=30
DEBUG: POST /orders payload={customer=Acme Ltd, items=[{sku=SKU-0006, qty=1, unitPrice=8.8}, {sku=SKU-0004, qty=4, unitPrice=7.25}, {sku=SKU-0008, qty=2, unitPrice=12.5}]}
2026-06-28 08:34:24 INFO ai.octoco.legacyservice.Orders order 00000063 created customer=Acme Ltd items=3 total=62.80
created order 00000063 total=62.8
2026-06-28 08:34:24 INFO ai.octoco.legacyservice.App POST /orders 201 id=00000063 total=62.80
2026-06-28 08:35:26 INFO ai.octoco.legacyservice.App GET /orders/00000055 200 status=CANCELLED
2026-06-28 08:36:05 INFO ai.octoco.legacyservice.App GET /report 200 date=2026-06-28 orders=10 total=509.40
DEBUG: POST /orders payload={customer=Stark Supplies, items=[{sku=SKU-0009, qty=3, unitPrice=4.95}]}
2026-06-28 08:37:14 INFO ai.octoco.legacyservice.Orders order 00000064 created customer=Stark Supplies items=1 total=14.85
created order 00000064 total=14.85
2026-06-28 08:37:14 INFO ai.octoco.legacyservice.App POST /orders 201 id=00000064 total=14.85
2026-06-28 08:38:19 INFO ai.octoco.legacyservice.App GET /orders 200 count=38
2026-06-28 08:39:47 INFO ai.octoco.legacyservice.App GET /orders/00000033 200 status=NEW
2026-06-28 08:40:59 WARNING ai.octoco.legacyservice.Orders rejected order: at least one item is required
2026-06-28 08:40:59 INFO ai.octoco.legacyservice.App POST /orders 400 error="at least one item is required"
DEBUG: POST /orders payload={customer=Northwind Traders, items=[{sku=SKU-0006, qty=1, unitPrice=12.5}, {sku=SKU-0002, qty=3, unitPrice=8.8}, {sku=SKU-0008, qty=4, unitPrice=19.99}]}
2026-06-28 08:41:21 INFO ai.octoco.legacyservice.Orders order 00000065 created customer=Northwind Traders items=3 total=118.86
created order 00000065 total=118.86
2026-06-28 08:41:21 INFO ai.octoco.legacyservice.App POST /orders 201 id=00000065 total=118.86
2026-06-28 08:41:53 INFO ai.octoco.legacyservice.App GET /orders/00000027 200 status=CANCELLED
2026-06-28 08:43:02 INFO ai.octoco.legacyservice.App GET /orders/00000047 200 status=CANCELLED
2026-06-28 08:43:31 INFO ai.octoco.legacyservice.App GET /orders/00000008 200 status=CANCELLED
DEBUG: POST /orders payload={customer=Umbrella Co, items=[{sku=SKU-0004, qty=4, unitPrice=8.8}, {sku=SKU-0005, qty=1, unitPrice=19.99}]}
2026-06-28 08:44:38 INFO ai.octoco.legacyservice.Orders order 00000066 created customer=Umbrella Co items=2 total=55.19
created order 00000066 total=55.19
2026-06-28 08:44:38 INFO ai.octoco.legacyservice.App POST /orders 201 id=00000066 total=55.19
2026-06-28 08:45:51 INFO ai.octoco.legacyservice.App GET /orders 200 count=30
2026-06-28 08:47:12 INFO ai.octoco.legacyservice.App GET /report 200 date=2026-06-28 orders=9 total=810.39
2026-06-28 08:47:33 INFO ai.octoco.legacyservice.App GET /orders 200 count=33
2026-06-28 08:48:50 INFO ai.octoco.legacyservice.App GET /orders/00000025 200 status=PAID
DEBUG: POST /orders payload={customer=Globex, items=[{sku=SKU-0007, qty=4, unitPrice=19.99}, {sku=SKU-0004, qty=3, unitPrice=12.5}]}
2026-06-28 08:49:18 INFO ai.octoco.legacyservice.Orders order 00000067 created customer=Globex items=2 total=117.46
created order 00000067 total=117.46
2026-06-28 08:49:18 INFO ai.octoco.legacyservice.App POST /orders 201 id=00000067 total=117.46
2026-06-28 08:50:07 INFO ai.octoco.legacyservice.App GET /orders/00000003 200 status=PAID
2026-06-28 08:50:53 INFO ai.octoco.legacyservice.App GET /orders/00000055 200 status=PAID
2026-06-28 08:51:37 INFO ai.octoco.legacyservice.App GET /report 200 date=2026-06-28 orders=4 total=1403.70
2026-06-28 08:52:37 INFO ai.octoco.legacyservice.App GET /orders/00000016 200 status=SHIPPED
2026-06-28 08:53:26 INFO ai.octoco.legacyservice.App GET /orders/00000058 404
2026-06-28 08:54:14 INFO ai.octoco.legacyservice.App GET /orders/00000064 404
2026-06-28 08:54:59 INFO ai.octoco.legacyservice.App GET /orders/00000010 200 status=NEW
2026-06-28 08:55:49 INFO ai.octoco.legacyservice.App GET /orders 200 count=26
DEBUG: POST /orders payload={customer=Umbrella Co, items=[{sku=SKU-0006, qty=2, unitPrice=8.8}, {sku=SKU-0005, qty=1, unitPrice=19.99}]}
2026-06-28 08:56:42 INFO ai.octoco.legacyservice.Orders order 00000068 created customer=Umbrella Co items=2 total=37.59
created order 00000068 total=37.59
2026-06-28 08:56:42 INFO ai.octoco.legacyservice.App POST /orders 201 id=00000068 total=37.59
2026-06-28 08:57:50 INFO ai.octoco.legacyservice.App GET /orders/00000028 200 status=CANCELLED
2026-06-28 08:59:02 INFO ai.octoco.legacyservice.App GET /orders/00000032 200 status=CANCELLED
2026-06-28 08:59:39 INFO ai.octoco.legacyservice.App GET /report 200 date=2026-06-28 orders=6 total=1119.04
2026-06-28 09:00:10 INFO ai.octoco.legacyservice.App GET /report 200 date=2026-06-28 orders=7 total=642.03
DEBUG: POST /orders payload={customer=Wayne Retail, items=[{sku=SKU-0002, qty=4, unitPrice=12.5}]}
2026-06-28 09:00:34 INFO ai.octoco.legacyservice.Orders order 00000069 created customer=Wayne Retail items=1 total=50.00
created order 00000069 total=50.0
2026-06-28 09:00:34 INFO ai.octoco.legacyservice.App POST /orders 201 id=00000069 total=50.00
DEBUG: POST /orders payload={customer=Initech, items=[{sku=SKU-0009, qty=2, unitPrice=12.5}]}
2026-06-28 09:01:36 INFO ai.octoco.legacyservice.Orders order 00000070 created customer=Initech items=1 total=25.00
created order 00000070 total=25.0
2026-06-28 09:01:36 INFO ai.octoco.legacyservice.App POST /orders 201 id=00000070 total=25.00
2026-06-28 09:02:22 INFO ai.octoco.legacyservice.App GET /orders/00000048 200 status=NEW
DEBUG: POST /orders payload={customer=Acme Ltd, items=[{sku=SKU-0009, qty=4, unitPrice=7.25}, {sku=SKU-0003, qty=1, unitPrice=8.8}, {sku=SKU-0006, qty=3, unitPrice=19.99}]}
2026-06-28 09:02:55 INFO ai.octoco.legacyservice.Orders order 00000071 created customer=Acme Ltd items=3 total=97.77
created order 00000071 total=97.77
2026-06-28 09:02:55 INFO ai.octoco.legacyservice.App POST /orders 201 id=00000071 total=97.77
2026-06-28 09:03:40 INFO ai.octoco.legacyservice.App GET /orders/00000019 200 status=SHIPPED
2026-06-28 09:04:42 INFO ai.octoco.legacyservice.App GET /orders/00000049 200 status=CANCELLED
DEBUG: POST /orders payload={customer=Northwind Traders, items=[{sku=SKU-0009, qty=1, unitPrice=12.5}, {sku=SKU-0003, qty=4, unitPrice=19.99}, {sku=SKU-0004, qty=4, unitPrice=12.5}]}
2026-06-28 09:05:54 INFO ai.octoco.legacyservice.Orders order 00000072 created customer=Northwind Traders items=3 total=142.46
created order 00000072 total=142.46
2026-06-28 09:05:54 INFO ai.octoco.legacyservice.App POST /orders 201 id=00000072 total=142.46
2026-06-28 09:06:15 INFO ai.octoco.legacyservice.App GET /orders/00000053 200 status=SHIPPED
DEBUG: POST /orders payload={customer=Vandelay, items=[{sku=SKU-0009, qty=1, unitPrice=8.8}, {sku=SKU-0002, qty=1, unitPrice=8.8}]}
2026-06-28 09:06:36 INFO ai.octoco.legacyservice.Orders order 00000073 created customer=Vandelay items=2 total=17.60
created order 00000073 total=17.6
2026-06-28 09:06:36 INFO ai.octoco.legacyservice.App POST /orders 201 id=00000073 total=17.60
2026-06-28 09:07:47 INFO ai.octoco.legacyservice.App GET /orders/00000017 200 status=PAID
DEBUG: POST /orders payload={customer=Globex, items=[{sku=SKU-0005, qty=3, unitPrice=8.8}, {sku=SKU-0001, qty=4, unitPrice=12.5}, {sku=SKU-0001, qty=3, unitPrice=19.99}]}
2026-06-28 09:08:40 INFO ai.octoco.legacyservice.Orders order 00000074 created customer=Globex items=3 total=136.37
created order 00000074 total=136.37
2026-06-28 09:08:40 INFO ai.octoco.legacyservice.App POST /orders 201 id=00000074 total=136.37
2026-06-28 09:09:45 INFO ai.octoco.legacyservice.App GET /orders/00000060 200 status=PAID
2026-06-28 09:10:09 INFO ai.octoco.legacyservice.App GET /orders/00000058 200 status=CANCELLED
2026-06-28 09:11:35 INFO ai.octoco.legacyservice.App GET /orders/00000009 404
2026-06-28 09:12:04 INFO ai.octoco.legacyservice.App GET /report 200 date=2026-06-28 orders=11 total=974.22
2026-06-28 09:13:09 INFO ai.octoco.legacyservice.App GET /orders/00000056 200 status=PAID
2026-06-28 09:14:30 INFO ai.octoco.legacyservice.App GET /orders/00000059 200 status=CANCELLED
2026-06-28 09:14:52 WARNING ai.octoco.legacyservice.Orders rejected order: at least one item is required
2026-06-28 09:14:52 INFO ai.octoco.legacyservice.App POST /orders 400 error="at least one item is required"
2026-06-28 09:15:08 INFO ai.octoco.legacyservice.App GET /orders/00000064 200 status=CANCELLED
2026-06-28 09:15:56 WARNING ai.octoco.legacyservice.Orders rejected order: discount_pct out of range
2026-06-28 09:15:56 INFO ai.octoco.legacyservice.App POST /orders 400 error="discount_pct out of range"
2026-06-28 09:17:04 INFO ai.octoco.legacyservice.App GET /orders/00000023 200 status=NEW
2026-06-28 09:18:12 INFO ai.octoco.legacyservice.App GET /orders 200 count=47
DEBUG: POST /orders payload={customer=Stark Supplies, items=[{sku=SKU-0009, qty=3, unitPrice=7.25}, {sku=SKU-0008, qty=2, unitPrice=4.95}]}
2026-06-28 09:18:48 INFO ai.octoco.legacyservice.Orders order 00000075 created customer=Stark Supplies items=2 total=31.65
created order 00000075 total=31.65
2026-06-28 09:18:48 INFO ai.octoco.legacyservice.App POST /orders 201 id=00000075 total=31.65
2026-06-28 09:19:55 WARNING ai.octoco.legacyservice.Orders rejected order: customer is required
2026-06-28 09:19:55 INFO ai.octoco.legacyservice.App POST /orders 400 error="customer is required"
2026-06-28 09:20:12 INFO ai.octoco.legacyservice.App GET /orders 200 count=49
2026-06-28 09:20:55 INFO ai.octoco.legacyservice.App GET /orders 200 count=33
DEBUG: POST /orders payload={customer=Stark Supplies, items=[{sku=SKU-0007, qty=4, unitPrice=7.25}, {sku=SKU-0006, qty=3, unitPrice=8.8}]}
2026-06-28 09:21:45 INFO ai.octoco.legacyservice.Orders order 00000076 created customer=Stark Supplies items=2 total=55.40
created order 00000076 total=55.4
2026-06-28 09:21:45 INFO ai.octoco.legacyservice.App POST /orders 201 id=00000076 total=55.40
2026-06-28 09:22:44 INFO ai.octoco.legacyservice.App GET /orders 200 count=33
2026-06-28 09:23:21 INFO ai.octoco.legacyservice.App GET /orders/00000054 200 status=CANCELLED
2026-06-28 09:23:52 INFO ai.octoco.legacyservice.App GET /report 200 date=2026-06-28 orders=6 total=1218.48
2026-06-28 09:24:15 INFO ai.octoco.legacyservice.App GET /orders/00000018 200 status=CANCELLED
DEBUG: POST /orders payload={customer=Globex, items=[{sku=SKU-0009, qty=2, unitPrice=12.5}, {sku=SKU-0005, qty=1, unitPrice=7.25}, {sku=SKU-0002, qty=3, unitPrice=19.99}]}
2026-06-28 09:25:05 INFO ai.octoco.legacyservice.Orders order 00000077 created customer=Globex items=3 total=92.22
created order 00000077 total=92.22
2026-06-28 09:25:05 INFO ai.octoco.legacyservice.App POST /orders 201 id=00000077 total=92.22
2026-06-28 09:25:55 INFO ai.octoco.legacyservice.App GET /orders/00000018 200 status=PAID
DEBUG: POST /orders payload={customer=Hooli, items=[{sku=SKU-0002, qty=4, unitPrice=4.95}]}
2026-06-28 09:26:49 INFO ai.octoco.legacyservice.Orders order 00000078 created customer=Hooli items=1 total=19.80
created order 00000078 total=19.8
2026-06-28 09:26:49 INFO ai.octoco.legacyservice.App POST /orders 201 id=00000078 total=19.80
DEBUG: POST /orders payload={customer=Vandelay, items=[{sku=SKU-0008, qty=2, unitPrice=19.99}, {sku=SKU-0004, qty=4, unitPrice=4.95}]}
2026-06-28 09:27:14 INFO ai.octoco.legacyservice.Orders order 00000079 created customer=Vandelay items=2 total=59.78
created order 00000079 total=59.78
2026-06-28 09:27:14 INFO ai.octoco.legacyservice.App POST /orders 201 id=00000079 total=59.78
2026-06-28 09:27:52 INFO ai.octoco.legacyservice.App GET /orders/00000030 200 status=CANCELLED
2026-06-28 09:28:39 INFO ai.octoco.legacyservice.App GET /report 200 date=2026-06-28 orders=11 total=603.51
2026-06-28 09:29:17 INFO ai.octoco.legacyservice.App GET /orders 200 count=28
DEBUG: POST /orders payload={customer=Globex, items=[{sku=SKU-0005, qty=4, unitPrice=12.5}]}
2026-06-28 09:30:37 INFO ai.octoco.legacyservice.Orders order 00000080 created customer=Globex items=1 total=50.00
created order 00000080 total=50.0
2026-06-28 09:30:37 INFO ai.octoco.legacyservice.App POST /orders 201 id=00000080 total=50.00
2026-06-28 09:31:03 INFO ai.octoco.legacyservice.App GET /orders 200 count=42
2026-06-28 09:31:23 INFO ai.octoco.legacyservice.App GET /orders/00000053 200 status=CANCELLED
2026-06-28 09:31:43 INFO ai.octoco.legacyservice.App GET /orders/00000047 200 status=CANCELLED
2026-06-28 09:32:30 WARNING ai.octoco.legacyservice.Orders rejected order: customer is required
2026-06-28 09:32:30 INFO ai.octoco.legacyservice.App POST /orders 400 error="customer is required"
2026-06-28 09:33:42 INFO ai.octoco.legacyservice.App GET /report 200 date=2026-06-28 orders=14 total=1272.05
2026-06-28 09:34:42 INFO ai.octoco.legacyservice.App GET /orders/00000041 200 status=SHIPPED
2026-06-28 09:35:29 INFO ai.octoco.legacyservice.App GET /report 200 date=2026-06-28 orders=4 total=542.04
2026-06-28 09:36:10 INFO ai.octoco.legacyservice.App GET /orders/00000036 200 status=CANCELLED
2026-06-28 09:37:25 INFO ai.octoco.legacyservice.App GET /orders/00000011 200 status=PAID
2026-06-28 09:38:11 INFO ai.octoco.legacyservice.App GET /orders/00000079 200 status=PAID
2026-06-28 09:39:31 INFO ai.octoco.legacyservice.App GET /report 200 date=2026-06-28 orders=6 total=684.80
DEBUG: POST /orders payload={customer=Soylent Foods, items=[{sku=SKU-0009, qty=2, unitPrice=8.8}]}
2026-06-28 09:40:21 INFO ai.octoco.legacyservice.Orders order 00000081 created customer=Soylent Foods items=1 total=17.60
created order 00000081 total=17.6
2026-06-28 09:40:21 INFO ai.octoco.legacyservice.App POST /orders 201 id=00000081 total=17.60
2026-06-28 09:41:30 INFO ai.octoco.legacyservice.App GET /orders/00000041 200 status=PAID
2026-06-28 09:41:52 INFO ai.octoco.legacyservice.App GET /report 200 date=2026-06-28 orders=13 total=1384.29
2026-06-28 09:42:40 WARNING ai.octoco.legacyservice.Orders rejected order: customer is required
2026-06-28 09:42:40 INFO ai.octoco.legacyservice.App POST /orders 400 error="customer is required"
2026-06-28 09:43:21 INFO ai.octoco.legacyservice.App GET /orders 200 count=36
2026-06-28 09:44:40 INFO ai.octoco.legacyservice.App GET /orders/00000036 404
2026-06-28 09:45:24 INFO ai.octoco.legacyservice.App GET /orders/00000078 200 status=NEW
2026-06-28 09:46:15 INFO ai.octoco.legacyservice.App GET /orders 200 count=33
2026-06-28 09:47:15 INFO ai.octoco.legacyservice.App GET /orders/00000053 200 status=CANCELLED
DEBUG: POST /orders payload={customer=Vandelay, items=[{sku=SKU-0003, qty=3, unitPrice=8.8}, {sku=SKU-0002, qty=2, unitPrice=19.99}]}
2026-06-28 09:48:02 INFO ai.octoco.legacyservice.Orders order 00000082 created customer=Vandelay items=2 total=66.38
created order 00000082 total=66.38
2026-06-28 09:48:02 INFO ai.octoco.legacyservice.App POST /orders 201 id=00000082 total=66.38
2026-06-28 09:48:45 INFO ai.octoco.legacyservice.App GET /orders 200 count=49
DEBUG: POST /orders payload={customer=Northwind Traders, items=[{sku=SKU-0002, qty=4, unitPrice=12.5}, {sku=SKU-0003, qty=4, unitPrice=19.99}]}
2026-06-28 09:50:04 INFO ai.octoco.legacyservice.Orders order 00000083 created customer=Northwind Traders items=2 total=129.96
created order 00000083 total=129.96
2026-06-28 09:50:04 INFO ai.octoco.legacyservice.App POST /orders 201 id=00000083 total=129.96
2026-06-28 09:50:50 INFO ai.octoco.legacyservice.App GET /orders/00000073 200 status=NEW
DEBUG: POST /orders payload={customer=Wayne Retail, items=[{sku=SKU-0006, qty=1, unitPrice=7.25}, {sku=SKU-0007, qty=1, unitPrice=4.95}, {sku=SKU-0007, qty=2, unitPrice=12.5}]}
2026-06-28 09:51:23 INFO ai.octoco.legacyservice.Orders order 00000084 created customer=Wayne Retail items=3 total=37.20
created order 00000084 total=37.2
2026-06-28 09:51:23 INFO ai.octoco.legacyservice.App POST /orders 201 id=00000084 total=37.20
2026-06-28 23:50:05 INFO ai.octoco.legacyservice.Reconcile reconcile_day start date=2026-06-28
2026-06-28 23:50:08 WARNING ai.octoco.legacyservice.Reconcile total mismatch order=00000009 stored=32.62 recomputed=32.63 delta=0.01
