db ready at orderbase.db
OrderBase v1.4.2 listening on 0.0.0.0:5057 (debug=True)
2026-06-30 00:03:12 WARNING Monitor daily digest EMPTY for 2026-06-30 (expected>=8), retrying
2026-06-30 00:03:12 INFO LegacyService.App GET /report 200 date=2026-06-30 orders=0 total=0.00
2026-06-30 00:14:03 INFO LegacyService.App GET /orders/00000001 200 status=SHIPPED
2026-06-30 00:19:25 INFO LegacyService.App GET /orders 200 count=36
2026-06-30 00:27:58 INFO LegacyService.App GET /report 200 date=2026-06-30 orders=7 total=1315.19
2026-06-30 00:31:40 INFO LegacyService.App GET /report 200 date=2026-06-30 orders=0 total=0.00
2026-06-30 00:34:02 INFO LegacyService.App GET /orders/00000012 200 status=PAID
DEBUG: POST /orders payload={ Customer = Umbrella Co, Items = [ { sku: 'SKU-0001', qty: 4, unitPrice: 7.25 }, { sku: 'SKU-0009', qty: 3, unitPrice: 12.5 } ] }
2026-06-30 00:41:21 INFO LegacyService.Orders order 00000042 created customer=Umbrella Co items=2 total=66.50
created order 00000042 total=66.5
2026-06-30 00:41:21 INFO LegacyService.App POST /orders 201 id=00000042 total=66.50
2026-06-30 00:46:48 INFO LegacyService.App GET /orders/00000042 200 status=NEW
2026-06-30 00:54:10 INFO LegacyService.App GET /orders 200 count=19
2026-06-30 01:03:12 WARNING LegacyService.Orders rejected order: customer is required
2026-06-30 01:03:12 INFO LegacyService.App POST /orders 400 error="customer is required"
2026-06-30 01:12:44 INFO LegacyService.App GET /orders/00000011 200 status=SHIPPED
2026-06-30 01:17:11 INFO LegacyService.App GET /orders/00000019 404
2026-06-30 01:23:22 INFO LegacyService.App GET /orders 200 count=30
2026-06-30 01:28:59 INFO LegacyService.App GET /orders/00000003 200 status=NEW
2026-06-30 01:38:29 INFO LegacyService.App GET /orders/00000011 200 status=CANCELLED
2026-06-30 01:47:43 INFO LegacyService.App GET /orders/00000028 200 status=CANCELLED
2026-06-30 01:52:33 INFO LegacyService.App GET /orders/00000002 200 status=PAID
2026-06-30 02:01:59 INFO LegacyService.App GET /orders/00000031 200 status=NEW
2026-06-30 02:06:22 INFO LegacyService.App GET /orders 200 count=26
2026-06-30 02:13:18 INFO LegacyService.App GET /orders 200 count=34
2026-06-30 02:23:16 INFO LegacyService.App GET /report 200 date=2026-06-30 orders=8 total=1000.28
2026-06-30 02:25:57 WARNING LegacyService.Orders rejected order: at least one item is required
2026-06-30 02:25:57 INFO LegacyService.App POST /orders 400 error="at least one item is required"
2026-06-30 02:30:49 INFO LegacyService.App GET /orders 200 count=32
DEBUG: POST /orders payload={ Customer = Northwind Traders, Items = [ { sku: 'SKU-0002', qty: 2, unitPrice: 7.25 }, { sku: 'SKU-0005', qty: 4, unitPrice: 4.95 } ] }
2026-06-30 02:38:22 INFO LegacyService.Orders order 00000043 created customer=Northwind Traders items=2 total=34.30
created order 00000043 total=34.3
2026-06-30 02:38:22 INFO LegacyService.App POST /orders 201 id=00000043 total=34.30
2026-06-30 02:40:24 INFO LegacyService.App GET /orders 200 count=8
2026-06-30 02:47:46 INFO LegacyService.App GET /orders/00000013 200 status=NEW
2026-06-30 02:56:21 INFO LegacyService.App GET /orders 200 count=37
2026-06-30 03:03:23 INFO LegacyService.App GET /orders/00000007 200 status=NEW
2026-06-30 03:07:08 INFO LegacyService.App GET /orders/00000031 200 status=SHIPPED
2026-06-30 03:14:31 INFO LegacyService.App GET /orders 200 count=39
2026-06-30 03:18:23 INFO LegacyService.App GET /orders 200 count=30
2026-06-30 03:28:04 WARNING LegacyService.Orders rejected order: discount_pct out of range
2026-06-30 03:28:04 INFO LegacyService.App POST /orders 400 error="discount_pct out of range"
2026-06-30 03:36:06 INFO LegacyService.App GET /orders/00000036 200 status=SHIPPED
DEBUG: POST /orders payload={ Customer = Soylent Foods, Items = [ { sku: 'SKU-0008', qty: 1, unitPrice: 4.95 } ] }
2026-06-30 03:41:49 INFO LegacyService.Orders order 00000044 created customer=Soylent Foods items=1 total=4.95
created order 00000044 total=4.95
2026-06-30 03:41:49 INFO LegacyService.App POST /orders 201 id=00000044 total=4.95
2026-06-30 03:48:07 WARNING LegacyService.Orders rejected order: discount_pct out of range
2026-06-30 03:48:07 INFO LegacyService.App POST /orders 400 error="discount_pct out of range"
2026-06-30 03:50:38 INFO LegacyService.App GET /orders 200 count=49
2026-06-30 03:56:28 WARNING LegacyService.Orders rejected order: customer is required
2026-06-30 03:56:28 INFO LegacyService.App POST /orders 400 error="customer is required"
DEBUG: POST /orders payload={ Customer = Initech, Items = [ { sku: 'SKU-0003', qty: 4, unitPrice: 4.95 }, { sku: 'SKU-0004', qty: 4, unitPrice: 7.25 } ] }
2026-06-30 04:01:52 INFO LegacyService.Orders order 00000045 created customer=Initech items=2 total=48.80
created order 00000045 total=48.8
2026-06-30 04:01:52 INFO LegacyService.App POST /orders 201 id=00000045 total=48.80
2026-06-30 04:09:57 INFO LegacyService.App GET /orders/00000044 200 status=SHIPPED
2026-06-30 04:18:24 WARNING LegacyService.Orders rejected order: at least one item is required
2026-06-30 04:18:24 INFO LegacyService.App POST /orders 400 error="at least one item is required"
2026-06-30 04:23:58 INFO LegacyService.App GET /orders 200 count=23
2026-06-30 04:27:02 INFO LegacyService.App GET /report 200 date=2026-06-30 orders=6 total=943.26
DEBUG: POST /orders payload={ Customer = Hooli, Items = [ { sku: 'SKU-0001', qty: 3, unitPrice: 12.5 } ] }
2026-06-30 04:30:07 INFO LegacyService.Orders order 00000046 created customer=Hooli items=1 total=37.50
created order 00000046 total=37.5
2026-06-30 04:30:07 INFO LegacyService.App POST /orders 201 id=00000046 total=37.50
DEBUG: POST /orders payload={ Customer = Initech, Items = [ { sku: 'SKU-0005', qty: 3, unitPrice: 4.95 } ] }
2026-06-30 04:40:04 INFO LegacyService.Orders order 00000047 created customer=Initech items=1 total=14.85
created order 00000047 total=14.85
2026-06-30 04:40:04 INFO LegacyService.App POST /orders 201 id=00000047 total=14.85
2026-06-30 04:46:02 INFO LegacyService.App GET /orders/00000016 200 status=NEW
2026-06-30 04:51:41 INFO LegacyService.App GET /orders/00000027 200 status=NEW
2026-06-30 04:55:45 INFO LegacyService.App GET /orders 200 count=24
2026-06-30 04:58:01 INFO LegacyService.App GET /orders 200 count=39
2026-06-30 05:02:20 INFO LegacyService.App GET /report 200 date=2026-06-30 orders=5 total=428.17
2026-06-30 05:05:53 INFO LegacyService.App GET /orders/00000026 200 status=CANCELLED
2026-06-30 05:08:19 INFO LegacyService.App GET /orders/00000007 200 status=PAID
2026-06-30 05:14:38 INFO LegacyService.App GET /orders/00000020 200 status=CANCELLED
2026-06-30 05:17:34 INFO LegacyService.App GET /orders/00000043 200 status=SHIPPED
2026-06-30 05:22:37 INFO LegacyService.App GET /orders 200 count=18
2026-06-30 05:30:00 INFO LegacyService.App GET /report 200 date=2026-06-30 orders=10 total=495.67
2026-06-30 05:35:34 INFO LegacyService.App GET /orders 200 count=43
2026-06-30 05:37:52 INFO LegacyService.App GET /orders/00000014 200 status=NEW
DEBUG: POST /orders payload={ Customer = Acme Ltd, Items = [ { sku: 'SKU-0001', qty: 1, unitPrice: 8.8 } ] }
2026-06-30 05:40:52 INFO LegacyService.Orders order 00000048 created customer=Acme Ltd items=1 total=8.80
created order 00000048 total=8.8
2026-06-30 05:40:52 INFO LegacyService.App POST /orders 201 id=00000048 total=8.80
2026-06-30 05:44:50 INFO LegacyService.App GET /report 200 date=2026-06-30 orders=11 total=1477.01
2026-06-30 05:47:07 INFO LegacyService.App GET /orders/00000005 200 status=SHIPPED
2026-06-30 05:52:09 INFO LegacyService.App GET /orders/00000021 200 status=SHIPPED
2026-06-30 05:54:16 INFO LegacyService.App GET /report 200 date=2026-06-30 orders=7 total=784.07
2026-06-30 06:03:31 INFO LegacyService.App GET /report 200 date=2026-06-30 orders=11 total=912.97
2026-06-30 06:08:17 INFO LegacyService.App GET /orders/00000004 200 status=NEW
2026-06-30 06:16:52 INFO LegacyService.App GET /orders/00000002 200 status=SHIPPED
2026-06-30 06:23:26 INFO LegacyService.App GET /orders/00000016 200 status=NEW
2026-06-30 06:25:27 INFO LegacyService.App GET /orders 200 count=43
2026-06-30 06:30:20 INFO LegacyService.App GET /orders/00000009 200 status=NEW
DEBUG: POST /orders payload={ Customer = Umbrella Co, Items = [ { sku: 'SKU-0009', qty: 3, unitPrice: 8.8 } ] }
2026-06-30 06:39:09 INFO LegacyService.Orders order 00000049 created customer=Umbrella Co items=1 total=26.40
created order 00000049 total=26.4
2026-06-30 06:39:09 INFO LegacyService.App POST /orders 201 id=00000049 total=26.40
2026-06-30 06:42:26 INFO LegacyService.App GET /orders/00000014 200 status=SHIPPED
2026-06-30 06:47:25 INFO LegacyService.App GET /report 200 date=2026-06-30 orders=5 total=653.18
2026-06-30 06:51:31 INFO LegacyService.App GET /orders/00000032 200 status=PAID
2026-06-30 07:00:22 INFO LegacyService.App GET /orders/00000016 200 status=CANCELLED
2026-06-30 07:01:03 INFO LegacyService.App GET /report 200 date=2026-06-30 orders=4 total=918.31
2026-06-30 07:02:08 INFO LegacyService.App GET /orders/00000034 200 status=NEW
2026-06-30 07:02:36 INFO LegacyService.App GET /orders 200 count=36
2026-06-30 07:03:18 INFO LegacyService.App GET /orders/00000034 200 status=NEW
2026-06-30 07:03:42 INFO LegacyService.App GET /orders 200 count=49
2026-06-30 07:04:46 INFO LegacyService.App GET /orders/00000021 200 status=NEW
2026-06-30 07:06:10 INFO LegacyService.App GET /orders 200 count=45
2026-06-30 07:07:17 WARNING LegacyService.Orders rejected order: at least one item is required
2026-06-30 07:07:17 INFO LegacyService.App POST /orders 400 error="at least one item is required"
2026-06-30 07:07:46 INFO LegacyService.App GET /orders 200 count=6
2026-06-30 07:08:28 INFO LegacyService.App GET /orders/00000005 200 status=SHIPPED
2026-06-30 07:09:19 INFO LegacyService.App GET /report 200 date=2026-06-30 orders=6 total=1083.77
DEBUG: POST /orders payload={ Customer = Stark Supplies, Items = [ { sku: 'SKU-0003', qty: 1, unitPrice: 8.8 }, { sku: 'SKU-0006', qty: 1, unitPrice: 7.25 }, { sku: 'SKU-0005', qty: 1, unitPrice: 19.99 } ] }
2026-06-30 07:10:44 INFO LegacyService.Orders order 00000050 created customer=Stark Supplies items=3 total=36.04
created order 00000050 total=36.04
2026-06-30 07:10:44 INFO LegacyService.App POST /orders 201 id=00000050 total=36.04
2026-06-30 07:11:32 INFO LegacyService.App GET /orders 200 count=19
DEBUG: POST /orders payload={ Customer = Hooli, Items = [ { sku: 'SKU-0003', qty: 3, unitPrice: 4.95 }, { sku: 'SKU-0002', qty: 1, unitPrice: 8.8 } ] }
2026-06-30 07:12:44 INFO LegacyService.Orders order 00000051 created customer=Hooli items=2 total=23.65
created order 00000051 total=23.65
2026-06-30 07:12:44 INFO LegacyService.App POST /orders 201 id=00000051 total=23.65
2026-06-30 07:13:45 INFO LegacyService.App GET /orders 200 count=19
2026-06-30 07:14:38 INFO LegacyService.App GET /orders/00000008 200 status=SHIPPED
2026-06-30 07:15:30 INFO LegacyService.App GET /report 200 date=2026-06-30 orders=10 total=503.06
DEBUG: POST /orders payload={ Customer = Hooli, Items = [ { sku: 'SKU-0003', qty: 2, unitPrice: 19.99 }, { sku: 'SKU-0009', qty: 1, unitPrice: 7.25 } ] }
2026-06-30 07:16:00 INFO LegacyService.Orders order 00000052 created customer=Hooli items=2 total=47.23
created order 00000052 total=47.23
2026-06-30 07:16:00 INFO LegacyService.App POST /orders 201 id=00000052 total=47.23
2026-06-30 07:17:00 INFO LegacyService.App GET /orders 200 count=44
2026-06-30 07:18:09 INFO LegacyService.App GET /orders/00000041 200 status=NEW
2026-06-30 07:18:52 INFO LegacyService.App GET /orders 200 count=26
2026-06-30 07:19:35 INFO LegacyService.App GET /orders 200 count=22
DEBUG: POST /orders payload={ Customer = Soylent Foods, Items = [ { sku: 'SKU-0007', qty: 3, unitPrice: 8.8 }, { sku: 'SKU-0006', qty: 4, unitPrice: 12.5 } ] }
2026-06-30 07:20:09 INFO LegacyService.Orders order 00000053 created customer=Soylent Foods items=2 total=76.40
created order 00000053 total=76.4
2026-06-30 07:20:09 INFO LegacyService.App POST /orders 201 id=00000053 total=76.40
2026-06-30 07:21:06 INFO LegacyService.App GET /orders/00000034 200 status=PAID
2026-06-30 07:22:32 INFO LegacyService.App GET /orders/00000016 200 status=CANCELLED
2026-06-30 07:23:51 INFO LegacyService.App GET /report 200 date=2026-06-30 orders=11 total=745.30
DEBUG: POST /orders payload={ Customer = Northwind Traders, Items = [ { sku: 'SKU-0005', qty: 1, unitPrice: 7.25 } ] }
2026-06-30 07:24:14 INFO LegacyService.Orders order 00000054 created customer=Northwind Traders items=1 total=7.25
created order 00000054 total=7.25
2026-06-30 07:24:14 INFO LegacyService.App POST /orders 201 id=00000054 total=7.25
2026-06-30 07:25:31 INFO LegacyService.App GET /orders/00000021 200 status=SHIPPED
DEBUG: POST /orders payload={ Customer = Northwind Traders, Items = [ { sku: 'SKU-0007', qty: 4, unitPrice: 7.25 }, { sku: 'SKU-0003', qty: 1, unitPrice: 19.99 } ] }
2026-06-30 07:26:39 INFO LegacyService.Orders order 00000055 created customer=Northwind Traders items=2 total=48.99
created order 00000055 total=48.99
2026-06-30 07:26:39 INFO LegacyService.App POST /orders 201 id=00000055 total=48.99
2026-06-30 07:27:04 INFO LegacyService.App GET /orders 200 count=39
2026-06-30 07:27:52 INFO LegacyService.App GET /orders/00000013 200 status=PAID
2026-06-30 07:28:51 INFO LegacyService.App GET /orders/00000001 200 status=PAID
2026-06-30 07:29:13 INFO LegacyService.App GET /orders/00000037 200 status=SHIPPED
DEBUG: POST /orders payload={ Customer = Wayne Retail, Items = [ { sku: 'SKU-0007', qty: 4, unitPrice: 4.95 } ] }
2026-06-30 07:30:40 INFO LegacyService.Orders order 00000056 created customer=Wayne Retail items=1 total=19.80
created order 00000056 total=19.8
2026-06-30 07:30:40 INFO LegacyService.App POST /orders 201 id=00000056 total=19.80
2026-06-30 07:31:31 INFO LegacyService.App GET /orders/00000012 200 status=CANCELLED
2026-06-30 07:32:03 INFO LegacyService.App GET /orders/00000011 200 status=SHIPPED
2026-06-30 07:33:09 INFO LegacyService.App GET /orders 200 count=1
2026-06-30 07:34:24 INFO LegacyService.App GET /orders 200 count=11
DEBUG: POST /orders payload={ Customer = Soylent Foods, Items = [ { sku: 'SKU-0004', qty: 2, unitPrice: 19.99 }, { sku: 'SKU-0002', qty: 1, unitPrice: 7.25 } ] }
2026-06-30 07:35:41 INFO LegacyService.Orders order 00000057 created customer=Soylent Foods items=2 total=47.23
created order 00000057 total=47.23
2026-06-30 07:35:41 INFO LegacyService.App POST /orders 201 id=00000057 total=47.23
2026-06-30 07:37:08 INFO LegacyService.App GET /orders/00000024 200 status=CANCELLED
2026-06-30 07:38:22 WARNING LegacyService.Orders rejected order: customer is required
2026-06-30 07:38:22 INFO LegacyService.App POST /orders 400 error="customer is required"
2026-06-30 07:39:41 INFO LegacyService.App GET /orders/00000023 200 status=SHIPPED
DEBUG: POST /orders payload={ Customer = Northwind Traders, Items = [ { sku: 'SKU-0006', qty: 3, unitPrice: 19.99 } ] }
2026-06-30 07:40:07 INFO LegacyService.Orders order 00000058 created customer=Northwind Traders items=1 total=59.97
created order 00000058 total=59.97
2026-06-30 07:40:07 INFO LegacyService.App POST /orders 201 id=00000058 total=59.97
2026-06-30 07:40:36 INFO LegacyService.App GET /report 200 date=2026-06-30 orders=9 total=978.30
2026-06-30 07:41:56 INFO LegacyService.App GET /orders 200 count=50
2026-06-30 07:42:26 INFO LegacyService.App GET /report 200 date=2026-06-30 orders=5 total=1599.33
2026-06-30 07:42:43 INFO LegacyService.App GET /orders/00000010 200 status=NEW
DEBUG: POST /orders payload={ Customer = Wayne Retail, Items = [ { sku: 'SKU-0006', qty: 4, unitPrice: 8.8 }, { sku: 'SKU-0003', qty: 4, unitPrice: 7.25 }, { sku: 'SKU-0002', qty: 3, unitPrice: 8.8 } ] }
2026-06-30 07:43:56 INFO LegacyService.Orders order 00000059 created customer=Wayne Retail items=3 total=90.60
created order 00000059 total=90.6
2026-06-30 07:43:56 INFO LegacyService.App POST /orders 201 id=00000059 total=90.60
2026-06-30 07:44:23 INFO LegacyService.App GET /orders/00000031 200 status=CANCELLED
2026-06-30 07:45:20 INFO LegacyService.App GET /orders/00000047 200 status=PAID
DEBUG: POST /orders payload={ Customer = Soylent Foods, Items = [ { sku: 'SKU-0007', qty: 1, unitPrice: 4.95 } ] }
2026-06-30 07:46:07 INFO LegacyService.Orders order 00000060 created customer=Soylent Foods items=1 total=4.95
created order 00000060 total=4.95
2026-06-30 07:46:07 INFO LegacyService.App POST /orders 201 id=00000060 total=4.95
2026-06-30 07:47:31 INFO LegacyService.App GET /orders 200 count=44
2026-06-30 07:48:30 INFO LegacyService.App GET /orders/00000028 200 status=CANCELLED
2026-06-30 07:49:29 INFO LegacyService.App GET /orders/00000058 200 status=SHIPPED
2026-06-30 07:50:02 INFO LegacyService.App GET /orders/00000024 200 status=SHIPPED
2026-06-30 07:50:19 INFO LegacyService.App GET /orders 200 count=31
DEBUG: POST /orders payload={ Customer = Globex, Items = [ { sku: 'SKU-0008', qty: 2, unitPrice: 4.95 } ] }
2026-06-30 07:51:04 INFO LegacyService.Orders order 00000061 created customer=Globex items=1 total=9.90
created order 00000061 total=9.9
2026-06-30 07:51:04 INFO LegacyService.App POST /orders 201 id=00000061 total=9.90
DEBUG: POST /orders payload={ Customer = Umbrella Co, Items = [ { sku: 'SKU-0002', qty: 2, unitPrice: 7.25 } ] }
2026-06-30 07:51:27 INFO LegacyService.Orders order 00000062 created customer=Umbrella Co items=1 total=14.50
created order 00000062 total=14.5
2026-06-30 07:51:27 INFO LegacyService.App POST /orders 201 id=00000062 total=14.50
DEBUG: POST /orders payload={ Customer = Initech, Items = [ { sku: 'SKU-0006', qty: 3, unitPrice: 7.25 }, { sku: 'SKU-0003', qty: 1, unitPrice: 19.99 }, { sku: 'SKU-0006', qty: 1, unitPrice: 4.95 } ] }
2026-06-30 07:52:28 INFO LegacyService.Orders order 00000063 created customer=Initech items=3 total=46.69
created order 00000063 total=46.69
2026-06-30 07:52:28 INFO LegacyService.App POST /orders 201 id=00000063 total=46.69
2026-06-30 07:52:50 INFO LegacyService.App GET /orders/00000032 200 status=SHIPPED
DEBUG: POST /orders payload={ Customer = Stark Supplies, Items = [ { sku: 'SKU-0006', qty: 2, unitPrice: 12.5 }, { sku: 'SKU-0002', qty: 3, unitPrice: 7.25 }, { sku: 'SKU-0007', qty: 4, unitPrice: 7.25 } ] }
2026-06-30 07:53:53 INFO LegacyService.Orders order 00000064 created customer=Stark Supplies items=3 total=75.75
created order 00000064 total=75.75
2026-06-30 07:53:53 INFO LegacyService.App POST /orders 201 id=00000064 total=75.75
2026-06-30 07:54:10 INFO LegacyService.App GET /orders/00000034 200 status=SHIPPED
2026-06-30 07:55:30 WARNING LegacyService.Orders rejected order: at least one item is required
2026-06-30 07:55:30 INFO LegacyService.App POST /orders 400 error="at least one item is required"
2026-06-30 07:56:52 WARNING LegacyService.Orders rejected order: customer is required
2026-06-30 07:56:52 INFO LegacyService.App POST /orders 400 error="customer is required"
2026-06-30 07:57:40 INFO LegacyService.App GET /orders/00000046 200 status=NEW
DEBUG: POST /orders payload={ Customer = Initech, Items = [ { sku: 'SKU-0006', qty: 3, unitPrice: 7.25 }, { sku: 'SKU-0002', qty: 3, unitPrice: 19.99 }, { sku: 'SKU-0001', qty: 1, unitPrice: 12.5 } ] }
2026-06-30 07:58:04 INFO LegacyService.Orders order 00000065 created customer=Initech items=3 total=94.22
created order 00000065 total=94.22
2026-06-30 07:58:04 INFO LegacyService.App POST /orders 201 id=00000065 total=94.22
2026-06-30 07:59:24 INFO LegacyService.App GET /report 200 date=2026-06-30 orders=9 total=620.49
2026-06-30 08:00:07 INFO LegacyService.App GET /orders 200 count=48
2026-06-30 08:01:16 INFO LegacyService.App GET /orders/00000047 200 status=SHIPPED
DEBUG: POST /orders payload={ Customer = Soylent Foods, Items = [ { sku: 'SKU-0005', qty: 3, unitPrice: 7.25 }, { sku: 'SKU-0008', qty: 1, unitPrice: 7.25 } ] }
2026-06-30 08:01:53 INFO LegacyService.Orders order 00000066 created customer=Soylent Foods items=2 total=29.00
created order 00000066 total=29
2026-06-30 08:01:53 INFO LegacyService.App POST /orders 201 id=00000066 total=29.00
2026-06-30 08:03:23 INFO LegacyService.App GET /orders 200 count=3
2026-06-30 08:03:48 INFO LegacyService.App GET /orders 200 count=27
2026-06-30 08:04:27 INFO LegacyService.App GET /orders/00000040 200 status=CANCELLED
2026-06-30 08:05:51 INFO LegacyService.App GET /orders/00000008 200 status=NEW
2026-06-30 08:07:03 INFO LegacyService.App GET /orders/00000049 200 status=SHIPPED
DEBUG: POST /orders payload={ Customer = Globex, Items = [ { sku: 'SKU-0008', qty: 4, unitPrice: 8.8 } ] }
2026-06-30 08:07:18 INFO LegacyService.Orders order 00000067 created customer=Globex items=1 total=35.20
created order 00000067 total=35.2
2026-06-30 08:07:18 INFO LegacyService.App POST /orders 201 id=00000067 total=35.20
2026-06-30 08:07:48 INFO LegacyService.App GET /orders 200 count=23
2026-06-30 08:08:30 INFO LegacyService.App GET /orders/00000018 200 status=NEW
2026-06-30 08:09:00 INFO LegacyService.App GET /orders/00000002 200 status=PAID
2026-06-30 08:09:40 INFO LegacyService.App GET /orders/00000057 200 status=PAID
DEBUG: POST /orders payload={ Customer = Hooli, Items = [ { sku: 'SKU-0007', qty: 2, unitPrice: 19.99 } ] }
2026-06-30 08:10:50 INFO LegacyService.Orders order 00000068 created customer=Hooli items=1 total=39.98
created order 00000068 total=39.98
2026-06-30 08:10:50 INFO LegacyService.App POST /orders 201 id=00000068 total=39.98
2026-06-30 08:12:05 INFO LegacyService.App GET /report?date=2026-06-30 200 orders=9 total=1043.71
2026-06-30 08:12:10 INFO LegacyService.App GET /report 200 date=2026-06-30 orders=14 total=1317.30
2026-06-30 08:13:25 INFO LegacyService.App GET /report 200 date=2026-06-30 orders=11 total=1063.22
2026-06-30 08:14:18 INFO LegacyService.App GET /report 200 date=2026-06-30 orders=4 total=746.59
DEBUG: POST /orders payload={ Customer = Soylent Foods, Items = [ { sku: 'SKU-0005', qty: 4, unitPrice: 12.5 } ] }
2026-06-30 08:15:02 INFO LegacyService.Orders order 00000069 created customer=Soylent Foods items=1 total=50.00
created order 00000069 total=50
2026-06-30 08:15:02 INFO LegacyService.App POST /orders 201 id=00000069 total=50.00
2026-06-30 08:15:28 INFO LegacyService.App GET /orders/00000063 200 status=CANCELLED
2026-06-30 08:16:46 INFO LegacyService.App GET /orders/00000062 404
2026-06-30 08:17:23 WARNING LegacyService.Orders rejected order: discount_pct out of range
2026-06-30 08:17:23 INFO LegacyService.App POST /orders 400 error="discount_pct out of range"
2026-06-30 08:18:39 INFO LegacyService.App GET /orders/00000018 200 status=PAID
2026-06-30 08:20:03 INFO LegacyService.App GET /orders/00000028 200 status=PAID
2026-06-30 08:21:21 INFO LegacyService.App GET /report 200 date=2026-06-30 orders=9 total=383.51
2026-06-30 08:22:13 INFO LegacyService.App GET /orders 200 count=38
2026-06-30 08:23:42 INFO LegacyService.App GET /orders 200 count=17
2026-06-30 08:24:19 INFO LegacyService.App GET /orders/00000019 200 status=CANCELLED
2026-06-30 08:25:08 INFO LegacyService.App GET /orders/00000066 200 status=CANCELLED
2026-06-30 08:26:12 INFO LegacyService.App GET /orders/00000036 200 status=NEW
2026-06-30 08:26:50 INFO LegacyService.App GET /orders/00000015 200 status=PAID
2026-06-30 08:27:19 INFO LegacyService.App GET /orders 200 count=7
2026-06-30 08:28:37 INFO LegacyService.App GET /orders 200 count=1
2026-06-30 08:29:59 INFO LegacyService.App GET /report 200 date=2026-06-30 orders=7 total=1441.14
2026-06-30 08:30:25 INFO LegacyService.App GET /orders/00000061 200 status=SHIPPED
DEBUG: POST /orders payload={ Customer = Umbrella Co, Items = [ { sku: 'SKU-0009', qty: 4, unitPrice: 4.95 }, { sku: 'SKU-0009', qty: 2, unitPrice: 7.25 } ] }
2026-06-30 08:31:23 INFO LegacyService.Orders order 00000070 created customer=Umbrella Co items=2 total=34.30
created order 00000070 total=34.3
2026-06-30 08:31:23 INFO LegacyService.App POST /orders 201 id=00000070 total=34.30
2026-06-30 08:32:19 INFO LegacyService.App GET /orders/00000043 200 status=NEW
2026-06-30 08:33:00 INFO LegacyService.App GET /orders 200 count=33
2026-06-30 08:33:24 INFO LegacyService.App GET /orders/00000050 200 status=PAID
2026-06-30 08:34:03 WARNING LegacyService.Orders rejected order: at least one item is required
2026-06-30 08:34:03 INFO LegacyService.App POST /orders 400 error="at least one item is required"
DEBUG: POST /orders payload={ Customer = Stark Supplies, Items = [ { sku: 'SKU-0006', qty: 2, unitPrice: 8.8 }, { sku: 'SKU-0003', qty: 3, unitPrice: 12.5 }, { sku: 'SKU-0007', qty: 4, unitPrice: 4.95 } ] }
2026-06-30 08:34:35 INFO LegacyService.Orders order 00000071 created customer=Stark Supplies items=3 total=74.90
created order 00000071 total=74.9
2026-06-30 08:34:35 INFO LegacyService.App POST /orders 201 id=00000071 total=74.90
2026-06-30 08:35:25 INFO LegacyService.App GET /report 200 date=2026-06-30 orders=10 total=1237.87
2026-06-30 08:35:52 WARNING LegacyService.Orders rejected order: at least one item is required
2026-06-30 08:35:52 INFO LegacyService.App POST /orders 400 error="at least one item is required"
2026-06-30 08:36:28 INFO LegacyService.App GET /orders/00000011 200 status=SHIPPED
DEBUG: POST /orders payload={ Customer = Stark Supplies, Items = [ { sku: 'SKU-0005', qty: 2, unitPrice: 19.99 }, { sku: 'SKU-0005', qty: 2, unitPrice: 7.25 }, { sku: 'SKU-0007', qty: 2, unitPrice: 7.25 } ] }
2026-06-30 08:37:15 INFO LegacyService.Orders order 00000072 created customer=Stark Supplies items=3 total=68.98
created order 00000072 total=68.98
2026-06-30 08:37:15 INFO LegacyService.App POST /orders 201 id=00000072 total=68.98
2026-06-30 08:37:36 INFO LegacyService.App GET /orders/00000037 200 status=NEW
DEBUG: POST /orders payload={ Customer = Soylent Foods, Items = [ { sku: 'SKU-0006', qty: 2, unitPrice: 19.99 } ] }
2026-06-30 08:38:40 INFO LegacyService.Orders order 00000073 created customer=Soylent Foods items=1 total=39.98
created order 00000073 total=39.98
2026-06-30 08:38:40 INFO LegacyService.App POST /orders 201 id=00000073 total=39.98
2026-06-30 08:39:24 INFO LegacyService.App GET /orders/00000029 200 status=PAID
2026-06-30 08:39:55 INFO LegacyService.App GET /orders 200 count=2
2026-06-30 08:40:24 INFO LegacyService.App GET /orders/00000049 200 status=PAID
2026-06-30 08:40:54 INFO LegacyService.App GET /orders/00000043 200 status=CANCELLED
2026-06-30 08:42:13 INFO LegacyService.App GET /orders/00000016 200 status=NEW
2026-06-30 08:43:28 INFO LegacyService.App GET /orders/00000069 200 status=PAID
2026-06-30 08:44:49 INFO LegacyService.App GET /report 200 date=2026-06-30 orders=5 total=408.07
2026-06-30 08:45:23 INFO LegacyService.App GET /report 200 date=2026-06-30 orders=4 total=383.84
2026-06-30 08:46:33 INFO LegacyService.App GET /orders/00000010 200 status=PAID
2026-06-30 08:47:17 INFO LegacyService.App GET /orders/00000068 200 status=NEW
2026-06-30 08:48:45 WARNING LegacyService.Orders rejected order: at least one item is required
2026-06-30 08:48:45 INFO LegacyService.App POST /orders 400 error="at least one item is required"
2026-06-30 08:49:04 INFO LegacyService.App GET /orders 200 count=16
2026-06-30 08:50:20 INFO LegacyService.App GET /orders/00000065 200 status=NEW
2026-06-30 08:51:19 INFO LegacyService.App GET /orders/00000025 200 status=CANCELLED
2026-06-30 08:51:45 INFO LegacyService.App GET /orders/00000001 200 status=NEW
2026-06-30 08:52:40 INFO LegacyService.App GET /orders/00000011 200 status=NEW
2026-06-30 08:53:58 INFO LegacyService.App GET /orders 200 count=44
DEBUG: POST /orders payload={ Customer = Northwind Traders, Items = [ { sku: 'SKU-0009', qty: 4, unitPrice: 8.8 } ] }
2026-06-30 08:55:15 INFO LegacyService.Orders order 00000074 created customer=Northwind Traders items=1 total=35.20
created order 00000074 total=35.2
2026-06-30 08:55:15 INFO LegacyService.App POST /orders 201 id=00000074 total=35.20
DEBUG: POST /orders payload={ Customer = Globex, Items = [ { sku: 'SKU-0003', qty: 1, unitPrice: 8.8 }, { sku: 'SKU-0008', qty: 4, unitPrice: 19.99 }, { sku: 'SKU-0001', qty: 4, unitPrice: 19.99 } ] }
2026-06-30 08:55:33 INFO LegacyService.Orders order 00000075 created customer=Globex items=3 total=168.72
created order 00000075 total=168.72
2026-06-30 08:55:33 INFO LegacyService.App POST /orders 201 id=00000075 total=168.72
2026-06-30 08:56:09 INFO LegacyService.App GET /orders/00000004 200 status=CANCELLED
2026-06-30 08:56:32 INFO LegacyService.App GET /orders 200 count=42
2026-06-30 08:57:10 INFO LegacyService.App GET /orders/00000039 200 status=PAID
2026-06-30 08:57:46 INFO LegacyService.App GET /orders/00000042 404
2026-06-30 08:58:20 INFO LegacyService.App GET /orders/00000028 200 status=CANCELLED
2026-06-30 08:59:01 INFO LegacyService.App GET /orders/00000013 200 status=CANCELLED
2026-06-30 09:00:00 INFO LegacyService.App GET /orders/00000021 200 status=CANCELLED
2026-06-30 09:00:18 INFO LegacyService.App GET /orders 200 count=30
DEBUG: POST /orders payload={ Customer = Globex, Items = [ { sku: 'SKU-0008', qty: 3, unitPrice: 19.99 }, { sku: 'SKU-0007', qty: 3, unitPrice: 7.25 } ] }
2026-06-30 09:01:17 INFO LegacyService.Orders order 00000076 created customer=Globex items=2 total=81.72
created order 00000076 total=81.72
2026-06-30 09:01:17 INFO LegacyService.App POST /orders 201 id=00000076 total=81.72
2026-06-30 09:02:01 WARNING LegacyService.Orders rejected order: discount_pct out of range
2026-06-30 09:02:01 INFO LegacyService.App POST /orders 400 error="discount_pct out of range"
2026-06-30 09:03:23 INFO LegacyService.App GET /orders/00000063 200 status=CANCELLED
2026-06-30 09:04:10 INFO LegacyService.App GET /orders 200 count=18
2026-06-30 09:05:32 WARNING LegacyService.Orders rejected order: discount_pct out of range
2026-06-30 09:05:32 INFO LegacyService.App POST /orders 400 error="discount_pct out of range"
2026-06-30 09:06:31 INFO LegacyService.App GET /orders/00000065 200 status=NEW
2026-06-30 09:07:22 INFO LegacyService.App GET /orders 200 count=21
DEBUG: POST /orders payload={ Customer = Umbrella Co, Items = [ { sku: 'SKU-0008', qty: 4, unitPrice: 12.5 }, { sku: 'SKU-0008', qty: 2, unitPrice: 19.99 }, { sku: 'SKU-0007', qty: 2, unitPrice: 7.25 } ] }
2026-06-30 09:08:45 INFO LegacyService.Orders order 00000077 created customer=Umbrella Co items=3 total=104.48
created order 00000077 total=104.48
2026-06-30 09:08:45 INFO LegacyService.App POST /orders 201 id=00000077 total=104.48
2026-06-30 09:09:28 INFO LegacyService.App GET /orders/00000055 404
2026-06-30 09:10:16 INFO LegacyService.App GET /report 200 date=2026-06-30 orders=6 total=1104.41
2026-06-30 09:11:38 INFO LegacyService.App GET /orders/00000055 200 status=PAID
DEBUG: POST /orders payload={ Customer = Wayne Retail, Items = [ { sku: 'SKU-0007', qty: 1, unitPrice: 4.95 }, { sku: 'SKU-0009', qty: 1, unitPrice: 19.99 } ] }
2026-06-30 09:12:58 INFO LegacyService.Orders order 00000078 created customer=Wayne Retail items=2 total=24.94
created order 00000078 total=24.94
2026-06-30 09:12:58 INFO LegacyService.App POST /orders 201 id=00000078 total=24.94
2026-06-30 09:13:44 INFO LegacyService.App GET /orders/00000003 200 status=PAID
2026-06-30 09:14:45 INFO LegacyService.App GET /orders/00000014 200 status=SHIPPED
2026-06-30 09:16:14 INFO LegacyService.App GET /orders/00000075 200 status=PAID
DEBUG: POST /orders payload={ Customer = Initech, Items = [ { sku: 'SKU-0001', qty: 2, unitPrice: 7.25 }, { sku: 'SKU-0002', qty: 2, unitPrice: 8.8 }, { sku: 'SKU-0007', qty: 1, unitPrice: 8.8 } ] }
2026-06-30 09:17:14 INFO LegacyService.Orders order 00000079 created customer=Initech items=3 total=40.90
created order 00000079 total=40.9
2026-06-30 09:17:14 INFO LegacyService.App POST /orders 201 id=00000079 total=40.90
DEBUG: POST /orders payload={ Customer = Acme Ltd, Items = [ { sku: 'SKU-0004', qty: 1, unitPrice: 4.95 }, { sku: 'SKU-0006', qty: 2, unitPrice: 7.25 }, { sku: 'SKU-0008', qty: 1, unitPrice: 7.25 } ] }
2026-06-30 09:18:05 INFO LegacyService.Orders order 00000080 created customer=Acme Ltd items=3 total=26.70
created order 00000080 total=26.7
2026-06-30 09:18:05 INFO LegacyService.App POST /orders 201 id=00000080 total=26.70
2026-06-30 09:18:23 INFO LegacyService.App GET /orders 200 count=48
DEBUG: POST /orders payload={ Customer = Soylent Foods, Items = [ { sku: 'SKU-0001', qty: 1, unitPrice: 12.5 }, { sku: 'SKU-0009', qty: 1, unitPrice: 19.99 } ] }
2026-06-30 09:19:17 INFO LegacyService.Orders order 00000081 created customer=Soylent Foods items=2 total=32.49
created order 00000081 total=32.49
2026-06-30 09:19:17 INFO LegacyService.App POST /orders 201 id=00000081 total=32.49
DEBUG: POST /orders payload={ Customer = Northwind Traders, Items = [ { sku: 'SKU-0002', qty: 3, unitPrice: 12.5 }, { sku: 'SKU-0003', qty: 3, unitPrice: 12.5 }, { sku: 'SKU-0007', qty: 1, unitPrice: 8.8 } ] }
2026-06-30 09:20:19 INFO LegacyService.Orders order 00000082 created customer=Northwind Traders items=3 total=83.80
created order 00000082 total=83.8
2026-06-30 09:20:19 INFO LegacyService.App POST /orders 201 id=00000082 total=83.80
2026-06-30 09:21:41 INFO LegacyService.App GET /report 200 date=2026-06-30 orders=13 total=549.46
2026-06-30 09:23:02 INFO LegacyService.App GET /orders 200 count=40
2026-06-30 09:23:37 INFO LegacyService.App GET /orders 200 count=10
DEBUG: POST /orders payload={ Customer = Globex, Items = [ { sku: 'SKU-0006', qty: 4, unitPrice: 4.95 }, { sku: 'SKU-0002', qty: 1, unitPrice: 7.25 }, { sku: 'SKU-0004', qty: 2, unitPrice: 7.25 } ] }
2026-06-30 09:24:12 INFO LegacyService.Orders order 00000083 created customer=Globex items=3 total=41.55
created order 00000083 total=41.55
2026-06-30 09:24:12 INFO LegacyService.App POST /orders 201 id=00000083 total=41.55
DEBUG: POST /orders payload={ Customer = Wayne Retail, Items = [ { sku: 'SKU-0005', qty: 2, unitPrice: 4.95 } ] }
2026-06-30 09:25:04 INFO LegacyService.Orders order 00000084 created customer=Wayne Retail items=1 total=9.90
created order 00000084 total=9.9
2026-06-30 09:25:04 INFO LegacyService.App POST /orders 201 id=00000084 total=9.90
2026-06-30 09:25:21 INFO LegacyService.App GET /orders/00000028 200 status=CANCELLED
2026-06-30 09:26:28 INFO LegacyService.App GET /orders/00000077 200 status=PAID
DEBUG: POST /orders payload={ Customer = Northwind Traders, Items = [ { sku: 'SKU-0009', qty: 4, unitPrice: 8.8 }, { sku: 'SKU-0007', qty: 4, unitPrice: 12.5 } ] }
2026-06-30 09:27:13 INFO LegacyService.Orders order 00000085 created customer=Northwind Traders items=2 total=85.20
created order 00000085 total=85.2
2026-06-30 09:27:13 INFO LegacyService.App POST /orders 201 id=00000085 total=85.20
2026-06-30 09:27:51 INFO LegacyService.App GET /orders/00000051 200 status=PAID
2026-06-30 09:28:39 INFO LegacyService.App GET /orders/00000030 200 status=NEW
2026-06-30 09:29:29 INFO LegacyService.App GET /orders/00000070 200 status=NEW
2026-06-30 09:29:46 INFO LegacyService.App GET /orders 200 count=24
2026-06-30 09:30:08 INFO LegacyService.App GET /report 200 date=2026-06-30 orders=10 total=911.86
DEBUG: POST /orders payload={ Customer = Globex, Items = [ { sku: 'SKU-0003', qty: 1, unitPrice: 12.5 }, { sku: 'SKU-0007', qty: 4, unitPrice: 4.95 } ] }
2026-06-30 09:31:02 INFO LegacyService.Orders order 00000086 created customer=Globex items=2 total=32.30
created order 00000086 total=32.3
2026-06-30 09:31:02 INFO LegacyService.App POST /orders 201 id=00000086 total=32.30
2026-06-30 09:32:02 WARNING LegacyService.Orders rejected order: customer is required
2026-06-30 09:32:02 INFO LegacyService.App POST /orders 400 error="customer is required"
DEBUG: POST /orders payload={ Customer = Soylent Foods, Items = [ { sku: 'SKU-0004', qty: 2, unitPrice: 8.8 } ] }
2026-06-30 09:33:05 INFO LegacyService.Orders order 00000087 created customer=Soylent Foods items=1 total=17.60
created order 00000087 total=17.6
2026-06-30 09:33:05 INFO LegacyService.App POST /orders 201 id=00000087 total=17.60
2026-06-30 09:33:50 INFO LegacyService.App GET /orders/00000078 200 status=CANCELLED
2026-06-30 09:34:13 INFO LegacyService.App GET /orders/00000076 200 status=PAID
2026-06-30 09:35:17 INFO LegacyService.App GET /orders/00000077 200 status=CANCELLED
2026-06-30 09:36:35 INFO LegacyService.App GET /orders/00000078 200 status=NEW
DEBUG: POST /orders payload={ Customer = Umbrella Co, Items = [ { sku: 'SKU-0007', qty: 4, unitPrice: 19.99 } ] }
2026-06-30 09:37:46 INFO LegacyService.Orders order 00000088 created customer=Umbrella Co items=1 total=79.96
created order 00000088 total=79.96
2026-06-30 09:37:46 INFO LegacyService.App POST /orders 201 id=00000088 total=79.96
2026-06-30 09:38:40 INFO LegacyService.App GET /orders/00000063 200 status=SHIPPED
DEBUG: POST /orders payload={ Customer = Acme Ltd, Items = [ { sku: 'SKU-0008', qty: 1, unitPrice: 7.25 } ] }
2026-06-30 09:39:26 INFO LegacyService.Orders order 00000089 created customer=Acme Ltd items=1 total=7.25
created order 00000089 total=7.25
2026-06-30 09:39:26 INFO LegacyService.App POST /orders 201 id=00000089 total=7.25
2026-06-30 09:39:53 INFO LegacyService.App GET /report 200 date=2026-06-30 orders=12 total=628.28
DEBUG: POST /orders payload={ Customer = Stark Supplies, Items = [ { sku: 'SKU-0002', qty: 4, unitPrice: 8.8 } ] }
2026-06-30 09:40:41 INFO LegacyService.Orders order 00000090 created customer=Stark Supplies items=1 total=35.20
created order 00000090 total=35.2
2026-06-30 09:40:41 INFO LegacyService.App POST /orders 201 id=00000090 total=35.20
2026-06-30 09:41:23 INFO LegacyService.App GET /orders 200 count=13
2026-06-30 09:42:07 INFO LegacyService.App GET /orders/00000056 200 status=CANCELLED
2026-06-30 09:42:57 INFO LegacyService.App GET /orders/00000006 200 status=PAID
2026-06-30 09:44:10 INFO LegacyService.App GET /orders/00000089 200 status=NEW
DEBUG: POST /orders payload={ Customer = Vandelay, Items = [ { sku: 'SKU-0002', qty: 1, unitPrice: 4.95 } ] }
2026-06-30 09:45:23 INFO LegacyService.Orders order 00000091 created customer=Vandelay items=1 total=4.95
created order 00000091 total=4.95
2026-06-30 09:45:23 INFO LegacyService.App POST /orders 201 id=00000091 total=4.95
2026-06-30 09:45:38 INFO LegacyService.App GET /orders 200 count=50
2026-06-30 09:46:27 INFO LegacyService.App GET /orders/00000065 200 status=CANCELLED
2026-06-30 09:47:23 INFO LegacyService.App GET /orders/00000067 200 status=NEW
2026-06-30 09:48:22 INFO LegacyService.App GET /orders 200 count=11
DEBUG: POST /orders payload={ Customer = Stark Supplies, Items = [ { sku: 'SKU-0001', qty: 1, unitPrice: 12.5 } ] }
2026-06-30 09:48:43 INFO LegacyService.Orders order 00000092 created customer=Stark Supplies items=1 total=12.50
created order 00000092 total=12.5
2026-06-30 09:48:43 INFO LegacyService.App POST /orders 201 id=00000092 total=12.50
DEBUG: POST /orders payload={ Customer = Vandelay, Items = [ { sku: 'SKU-0004', qty: 1, unitPrice: 8.8 }, { sku: 'SKU-0001', qty: 1, unitPrice: 4.95 }, { sku: 'SKU-0002', qty: 1, unitPrice: 19.99 } ] }
2026-06-30 09:49:15 INFO LegacyService.Orders order 00000093 created customer=Vandelay items=3 total=33.74
created order 00000093 total=33.74
2026-06-30 09:49:15 INFO LegacyService.App POST /orders 201 id=00000093 total=33.74
2026-06-30 09:50:41 INFO LegacyService.App GET /orders/00000032 200 status=NEW
2026-06-30 09:50:57 WARNING LegacyService.Orders rejected order: at least one item is required
2026-06-30 09:50:57 INFO LegacyService.App POST /orders 400 error="at least one item is required"
2026-06-30 09:51:47 INFO LegacyService.App GET /orders 200 count=31
2026-06-30 09:52:45 INFO LegacyService.App GET /orders/00000049 200 status=SHIPPED
2026-06-30 09:53:45 INFO LegacyService.App GET /report 200 date=2026-06-30 orders=5 total=1291.07
DEBUG: POST /orders payload={ Customer = Soylent Foods, Items = [ { sku: 'SKU-0007', qty: 2, unitPrice: 7.25 } ] }
2026-06-30 09:54:03 INFO LegacyService.Orders order 00000094 created customer=Soylent Foods items=1 total=14.50
created order 00000094 total=14.5
2026-06-30 09:54:03 INFO LegacyService.App POST /orders 201 id=00000094 total=14.50
2026-06-30 09:55:12 INFO LegacyService.App GET /orders/00000047 200 status=CANCELLED
2026-06-30 09:56:02 INFO LegacyService.App GET /orders/00000026 200 status=PAID
2026-06-30 09:56:33 INFO LegacyService.App GET /report 200 date=2026-06-30 orders=4 total=692.34
DEBUG: POST /orders payload={ Customer = Northwind Traders, Items = [ { sku: 'SKU-0004', qty: 1, unitPrice: 12.5 } ] }
2026-06-30 09:56:53 INFO LegacyService.Orders order 00000095 created customer=Northwind Traders items=1 total=12.50
created order 00000095 total=12.5
2026-06-30 09:56:53 INFO LegacyService.App POST /orders 201 id=00000095 total=12.50
2026-06-30 09:58:19 INFO LegacyService.App GET /orders/00000061 200 status=NEW
2026-06-30 09:59:01 INFO LegacyService.App GET /orders/00000017 200 status=NEW
DEBUG: POST /orders payload={ Customer = Globex, Items = [ { sku: 'SKU-0002', qty: 4, unitPrice: 4.95 } ] }
2026-06-30 10:00:02 INFO LegacyService.Orders order 00000096 created customer=Globex items=1 total=19.80
created order 00000096 total=19.8
2026-06-30 10:00:02 INFO LegacyService.App POST /orders 201 id=00000096 total=19.80
2026-06-30 10:01:14 INFO LegacyService.App GET /orders/00000091 200 status=NEW
2026-06-30 10:02:01 INFO LegacyService.App GET /orders/00000004 200 status=PAID
2026-06-30 10:03:30 WARNING LegacyService.Orders rejected order: at least one item is required
2026-06-30 10:03:30 INFO LegacyService.App POST /orders 400 error="at least one item is required"
2026-06-30 10:04:56 INFO LegacyService.App GET /orders/00000030 200 status=CANCELLED
2026-06-30 10:06:21 INFO LegacyService.App GET /report 200 date=2026-06-30 orders=13 total=1383.37
2026-06-30 10:06:43 INFO LegacyService.App GET /orders/00000010 200 status=NEW
2026-06-30 10:07:43 INFO LegacyService.App GET /orders/00000076 200 status=CANCELLED
DEBUG: POST /orders payload={ Customer = Stark Supplies, Items = [ { sku: 'SKU-0002', qty: 2, unitPrice: 8.8 } ] }
2026-06-30 10:08:58 INFO LegacyService.Orders order 00000097 created customer=Stark Supplies items=1 total=17.60
created order 00000097 total=17.6
2026-06-30 10:08:58 INFO LegacyService.App POST /orders 201 id=00000097 total=17.60
2026-06-30 10:10:24 INFO LegacyService.App GET /orders/00000028 200 status=CANCELLED
2026-06-30 10:10:44 INFO LegacyService.App GET /orders/00000089 200 status=NEW
2026-06-30 10:11:36 INFO LegacyService.App GET /orders/00000043 200 status=NEW
2026-06-30 10:12:31 WARNING LegacyService.Orders rejected order: customer is required
2026-06-30 10:12:31 INFO LegacyService.App POST /orders 400 error="customer is required"
2026-06-30 10:13:32 INFO LegacyService.App GET /orders/00000088 200 status=CANCELLED
2026-06-30 10:14:59 INFO LegacyService.App GET /orders/00000038 404
2026-06-30 10:15:28 INFO LegacyService.App GET /report 200 date=2026-06-30 orders=8 total=463.68
2026-06-30 10:15:52 WARNING LegacyService.Orders rejected order: discount_pct out of range
2026-06-30 10:15:52 INFO LegacyService.App POST /orders 400 error="discount_pct out of range"
2026-06-30 10:17:22 INFO LegacyService.App GET /orders 200 count=29
2026-06-30 10:18:44 INFO LegacyService.App GET /orders/00000025 200 status=PAID
2026-06-30 10:20:14 INFO LegacyService.App GET /orders/00000059 200 status=SHIPPED
DEBUG: POST /orders payload={ Customer = Northwind Traders, Items = [ { sku: 'SKU-0003', qty: 3, unitPrice: 19.99 }, { sku: 'SKU-0009', qty: 3, unitPrice: 12.5 } ] }
2026-06-30 10:21:24 INFO LegacyService.Orders order 00000098 created customer=Northwind Traders items=2 total=97.47
created order 00000098 total=97.47
2026-06-30 10:21:24 INFO LegacyService.App POST /orders 201 id=00000098 total=97.47
DEBUG: POST /orders payload={ Customer = Stark Supplies, Items = [ { sku: 'SKU-0009', qty: 1, unitPrice: 7.25 } ] }
2026-06-30 10:22:04 INFO LegacyService.Orders order 00000099 created customer=Stark Supplies items=1 total=7.25
created order 00000099 total=7.25
2026-06-30 10:22:04 INFO LegacyService.App POST /orders 201 id=00000099 total=7.25
2026-06-30 10:22:26 INFO LegacyService.App GET /orders/00000009 200 status=NEW
2026-06-30 10:23:19 WARNING LegacyService.Orders rejected order: customer is required
2026-06-30 10:23:19 INFO LegacyService.App POST /orders 400 error="customer is required"
2026-06-30 10:24:35 INFO LegacyService.App GET /orders/00000023 200 status=PAID
2026-06-30 10:25:20 INFO LegacyService.App GET /orders/00000057 200 status=PAID
DEBUG: POST /orders payload={ Customer = Hooli, Items = [ { sku: 'SKU-0006', qty: 4, unitPrice: 19.99 }, { sku: 'SKU-0003', qty: 1, unitPrice: 4.95 }, { sku: 'SKU-0003', qty: 3, unitPrice: 4.95 } ] }
2026-06-30 10:26:13 INFO LegacyService.Orders order 00000100 created customer=Hooli items=3 total=99.76
created order 00000100 total=99.76
2026-06-30 10:26:13 INFO LegacyService.App POST /orders 201 id=00000100 total=99.76
2026-06-30 10:27:38 INFO LegacyService.App GET /orders/00000024 200 status=NEW
2026-06-30 10:28:41 INFO LegacyService.App GET /orders/00000053 200 status=NEW
2026-06-30 23:50:05 INFO LegacyService.Reconcile reconcile_day start date=2026-06-30
2026-06-30 23:50:08 WARNING LegacyService.Reconcile total mismatch order=00000021 stored=89.95 recomputed=89.96 delta=0.01
