db ready at orderbase.db
OrderBase v1.4.2 listening on 0.0.0.0:5057 (debug=True)
DEBUG: POST /orders payload={ Customer = Northwind Traders, Items = [ { sku: 'SKU-0001', qty: 2, unitPrice: 19.99 } ] }
2026-06-29 00:13:45 INFO LegacyService.Orders order 00000037 created customer=Northwind Traders items=1 total=39.98
created order 00000037 total=39.98
2026-06-29 00:13:45 INFO LegacyService.App POST /orders 201 id=00000037 total=39.98
2026-06-29 00:23:32 INFO LegacyService.App GET /orders/00000008 200 status=NEW
2026-06-29 00:32:37 WARNING LegacyService.Orders rejected order: at least one item is required
2026-06-29 00:32:37 INFO LegacyService.App POST /orders 400 error="at least one item is required"
2026-06-29 00:41:21 WARNING LegacyService.Orders rejected order: at least one item is required
2026-06-29 00:41:21 INFO LegacyService.App POST /orders 400 error="at least one item is required"
2026-06-29 00:46:32 INFO LegacyService.App GET /orders/00000003 200 status=NEW
2026-06-29 00:55:46 INFO LegacyService.App GET /orders/00000016 200 status=NEW
2026-06-29 01:04:01 INFO LegacyService.App GET /orders 200 count=4
DEBUG: POST /orders payload={ Customer = Wayne Retail, Items = [ { sku: 'SKU-0007', qty: 2, unitPrice: 12.5 }, { sku: 'SKU-0006', qty: 3, unitPrice: 19.99 }, { sku: 'SKU-0006', qty: 3, unitPrice: 8.8 } ] }
2026-06-29 01:11:17 INFO LegacyService.Orders order 00000038 created customer=Wayne Retail items=3 total=111.37
created order 00000038 total=111.37
2026-06-29 01:11:17 INFO LegacyService.App POST /orders 201 id=00000038 total=111.37
2026-06-29 01:14:19 INFO LegacyService.App GET /orders/00000035 200 status=NEW
2026-06-29 01:23:17 INFO LegacyService.App GET /orders/00000031 200 status=NEW
2026-06-29 01:31:27 INFO LegacyService.App GET /report 200 date=2026-06-29 orders=8 total=602.35
2026-06-29 01:40:11 INFO LegacyService.App GET /orders 200 count=30
2026-06-29 01:42:43 INFO LegacyService.App GET /orders/00000018 200 status=NEW
2026-06-29 01:48:21 INFO LegacyService.App GET /orders/00000010 200 status=PAID
2026-06-29 01:53:56 INFO LegacyService.App GET /report 200 date=2026-06-29 orders=11 total=455.50
2026-06-29 01:59:45 INFO LegacyService.App GET /orders/00000009 200 status=CANCELLED
2026-06-29 02:05:54 INFO LegacyService.App GET /orders/00000037 200 status=PAID
2026-06-29 02:09:59 INFO LegacyService.App GET /report 200 date=2026-06-29 orders=8 total=1443.23
2026-06-29 02:18:54 INFO LegacyService.App GET /orders/00000006 200 status=NEW
2026-06-29 02:21:59 INFO LegacyService.App GET /orders/00000015 200 status=CANCELLED
2026-06-29 02:31:34 INFO LegacyService.App GET /report 200 date=2026-06-29 orders=11 total=499.46
2026-06-29 02:34:46 INFO LegacyService.App GET /orders/00000031 200 status=NEW
2026-06-29 02:37:12 INFO LegacyService.App GET /orders/00000022 200 status=PAID
2026-06-29 02:46:04 INFO LegacyService.App GET /orders/00000011 200 status=PAID
2026-06-29 02:48:56 INFO LegacyService.App GET /report 200 date=2026-06-29 orders=7 total=304.10
2026-06-29 02:53:47 INFO LegacyService.App GET /orders/00000026 200 status=CANCELLED
2026-06-29 03:02:09 INFO LegacyService.App GET /orders 200 count=3
2026-06-29 03:04:52 INFO LegacyService.App GET /orders/00000015 200 status=NEW
2026-06-29 03:13:40 INFO LegacyService.App GET /orders/00000031 200 status=SHIPPED
DEBUG: POST /orders payload={ Customer = Initech, Items = [ { sku: 'SKU-0003', qty: 1, unitPrice: 7.25 }, { sku: 'SKU-0008', qty: 1, unitPrice: 8.8 } ] }
2026-06-29 03:18:16 INFO LegacyService.Orders order 00000039 created customer=Initech items=2 total=16.05
created order 00000039 total=16.05
2026-06-29 03:18:16 INFO LegacyService.App POST /orders 201 id=00000039 total=16.05
2026-06-29 03:28:00 INFO LegacyService.App GET /orders/00000005 200 status=SHIPPED
2026-06-29 03:37:08 INFO LegacyService.App GET /orders/00000030 200 status=NEW
2026-06-29 03:39:20 INFO LegacyService.App GET /orders/00000023 404
2026-06-29 03:42:58 INFO LegacyService.App GET /orders 200 count=43
DEBUG: POST /orders payload={ Customer = Globex, Items = [ { sku: 'SKU-0003', qty: 4, unitPrice: 12.5 } ] }
2026-06-29 03:50:03 INFO LegacyService.Orders order 00000040 created customer=Globex items=1 total=50.00
created order 00000040 total=50
2026-06-29 03:50:03 INFO LegacyService.App POST /orders 201 id=00000040 total=50.00
2026-06-29 03:56:22 INFO LegacyService.App GET /orders 200 count=31
2026-06-29 04:04:32 INFO LegacyService.App GET /orders/00000026 200 status=CANCELLED
DEBUG: POST /orders payload={ Customer = Acme Ltd, Items = [ { sku: 'SKU-0009', qty: 2, unitPrice: 19.99 }, { sku: 'SKU-0002', qty: 3, unitPrice: 4.95 }, { sku: 'SKU-0004', qty: 2, unitPrice: 12.5 } ] }
2026-06-29 04:12:54 INFO LegacyService.Orders order 00000041 created customer=Acme Ltd items=3 total=79.83
created order 00000041 total=79.83
2026-06-29 04:12:54 INFO LegacyService.App POST /orders 201 id=00000041 total=79.83
2026-06-29 04:16:22 INFO LegacyService.App GET /orders/00000016 200 status=CANCELLED
2026-06-29 04:20:01 INFO LegacyService.App GET /orders/00000002 200 status=SHIPPED
2026-06-29 04:27:24 INFO LegacyService.App GET /orders/00000022 200 status=NEW
2026-06-29 04:31:39 INFO LegacyService.App GET /orders 200 count=34
2026-06-29 04:40:25 INFO LegacyService.App GET /orders 200 count=4
2026-06-29 04:45:10 INFO LegacyService.App GET /report 200 date=2026-06-29 orders=14 total=585.23
2026-06-29 04:51:56 INFO LegacyService.App GET /orders 200 count=22
DEBUG: POST /orders payload={ Customer = Soylent Foods, Items = [ { sku: 'SKU-0004', qty: 1, unitPrice: 4.95 }, { sku: 'SKU-0004', qty: 1, unitPrice: 4.95 }, { sku: 'SKU-0003', qty: 2, unitPrice: 7.25 } ] }
2026-06-29 04:58:29 INFO LegacyService.Orders order 00000042 created customer=Soylent Foods items=3 total=24.40
created order 00000042 total=24.4
2026-06-29 04:58:29 INFO LegacyService.App POST /orders 201 id=00000042 total=24.40
2026-06-29 05:07:47 INFO LegacyService.App GET /orders/00000041 200 status=SHIPPED
2026-06-29 05:12:59 WARNING LegacyService.Orders rejected order: customer is required
2026-06-29 05:12:59 INFO LegacyService.App POST /orders 400 error="customer is required"
2026-06-29 05:22:20 WARNING LegacyService.Orders rejected order: discount_pct out of range
2026-06-29 05:22:20 INFO LegacyService.App POST /orders 400 error="discount_pct out of range"
2026-06-29 05:28:18 INFO LegacyService.App GET /orders/00000019 200 status=PAID
db ready at orderbase.db
2026-06-29 05:31:10 INFO LegacyService.Orders order 00000007 status -> SHIPPED
2026-06-29 05:34:00 INFO LegacyService.App GET /orders/00000008 200 status=SHIPPED
2026-06-29 05:39:50 INFO LegacyService.App GET /orders/00000042 200 status=CANCELLED
2026-06-29 05:45:41 INFO LegacyService.App GET /orders/00000028 200 status=NEW
2026-06-29 05:50:22 INFO LegacyService.App GET /orders 200 count=42
2026-06-29 05:53:37 INFO LegacyService.App GET /orders/00000040 200 status=SHIPPED
2026-06-29 05:57:10 INFO LegacyService.App GET /orders 200 count=15
DEBUG: POST /orders payload={ Customer = Acme Ltd, Items = [ { sku: 'SKU-0004', qty: 3, unitPrice: 12.5 }, { sku: 'SKU-0002', qty: 4, unitPrice: 4.95 } ] }
2026-06-29 06:04:23 INFO LegacyService.Orders order 00000043 created customer=Acme Ltd items=2 total=57.30
created order 00000043 total=57.3
2026-06-29 06:04:23 INFO LegacyService.App POST /orders 201 id=00000043 total=57.30
DEBUG: POST /orders payload={ Customer = Vandelay, Items = [ { sku: 'SKU-0009', qty: 4, unitPrice: 7.25 }, { sku: 'SKU-0007', qty: 4, unitPrice: 8.8 } ] }
2026-06-29 06:07:42 INFO LegacyService.Orders order 00000044 created customer=Vandelay items=2 total=64.20
created order 00000044 total=64.2
2026-06-29 06:07:42 INFO LegacyService.App POST /orders 201 id=00000044 total=64.20
2026-06-29 06:13:32 INFO LegacyService.App GET /report 200 date=2026-06-29 orders=13 total=798.27
2026-06-29 06:16:07 INFO LegacyService.App GET /orders/00000013 200 status=PAID
2026-06-29 06:25:43 INFO LegacyService.App GET /orders 200 count=49
2026-06-29 06:29:59 INFO LegacyService.App GET /orders/00000037 200 status=CANCELLED
DEBUG: POST /orders payload={ Customer = Hooli, Items = [ { sku: 'SKU-0005', qty: 2, unitPrice: 8.8 }, { sku: 'SKU-0002', qty: 4, unitPrice: 8.8 } ] }
2026-06-29 06:34:05 INFO LegacyService.Orders order 00000045 created customer=Hooli items=2 total=52.80
created order 00000045 total=52.8
2026-06-29 06:34:05 INFO LegacyService.App POST /orders 201 id=00000045 total=52.80
2026-06-29 06:41:53 INFO LegacyService.App GET /orders/00000044 200 status=CANCELLED
2026-06-29 06:46:04 INFO LegacyService.App GET /orders 200 count=41
2026-06-29 06:54:27 INFO LegacyService.App GET /report 200 date=2026-06-29 orders=11 total=797.71
2026-06-29 06:57:43 INFO LegacyService.App GET /orders/00000001 200 status=CANCELLED
2026-06-29 07:04:45 INFO LegacyService.App GET /orders/00000017 200 status=SHIPPED
2026-06-29 07:05:39 INFO LegacyService.App GET /orders/00000020 404
2026-06-29 07:05:57 INFO LegacyService.App GET /orders/00000043 200 status=CANCELLED
2026-06-29 07:06:28 INFO LegacyService.App GET /orders/00000016 200 status=NEW
2026-06-29 07:07:12 INFO LegacyService.App GET /orders/00000032 200 status=SHIPPED
2026-06-29 07:08:04 INFO LegacyService.App GET /orders/00000025 200 status=CANCELLED
2026-06-29 07:08:56 INFO LegacyService.App GET /orders 200 count=28
2026-06-29 07:10:09 INFO LegacyService.App GET /orders 200 count=15
2026-06-29 07:11:38 INFO LegacyService.App GET /orders/00000007 200 status=CANCELLED
2026-06-29 07:13:06 INFO LegacyService.App GET /orders/00000040 200 status=PAID
2026-06-29 07:14:27 INFO LegacyService.App GET /orders/00000043 200 status=NEW
DEBUG: POST /orders payload={ Customer = Vandelay, Items = [ { sku: 'SKU-0007', qty: 4, unitPrice: 12.5 }, { sku: 'SKU-0007', qty: 1, unitPrice: 12.5 } ] }
2026-06-29 07:15:44 INFO LegacyService.Orders order 00000046 created customer=Vandelay items=2 total=62.50
created order 00000046 total=62.5
2026-06-29 07:15:44 INFO LegacyService.App POST /orders 201 id=00000046 total=62.50
DEBUG: POST /orders payload={ Customer = Stark Supplies, Items = [ { sku: 'SKU-0005', qty: 4, unitPrice: 19.99 }, { sku: 'SKU-0001', qty: 3, unitPrice: 4.95 } ] }
2026-06-29 07:17:12 INFO LegacyService.Orders order 00000047 created customer=Stark Supplies items=2 total=94.81
created order 00000047 total=94.81
2026-06-29 07:17:12 INFO LegacyService.App POST /orders 201 id=00000047 total=94.81
2026-06-29 07:18:37 INFO LegacyService.App GET /orders/00000022 200 status=PAID
DEBUG: POST /orders payload={ Customer = Umbrella Co, Items = [ { sku: 'SKU-0006', qty: 4, unitPrice: 7.25 }, { sku: 'SKU-0009', qty: 4, unitPrice: 7.25 } ] }
2026-06-29 07:19:46 INFO LegacyService.Orders order 00000048 created customer=Umbrella Co items=2 total=58.00
created order 00000048 total=58
2026-06-29 07:19:46 INFO LegacyService.App POST /orders 201 id=00000048 total=58.00
DEBUG: POST /orders payload={ Customer = Initech, Items = [ { sku: 'SKU-0004', qty: 2, unitPrice: 7.25 }, { sku: 'SKU-0009', qty: 3, unitPrice: 8.8 }, { sku: 'SKU-0003', qty: 4, unitPrice: 4.95 } ] }
2026-06-29 07:21:02 INFO LegacyService.Orders order 00000049 created customer=Initech items=3 total=60.70
created order 00000049 total=60.7
2026-06-29 07:21:02 INFO LegacyService.App POST /orders 201 id=00000049 total=60.70
2026-06-29 07:22:12 INFO LegacyService.App GET /orders 200 count=36
2026-06-29 07:22:42 INFO LegacyService.App GET /orders/00000010 200 status=SHIPPED
DEBUG: POST /orders payload={ Customer = Vandelay, Items = [ { sku: 'SKU-0001', qty: 1, unitPrice: 4.95 }, { sku: 'SKU-0006', qty: 4, unitPrice: 4.95 }, { sku: 'SKU-0007', qty: 3, unitPrice: 8.8 } ] }
2026-06-29 07:23:19 INFO LegacyService.Orders order 00000050 created customer=Vandelay items=3 total=51.15
created order 00000050 total=51.15
2026-06-29 07:23:19 INFO LegacyService.App POST /orders 201 id=00000050 total=51.15
2026-06-29 07:24:26 INFO LegacyService.App GET /orders/00000040 200 status=NEW
2026-06-29 07:25:38 INFO LegacyService.App GET /orders/00000012 200 status=PAID
2026-06-29 07:26:03 INFO LegacyService.App GET /report 200 date=2026-06-29 orders=9 total=1262.25
2026-06-29 07:27:26 INFO LegacyService.App GET /report 200 date=2026-06-29 orders=10 total=679.34
DEBUG: POST /orders payload={ Customer = Acme Ltd, Items = [ { sku: 'SKU-0009', qty: 2, unitPrice: 8.8 }, { sku: 'SKU-0003', qty: 2, unitPrice: 12.5 } ] }
2026-06-29 07:28:35 INFO LegacyService.Orders order 00000051 created customer=Acme Ltd items=2 total=42.60
created order 00000051 total=42.6
2026-06-29 07:28:35 INFO LegacyService.App POST /orders 201 id=00000051 total=42.60
DEBUG: POST /orders payload={ Customer = Stark Supplies, Items = [ { sku: 'SKU-0002', qty: 3, unitPrice: 19.99 }, { sku: 'SKU-0004', qty: 4, unitPrice: 8.8 } ] }
2026-06-29 07:29:18 INFO LegacyService.Orders order 00000052 created customer=Stark Supplies items=2 total=95.17
created order 00000052 total=95.17
2026-06-29 07:29:18 INFO LegacyService.App POST /orders 201 id=00000052 total=95.17
2026-06-29 07:29:38 INFO LegacyService.App GET /orders 200 count=47
2026-06-29 07:30:23 INFO LegacyService.App GET /orders/00000022 200 status=NEW
2026-06-29 07:31:27 INFO LegacyService.App GET /orders/00000019 200 status=NEW
2026-06-29 07:31:46 INFO LegacyService.App GET /orders/00000004 200 status=NEW
2026-06-29 07:32:11 INFO LegacyService.App GET /orders/00000020 200 status=PAID
2026-06-29 07:33:25 INFO LegacyService.App GET /report 200 date=2026-06-29 orders=5 total=1214.06
DEBUG: POST /orders payload={ Customer = Vandelay, Items = [ { sku: 'SKU-0005', qty: 4, unitPrice: 12.5 }, { sku: 'SKU-0002', qty: 2, unitPrice: 7.25 }, { sku: 'SKU-0006', qty: 1, unitPrice: 12.5 } ] }
2026-06-29 07:34:26 INFO LegacyService.Orders order 00000053 created customer=Vandelay items=3 total=77.00
created order 00000053 total=77
2026-06-29 07:34:26 INFO LegacyService.App POST /orders 201 id=00000053 total=77.00
DEBUG: POST /orders payload={ Customer = Wayne Retail, Items = [ { sku: 'SKU-0001', qty: 3, unitPrice: 12.5 } ] }
2026-06-29 07:35:26 INFO LegacyService.Orders order 00000054 created customer=Wayne Retail items=1 total=37.50
created order 00000054 total=37.5
2026-06-29 07:35:26 INFO LegacyService.App POST /orders 201 id=00000054 total=37.50
2026-06-29 07:36:20 INFO LegacyService.App GET /orders 200 count=3
2026-06-29 07:37:29 INFO LegacyService.App GET /report 200 date=2026-06-29 orders=6 total=1027.00
2026-06-29 07:38:29 INFO LegacyService.App GET /orders/00000008 200 status=SHIPPED
DEBUG: POST /orders payload={ Customer = Globex, Items = [ { sku: 'SKU-0007', qty: 3, unitPrice: 8.8 }, { sku: 'SKU-0007', qty: 3, unitPrice: 8.8 } ] }
2026-06-29 07:39:00 INFO LegacyService.Orders order 00000055 created customer=Globex items=2 total=52.80
created order 00000055 total=52.8
2026-06-29 07:39:00 INFO LegacyService.App POST /orders 201 id=00000055 total=52.80
2026-06-29 07:40:12 INFO LegacyService.App GET /orders/00000009 200 status=SHIPPED
DEBUG: POST /orders payload={ Customer = Initech, Items = [ { sku: 'SKU-0007', qty: 1, unitPrice: 7.25 } ] }
2026-06-29 07:41:25 INFO LegacyService.Orders order 00000056 created customer=Initech items=1 total=7.25
created order 00000056 total=7.25
2026-06-29 07:41:25 INFO LegacyService.App POST /orders 201 id=00000056 total=7.25
2026-06-29 07:41:53 INFO LegacyService.App GET /orders/00000040 200 status=CANCELLED
2026-06-29 07:42:25 INFO LegacyService.App GET /orders/00000056 200 status=NEW
2026-06-29 07:43:26 INFO LegacyService.App GET /orders/00000051 200 status=PAID
2026-06-29 07:44:11 INFO LegacyService.App GET /report 200 date=2026-06-29 orders=10 total=577.80
2026-06-29 07:45:41 INFO LegacyService.App GET /report 200 date=2026-06-29 orders=11 total=1231.23
2026-06-29 07:46:50 INFO LegacyService.App GET /orders 200 count=40
DEBUG: POST /orders payload={ Customer = Vandelay, Items = [ { sku: 'SKU-0001', qty: 2, unitPrice: 12.5 }, { sku: 'SKU-0005', qty: 3, unitPrice: 19.99 }, { sku: 'SKU-0006', qty: 2, unitPrice: 7.25 } ] }
2026-06-29 07:47:57 INFO LegacyService.Orders order 00000057 created customer=Vandelay items=3 total=99.47
created order 00000057 total=99.47
2026-06-29 07:47:57 INFO LegacyService.App POST /orders 201 id=00000057 total=99.47
2026-06-29 07:48:59 INFO LegacyService.App GET /orders/00000038 200 status=SHIPPED
2026-06-29 07:50:09 INFO LegacyService.App GET /orders/00000010 200 status=PAID
2026-06-29 07:50:41 INFO LegacyService.App GET /orders 200 count=26
2026-06-29 07:51:34 INFO LegacyService.App GET /orders/00000047 200 status=PAID
DEBUG: POST /orders payload={ Customer = Acme Ltd, Items = [ { sku: 'SKU-0006', qty: 1, unitPrice: 12.5 }, { sku: 'SKU-0002', qty: 1, unitPrice: 7.25 } ] }
2026-06-29 07:53:03 INFO LegacyService.Orders order 00000058 created customer=Acme Ltd items=2 total=19.75
created order 00000058 total=19.75
2026-06-29 07:53:03 INFO LegacyService.App POST /orders 201 id=00000058 total=19.75
2026-06-29 07:53:44 INFO LegacyService.App GET /orders/00000018 200 status=PAID
2026-06-29 07:55:02 INFO LegacyService.App GET /orders 200 count=36
2026-06-29 07:55:32 WARNING LegacyService.Orders rejected order: customer is required
2026-06-29 07:55:32 INFO LegacyService.App POST /orders 400 error="customer is required"
2026-06-29 07:57:02 INFO LegacyService.App GET /orders 200 count=32
2026-06-29 07:58:29 INFO LegacyService.App GET /orders/00000044 200 status=SHIPPED
2026-06-29 07:59:53 INFO LegacyService.App GET /orders/00000043 404
DEBUG: POST /orders payload={ Customer = Soylent Foods, Items = [ { sku: 'SKU-0001', qty: 3, unitPrice: 7.25 }, { sku: 'SKU-0003', qty: 2, unitPrice: 12.5 }, { sku: 'SKU-0004', qty: 4, unitPrice: 4.95 } ] }
2026-06-29 08:00:57 INFO LegacyService.Orders order 00000059 created customer=Soylent Foods items=3 total=66.55
created order 00000059 total=66.55
2026-06-29 08:00:57 INFO LegacyService.App POST /orders 201 id=00000059 total=66.55
2026-06-29 08:01:18 INFO LegacyService.App GET /orders 200 count=1
2026-06-29 08:02:24 INFO LegacyService.App GET /report 200 date=2026-06-29 orders=8 total=1077.74
2026-06-29 08:03:19 INFO LegacyService.App GET /orders/00000059 200 status=PAID
2026-06-29 08:04:18 INFO LegacyService.App GET /orders/00000017 200 status=SHIPPED
2026-06-29 08:04:53 INFO LegacyService.App GET /orders/00000036 200 status=SHIPPED
DEBUG: POST /orders payload={ Customer = Northwind Traders, Items = [ { sku: 'SKU-0001', qty: 3, unitPrice: 7.25 }, { sku: 'SKU-0006', qty: 2, unitPrice: 19.99 } ] }
2026-06-29 08:05:13 INFO LegacyService.Orders order 00000060 created customer=Northwind Traders items=2 total=61.73
created order 00000060 total=61.73
2026-06-29 08:05:13 INFO LegacyService.App POST /orders 201 id=00000060 total=61.73
2026-06-29 08:06:29 INFO LegacyService.App GET /orders 200 count=16
2026-06-29 08:07:03 INFO LegacyService.App GET /orders/00000050 404
2026-06-29 08:08:20 INFO LegacyService.App GET /orders/00000031 200 status=SHIPPED
2026-06-29 08:09:20 INFO LegacyService.App GET /orders/00000029 200 status=PAID
2026-06-29 08:09:47 INFO LegacyService.App GET /report 200 date=2026-06-29 orders=6 total=1589.14
2026-06-29 08:10:17 INFO LegacyService.App GET /orders/00000027 200 status=PAID
2026-06-29 08:11:16 INFO LegacyService.App GET /orders/00000024 404
DEBUG: POST /orders payload={ Customer = Stark Supplies, Items = [ { sku: 'SKU-0006', qty: 1, unitPrice: 8.8 } ] }
2026-06-29 08:12:38 INFO LegacyService.Orders order 00000061 created customer=Stark Supplies items=1 total=8.80
created order 00000061 total=8.8
2026-06-29 08:12:38 INFO LegacyService.App POST /orders 201 id=00000061 total=8.80
2026-06-29 08:12:54 INFO LegacyService.App GET /report 200 date=2026-06-29 orders=12 total=637.31
2026-06-29 08:13:52 INFO LegacyService.App GET /orders 200 count=40
2026-06-29 08:14:30 INFO LegacyService.App GET /orders/00000005 200 status=NEW
2026-06-29 08:15:32 INFO LegacyService.App GET /orders/00000030 200 status=NEW
DEBUG: POST /orders payload={ Customer = Umbrella Co, Items = [ { sku: 'SKU-0008', qty: 4, unitPrice: 4.95 }, { sku: 'SKU-0006', qty: 2, unitPrice: 19.99 }, { sku: 'SKU-0006', qty: 3, unitPrice: 19.99 } ] }
2026-06-29 08:15:54 INFO LegacyService.Orders order 00000062 created customer=Umbrella Co items=3 total=119.75
created order 00000062 total=119.75
2026-06-29 08:15:54 INFO LegacyService.App POST /orders 201 id=00000062 total=119.75
DEBUG: POST /orders payload={ Customer = Umbrella Co, Items = [ { sku: 'SKU-0003', qty: 2, unitPrice: 19.99 }, { sku: 'SKU-0001', qty: 2, unitPrice: 7.25 } ] }
2026-06-29 08:16:46 INFO LegacyService.Orders order 00000063 created customer=Umbrella Co items=2 total=54.48
created order 00000063 total=54.48
2026-06-29 08:16:46 INFO LegacyService.App POST /orders 201 id=00000063 total=54.48
2026-06-29 08:17:23 INFO LegacyService.App GET /orders/00000002 200 status=CANCELLED
DEBUG: POST /orders payload={ Customer = Soylent Foods, Items = [ { sku: 'SKU-0008', qty: 2, unitPrice: 8.8 }, { sku: 'SKU-0009', qty: 3, unitPrice: 19.99 } ] }
2026-06-29 08:18:05 INFO LegacyService.Orders order 00000064 created customer=Soylent Foods items=2 total=77.57
created order 00000064 total=77.57
2026-06-29 08:18:05 INFO LegacyService.App POST /orders 201 id=00000064 total=77.57
2026-06-29 08:18:33 WARNING LegacyService.Orders rejected order: at least one item is required
2026-06-29 08:18:33 INFO LegacyService.App POST /orders 400 error="at least one item is required"
2026-06-29 08:19:37 INFO LegacyService.App GET /orders/00000023 200 status=SHIPPED
2026-06-29 08:20:10 INFO LegacyService.App GET /orders 200 count=2
2026-06-29 08:21:08 INFO LegacyService.App GET /orders/00000058 200 status=SHIPPED
DEBUG: POST /orders payload={ Customer = Hooli, Items = [ { sku: 'SKU-0007', qty: 4, unitPrice: 7.25 } ] }
2026-06-29 08:21:36 INFO LegacyService.Orders order 00000065 created customer=Hooli items=1 total=29.00
created order 00000065 total=29
2026-06-29 08:21:36 INFO LegacyService.App POST /orders 201 id=00000065 total=29.00
2026-06-29 08:22:23 INFO LegacyService.App GET /orders/00000045 200 status=NEW
DEBUG: POST /orders payload={ Customer = Stark Supplies, Items = [ { sku: 'SKU-0009', qty: 2, unitPrice: 19.99 }, { sku: 'SKU-0003', qty: 2, unitPrice: 4.95 }, { sku: 'SKU-0003', qty: 2, unitPrice: 19.99 } ] }
2026-06-29 08:23:37 INFO LegacyService.Orders order 00000066 created customer=Stark Supplies items=3 total=89.86
created order 00000066 total=89.86
2026-06-29 08:23:37 INFO LegacyService.App POST /orders 201 id=00000066 total=89.86
DEBUG: POST /orders payload={ Customer = Wayne Retail, Items = [ { sku: 'SKU-0008', qty: 3, unitPrice: 8.8 }, { sku: 'SKU-0002', qty: 1, unitPrice: 19.99 }, { sku: 'SKU-0003', qty: 1, unitPrice: 4.95 } ] }
2026-06-29 08:24:28 INFO LegacyService.Orders order 00000067 created customer=Wayne Retail items=3 total=51.34
created order 00000067 total=51.34
2026-06-29 08:24:28 INFO LegacyService.App POST /orders 201 id=00000067 total=51.34
2026-06-29 08:25:06 INFO LegacyService.App GET /orders/00000024 200 status=PAID
2026-06-29 08:25:55 INFO LegacyService.App GET /orders/00000066 200 status=PAID
2026-06-29 08:26:15 INFO LegacyService.App GET /orders/00000046 200 status=SHIPPED
2026-06-29 08:27:42 INFO LegacyService.App GET /orders/00000055 200 status=PAID
2026-06-29 08:28:01 INFO LegacyService.App GET /orders/00000005 200 status=SHIPPED
2026-06-29 08:28:51 INFO LegacyService.App GET /orders/00000029 404
DEBUG: POST /orders payload={ Customer = Globex, Items = [ { sku: 'SKU-0005', qty: 1, unitPrice: 8.8 }, { sku: 'SKU-0009', qty: 2, unitPrice: 8.8 } ] }
2026-06-29 08:29:55 INFO LegacyService.Orders order 00000068 created customer=Globex items=2 total=26.40
created order 00000068 total=26.4
2026-06-29 08:29:55 INFO LegacyService.App POST /orders 201 id=00000068 total=26.40
2026-06-29 08:31:12 INFO LegacyService.App GET /orders/00000010 200 status=PAID
2026-06-29 08:32:13 INFO LegacyService.App GET /orders 200 count=6
2026-06-29 08:33:39 INFO LegacyService.App GET /orders/00000017 200 status=PAID
DEBUG: POST /orders payload={ Customer = Initech, Items = [ { sku: 'SKU-0003', qty: 2, unitPrice: 12.5 } ] }
2026-06-29 08:35:02 INFO LegacyService.Orders order 00000069 created customer=Initech items=1 total=25.00
created order 00000069 total=25
2026-06-29 08:35:02 INFO LegacyService.App POST /orders 201 id=00000069 total=25.00
2026-06-29 08:36:27 INFO LegacyService.App GET /orders/00000041 200 status=NEW
2026-06-29 08:37:45 INFO LegacyService.App GET /report 200 date=2026-06-29 orders=10 total=499.65
2026-06-29 08:38:42 WARNING LegacyService.Orders rejected order: customer is required
2026-06-29 08:38:42 INFO LegacyService.App POST /orders 400 error="customer is required"
2026-06-29 08:40:07 INFO LegacyService.App GET /report 200 date=2026-06-29 orders=10 total=406.38
DEBUG: POST /orders payload={ Customer = Soylent Foods, Items = [ { sku: 'SKU-0002', qty: 2, unitPrice: 19.99 }, { sku: 'SKU-0003', qty: 4, unitPrice: 7.25 } ] }
2026-06-29 08:41:32 INFO LegacyService.Orders order 00000070 created customer=Soylent Foods items=2 total=68.98
created order 00000070 total=68.98
2026-06-29 08:41:32 INFO LegacyService.App POST /orders 201 id=00000070 total=68.98
2026-06-29 08:42:06 INFO LegacyService.App GET /orders/00000001 200 status=NEW
2026-06-29 08:43:01 INFO LegacyService.App GET /orders 200 count=44
2026-06-29 08:43:18 INFO LegacyService.App GET /orders 200 count=40
2026-06-29 08:43:46 INFO LegacyService.App GET /orders 200 count=25
2026-06-29 08:44:56 WARNING LegacyService.Orders rejected order: discount_pct out of range
2026-06-29 08:44:56 INFO LegacyService.App POST /orders 400 error="discount_pct out of range"
2026-06-29 08:45:40 INFO LegacyService.App GET /orders/00000015 200 status=SHIPPED
2026-06-29 08:46:18 INFO LegacyService.App GET /orders 200 count=20
2026-06-29 08:47:04 INFO LegacyService.App GET /orders 200 count=2
2026-06-29 08:47:47 INFO LegacyService.App GET /orders 200 count=15
2026-06-29 08:48:25 INFO LegacyService.App GET /orders/00000029 200 status=SHIPPED
2026-06-29 08:49:24 WARNING LegacyService.Orders rejected order: at least one item is required
2026-06-29 08:49:24 INFO LegacyService.App POST /orders 400 error="at least one item is required"
2026-06-29 08:50:09 INFO LegacyService.App GET /orders 200 count=4
2026-06-29 08:51:25 INFO LegacyService.App GET /orders/00000020 200 status=NEW
DEBUG: POST /orders payload={ Customer = Northwind Traders, Items = [ { sku: 'SKU-0007', qty: 1, unitPrice: 12.5 }, { sku: 'SKU-0008', qty: 3, unitPrice: 8.8 } ] }
2026-06-29 08:52:00 INFO LegacyService.Orders order 00000071 created customer=Northwind Traders items=2 total=38.90
created order 00000071 total=38.9
2026-06-29 08:52:00 INFO LegacyService.App POST /orders 201 id=00000071 total=38.90
DEBUG: POST /orders payload={ Customer = Wayne Retail, Items = [ { sku: 'SKU-0005', qty: 2, unitPrice: 12.5 }, { sku: 'SKU-0002', qty: 2, unitPrice: 8.8 }, { sku: 'SKU-0001', qty: 4, unitPrice: 19.99 } ] }
2026-06-29 08:52:48 INFO LegacyService.Orders order 00000072 created customer=Wayne Retail items=3 total=122.56
created order 00000072 total=122.56
2026-06-29 08:52:48 INFO LegacyService.App POST /orders 201 id=00000072 total=122.56
2026-06-29 08:53:29 INFO LegacyService.App GET /orders/00000066 200 status=SHIPPED
DEBUG: POST /orders payload={ Customer = Northwind Traders, Items = [ { sku: 'SKU-0006', qty: 1, unitPrice: 4.95 } ] }
2026-06-29 08:54:49 INFO LegacyService.Orders order 00000073 created customer=Northwind Traders items=1 total=4.95
created order 00000073 total=4.95
2026-06-29 08:54:49 INFO LegacyService.App POST /orders 201 id=00000073 total=4.95
2026-06-29 08:55:35 INFO LegacyService.App GET /orders/00000013 200 status=PAID
2026-06-29 08:56:36 INFO LegacyService.App GET /orders 200 count=43
2026-06-29 08:57:34 INFO LegacyService.App GET /orders/00000010 200 status=PAID
2026-06-29 08:57:52 INFO LegacyService.App GET /orders 200 count=18
DEBUG: POST /orders payload={ Customer = Soylent Foods, Items = [ { sku: 'SKU-0004', qty: 2, unitPrice: 8.8 } ] }
2026-06-29 08:58:08 INFO LegacyService.Orders order 00000074 created customer=Soylent Foods items=1 total=17.60
created order 00000074 total=17.6
2026-06-29 08:58:08 INFO LegacyService.App POST /orders 201 id=00000074 total=17.60
DEBUG: POST /orders payload={ Customer = Globex, Items = [ { sku: 'SKU-0009', qty: 1, unitPrice: 8.8 }, { sku: 'SKU-0002', qty: 1, unitPrice: 12.5 }, { sku: 'SKU-0007', qty: 1, unitPrice: 4.95 } ] }
2026-06-29 08:58:53 INFO LegacyService.Orders order 00000075 created customer=Globex items=3 total=26.25
created order 00000075 total=26.25
2026-06-29 08:58:53 INFO LegacyService.App POST /orders 201 id=00000075 total=26.25
2026-06-29 08:59:30 INFO LegacyService.App GET /orders 200 count=11
2026-06-29 09:00:13 INFO LegacyService.App GET /orders 200 count=3
2026-06-29 09:01:12 INFO LegacyService.App GET /orders/00000066 200 status=PAID
2026-06-29 09:02:14 INFO LegacyService.App GET /orders/00000028 200 status=PAID
2026-06-29 09:03:36 INFO LegacyService.App GET /orders/00000068 200 status=PAID
DEBUG: POST /orders payload={ Customer = Acme Ltd, Items = [ { sku: 'SKU-0005', qty: 4, unitPrice: 7.25 }, { sku: 'SKU-0001', qty: 4, unitPrice: 4.95 }, { sku: 'SKU-0006', qty: 4, unitPrice: 4.95 } ] }
2026-06-29 09:04:49 INFO LegacyService.Orders order 00000076 created customer=Acme Ltd items=3 total=68.60
created order 00000076 total=68.6
2026-06-29 09:04:49 INFO LegacyService.App POST /orders 201 id=00000076 total=68.60
2026-06-29 09:05:07 INFO LegacyService.App GET /orders 200 count=30
DEBUG: POST /orders payload={ Customer = Initech, Items = [ { sku: 'SKU-0006', qty: 3, unitPrice: 7.25 }, { sku: 'SKU-0007', qty: 2, unitPrice: 7.25 }, { sku: 'SKU-0006', qty: 3, unitPrice: 7.25 } ] }
2026-06-29 09:05:51 INFO LegacyService.Orders order 00000077 created customer=Initech items=3 total=58.00
created order 00000077 total=58
2026-06-29 09:05:51 INFO LegacyService.App POST /orders 201 id=00000077 total=58.00
2026-06-29 09:06:27 INFO LegacyService.App GET /orders 200 count=42
2026-06-29 09:06:50 INFO LegacyService.App GET /report 200 date=2026-06-29 orders=9 total=1380.03
DEBUG: POST /orders payload={ Customer = Vandelay, Items = [ { sku: 'SKU-0008', qty: 1, unitPrice: 8.8 } ] }
2026-06-29 09:07:16 INFO LegacyService.Orders order 00000078 created customer=Vandelay items=1 total=8.80
created order 00000078 total=8.8
2026-06-29 09:07:16 INFO LegacyService.App POST /orders 201 id=00000078 total=8.80
DEBUG: POST /orders payload={ Customer = Wayne Retail, Items = [ { sku: 'SKU-0003', qty: 3, unitPrice: 8.8 }, { sku: 'SKU-0005', qty: 2, unitPrice: 12.5 }, { sku: 'SKU-0001', qty: 4, unitPrice: 4.95 } ] }
2026-06-29 09:08:27 INFO LegacyService.Orders order 00000079 created customer=Wayne Retail items=3 total=71.20
created order 00000079 total=71.2
2026-06-29 09:08:27 INFO LegacyService.App POST /orders 201 id=00000079 total=71.20
2026-06-29 09:08:44 INFO LegacyService.App GET /orders/00000036 200 status=NEW
2026-06-29 09:09:01 INFO LegacyService.App GET /orders/00000054 200 status=CANCELLED
2026-06-29 09:10:22 INFO LegacyService.App GET /orders/00000041 200 status=PAID
DEBUG: POST /orders payload={ Customer = Acme Ltd, Items = [ { sku: 'SKU-0004', qty: 3, unitPrice: 8.8 } ] }
2026-06-29 09:11:32 INFO LegacyService.Orders order 00000080 created customer=Acme Ltd items=1 total=26.40
created order 00000080 total=26.4
2026-06-29 09:11:32 INFO LegacyService.App POST /orders 201 id=00000080 total=26.40
2026-06-29 09:12:44 INFO LegacyService.App GET /orders/00000007 200 status=NEW
DEBUG: POST /orders payload={ Customer = Soylent Foods, Items = [ { sku: 'SKU-0001', qty: 4, unitPrice: 7.25 } ] }
2026-06-29 09:13:02 INFO LegacyService.Orders order 00000081 created customer=Soylent Foods items=1 total=29.00
created order 00000081 total=29
2026-06-29 09:13:02 INFO LegacyService.App POST /orders 201 id=00000081 total=29.00
2026-06-29 09:13:28 INFO LegacyService.App GET /orders/00000004 200 status=PAID
2026-06-29 09:13:30 WARNING Monitor order 00000007 shows NEW in API but SHIPPED in WMS (cache?)
2026-06-29 09:14:43 INFO LegacyService.App GET /report 200 date=2026-06-29 orders=6 total=406.56
DEBUG: POST /orders payload={ Customer = Hooli, Items = [ { sku: 'SKU-0008', qty: 4, unitPrice: 7.25 } ] }
2026-06-29 09:15:01 INFO LegacyService.Orders order 00000082 created customer=Hooli items=1 total=29.00
created order 00000082 total=29
2026-06-29 09:15:01 INFO LegacyService.App POST /orders 201 id=00000082 total=29.00
DEBUG: POST /orders payload={ Customer = Acme Ltd, Items = [ { sku: 'SKU-0007', qty: 2, unitPrice: 12.5 }, { sku: 'SKU-0001', qty: 2, unitPrice: 7.25 } ] }
2026-06-29 09:16:02 INFO LegacyService.Orders order 00000083 created customer=Acme Ltd items=2 total=39.50
created order 00000083 total=39.5
2026-06-29 09:16:02 INFO LegacyService.App POST /orders 201 id=00000083 total=39.50
2026-06-29 09:16:21 INFO LegacyService.App GET /orders/00000068 200 status=CANCELLED
2026-06-29 09:16:36 INFO LegacyService.App GET /orders 200 count=45
2026-06-29 09:17:49 INFO LegacyService.App GET /orders 200 count=42
2026-06-29 09:18:22 INFO LegacyService.App GET /orders/00000068 200 status=SHIPPED
2026-06-29 09:19:32 INFO LegacyService.App GET /orders/00000020 200 status=PAID
2026-06-29 09:19:58 INFO LegacyService.App GET /orders/00000073 200 status=SHIPPED
2026-06-29 09:21:25 INFO LegacyService.App GET /orders/00000002 200 status=SHIPPED
DEBUG: POST /orders payload={ Customer = Wayne Retail, Items = [ { sku: 'SKU-0006', qty: 2, unitPrice: 8.8 }, { sku: 'SKU-0002', qty: 4, unitPrice: 4.95 }, { sku: 'SKU-0003', qty: 1, unitPrice: 4.95 } ] }
2026-06-29 09:21:41 INFO LegacyService.Orders order 00000084 created customer=Wayne Retail items=3 total=42.35
created order 00000084 total=42.35
2026-06-29 09:21:41 INFO LegacyService.App POST /orders 201 id=00000084 total=42.35
2026-06-29 09:23:06 INFO LegacyService.App GET /orders/00000048 200 status=CANCELLED
DEBUG: POST /orders payload={ Customer = Umbrella Co, Items = [ { sku: 'SKU-0007', qty: 1, unitPrice: 8.8 }, { sku: 'SKU-0003', qty: 4, unitPrice: 19.99 }, { sku: 'SKU-0004', qty: 1, unitPrice: 4.95 } ] }
2026-06-29 09:23:38 INFO LegacyService.Orders order 00000085 created customer=Umbrella Co items=3 total=93.71
created order 00000085 total=93.71
2026-06-29 09:23:38 INFO LegacyService.App POST /orders 201 id=00000085 total=93.71
2026-06-29 09:25:00 INFO LegacyService.App GET /orders/00000073 200 status=PAID
2026-06-29 09:25:59 INFO LegacyService.App GET /orders/00000085 200 status=CANCELLED
2026-06-29 09:27:19 INFO LegacyService.App GET /orders 200 count=15
2026-06-29 09:27:38 INFO LegacyService.App GET /orders/00000062 200 status=SHIPPED
DEBUG: POST /orders payload={ Customer = Initech, Items = [ { sku: 'SKU-0009', qty: 2, unitPrice: 4.95 }, { sku: 'SKU-0001', qty: 2, unitPrice: 8.8 }, { sku: 'SKU-0004', qty: 2, unitPrice: 8.8 } ] }
2026-06-29 09:29:04 INFO LegacyService.Orders order 00000086 created customer=Initech items=3 total=45.10
created order 00000086 total=45.1
2026-06-29 09:29:04 INFO LegacyService.App POST /orders 201 id=00000086 total=45.10
DEBUG: POST /orders payload={ Customer = Vandelay, Items = [ { sku: 'SKU-0009', qty: 2, unitPrice: 19.99 }, { sku: 'SKU-0009', qty: 4, unitPrice: 19.99 } ] }
2026-06-29 09:30:23 INFO LegacyService.Orders order 00000087 created customer=Vandelay items=2 total=119.94
created order 00000087 total=119.94
2026-06-29 09:30:23 INFO LegacyService.App POST /orders 201 id=00000087 total=119.94
2026-06-29 09:31:47 INFO LegacyService.App GET /orders/00000086 200 status=PAID
2026-06-29 09:32:38 INFO LegacyService.App GET /orders/00000072 200 status=CANCELLED
2026-06-29 09:33:12 INFO LegacyService.App GET /orders/00000032 200 status=NEW
2026-06-29 09:33:38 INFO LegacyService.App GET /orders 200 count=29
2026-06-29 09:34:25 INFO LegacyService.App GET /orders/00000020 200 status=SHIPPED
2026-06-29 09:35:41 INFO LegacyService.App GET /orders/00000060 200 status=SHIPPED
2026-06-29 09:36:04 INFO LegacyService.App GET /orders/00000073 200 status=CANCELLED
2026-06-29 09:36:57 INFO LegacyService.App GET /orders 200 count=35
DEBUG: POST /orders payload={ Customer = Hooli, Items = [ { sku: 'SKU-0003', qty: 1, unitPrice: 8.8 }, { sku: 'SKU-0005', qty: 3, unitPrice: 12.5 } ] }
2026-06-29 09:38:24 INFO LegacyService.Orders order 00000088 created customer=Hooli items=2 total=46.30
created order 00000088 total=46.3
2026-06-29 09:38:24 INFO LegacyService.App POST /orders 201 id=00000088 total=46.30
2026-06-29 09:39:08 INFO LegacyService.App GET /orders/00000030 200 status=CANCELLED
2026-06-29 09:40:04 INFO LegacyService.App GET /orders 200 count=42
2026-06-29 09:41:31 INFO LegacyService.App GET /orders/00000033 200 status=SHIPPED
2026-06-29 09:42:36 INFO LegacyService.App GET /orders/00000051 200 status=PAID
2026-06-29 09:43:03 INFO LegacyService.App GET /orders/00000039 200 status=PAID
2026-06-29 09:43:49 INFO LegacyService.App GET /orders/00000076 200 status=CANCELLED
2026-06-29 09:45:15 INFO LegacyService.App GET /orders/00000074 200 status=NEW
2026-06-29 09:46:13 INFO LegacyService.App GET /orders/00000021 200 status=PAID
2026-06-29 09:46:50 INFO LegacyService.App GET /orders/00000033 200 status=SHIPPED
2026-06-29 09:47:21 INFO LegacyService.App GET /orders/00000069 200 status=NEW
DEBUG: POST /orders payload={ Customer = Initech, Items = [ { sku: 'SKU-0003', qty: 2, unitPrice: 19.99 }, { sku: 'SKU-0005', qty: 3, unitPrice: 8.8 } ] }
2026-06-29 09:48:04 INFO LegacyService.Orders order 00000089 created customer=Initech items=2 total=66.38
created order 00000089 total=66.38
2026-06-29 09:48:04 INFO LegacyService.App POST /orders 201 id=00000089 total=66.38
2026-06-29 09:49:06 INFO LegacyService.App GET /orders/00000075 200 status=CANCELLED
2026-06-29 09:50:17 INFO LegacyService.App GET /orders/00000011 200 status=NEW
2026-06-29 09:50:59 WARNING LegacyService.Orders rejected order: customer is required
2026-06-29 09:50:59 INFO LegacyService.App POST /orders 400 error="customer is required"
2026-06-29 09:51:44 WARNING LegacyService.Orders rejected order: discount_pct out of range
2026-06-29 09:51:44 INFO LegacyService.App POST /orders 400 error="discount_pct out of range"
2026-06-29 09:52:02 INFO LegacyService.App GET /orders/00000026 200 status=NEW
DEBUG: POST /orders payload={ Customer = Stark Supplies, Items = [ { sku: 'SKU-0003', qty: 4, unitPrice: 4.95 }, { sku: 'SKU-0009', qty: 4, unitPrice: 12.5 } ] }
2026-06-29 09:52:48 INFO LegacyService.Orders order 00000090 created customer=Stark Supplies items=2 total=69.80
created order 00000090 total=69.8
2026-06-29 09:52:48 INFO LegacyService.App POST /orders 201 id=00000090 total=69.80
DEBUG: POST /orders payload={ Customer = Initech, Items = [ { sku: 'SKU-0002', qty: 2, unitPrice: 7.25 }, { sku: 'SKU-0003', qty: 4, unitPrice: 7.25 }, { sku: 'SKU-0002', qty: 3, unitPrice: 19.99 } ] }
2026-06-29 09:54:00 INFO LegacyService.Orders order 00000091 created customer=Initech items=3 total=103.47
created order 00000091 total=103.47
2026-06-29 09:54:00 INFO LegacyService.App POST /orders 201 id=00000091 total=103.47
2026-06-29 09:55:18 INFO LegacyService.App GET /orders 200 count=18
2026-06-29 09:56:42 INFO LegacyService.App GET /orders 200 count=21
DEBUG: POST /orders payload={ Customer = Globex, Items = [ { sku: 'SKU-0008', qty: 1, unitPrice: 4.95 }, { sku: 'SKU-0003', qty: 1, unitPrice: 7.25 } ] }
2026-06-29 09:57:15 INFO LegacyService.Orders order 00000092 created customer=Globex items=2 total=12.20
created order 00000092 total=12.2
2026-06-29 09:57:15 INFO LegacyService.App POST /orders 201 id=00000092 total=12.20
2026-06-29 09:58:35 INFO LegacyService.App GET /orders/00000015 200 status=PAID
2026-06-29 09:59:36 INFO LegacyService.App GET /orders/00000088 200 status=CANCELLED
2026-06-29 10:00:22 INFO LegacyService.App GET /orders/00000006 200 status=PAID
DEBUG: POST /orders payload={ Customer = Stark Supplies, Items = [ { sku: 'SKU-0001', qty: 4, unitPrice: 8.8 }, { sku: 'SKU-0007', qty: 3, unitPrice: 12.5 }, { sku: 'SKU-0008', qty: 3, unitPrice: 4.95 } ] }
2026-06-29 10:01:44 INFO LegacyService.Orders order 00000093 created customer=Stark Supplies items=3 total=87.55
created order 00000093 total=87.55
2026-06-29 10:01:44 INFO LegacyService.App POST /orders 201 id=00000093 total=87.55
2026-06-29 10:02:37 INFO LegacyService.App GET /orders 200 count=43
DEBUG: POST /orders payload={ Customer = Wayne Retail, Items = [ { sku: 'SKU-0007', qty: 1, unitPrice: 12.5 }, { sku: 'SKU-0007', qty: 1, unitPrice: 19.99 }, { sku: 'SKU-0004', qty: 1, unitPrice: 7.25 } ] }
2026-06-29 10:03:01 INFO LegacyService.Orders order 00000094 created customer=Wayne Retail items=3 total=39.74
created order 00000094 total=39.74
2026-06-29 10:03:01 INFO LegacyService.App POST /orders 201 id=00000094 total=39.74
2026-06-29 23:50:05 INFO LegacyService.Reconcile reconcile_day start date=2026-06-29
2026-06-29 23:50:09 WARNING LegacyService.Reconcile total mismatch order=00000015 stored=9.40 recomputed=9.41 delta=0.01
