db ready at orderbase.db
OrderBase v1.4.2 listening on 0.0.0.0:5057 (debug=True)
2026-06-28 00:08:46 INFO LegacyService.App GET /orders/00000009 200 status=SHIPPED
DEBUG: POST /orders payload={ Customer = Globex, Items = [ { sku: 'SKU-0005', qty: 2, unitPrice: 4.95 } ] }
2026-06-28 00:12:09 INFO LegacyService.Orders order 00000033 created customer=Globex items=1 total=9.90
created order 00000033 total=9.9
2026-06-28 00:12:09 INFO LegacyService.App POST /orders 201 id=00000033 total=9.90
2026-06-28 00:16:14 INFO LegacyService.App GET /orders 200 count=2
2026-06-28 00:24:45 INFO LegacyService.App GET /orders 200 count=20
2026-06-28 00:27:58 INFO LegacyService.App GET /orders/00000024 200 status=SHIPPED
DEBUG: POST /orders payload={ Customer = Northwind Traders, Items = [ { sku: 'SKU-0007', qty: 3, unitPrice: 19.99 }, { sku: 'SKU-0001', qty: 2, unitPrice: 12.5 }, { sku: 'SKU-0008', qty: 1, unitPrice: 12.5 } ] }
2026-06-28 00:30:19 INFO LegacyService.Orders order 00000034 created customer=Northwind Traders items=3 total=97.47
created order 00000034 total=97.47
2026-06-28 00:30:19 INFO LegacyService.App POST /orders 201 id=00000034 total=97.47
DEBUG: POST /orders payload={ Customer = Initech, Items = [ { sku: 'SKU-0001', qty: 1, unitPrice: 7.25 } ] }
2026-06-28 00:38:46 INFO LegacyService.Orders order 00000035 created customer=Initech items=1 total=7.25
created order 00000035 total=7.25
2026-06-28 00:38:46 INFO LegacyService.App POST /orders 201 id=00000035 total=7.25
2026-06-28 00:45:47 INFO LegacyService.App GET /orders/00000009 200 status=PAID
2026-06-28 00:52:58 INFO LegacyService.App GET /orders/00000002 200 status=SHIPPED
2026-06-28 00:55:22 INFO LegacyService.App GET /orders 200 count=36
2026-06-28 01:02:24 INFO LegacyService.App GET /orders/00000001 200 status=PAID
DEBUG: POST /orders payload={ Customer = Acme Ltd, Items = [ { sku: 'SKU-0001', qty: 4, unitPrice: 12.5 }, { sku: 'SKU-0005', qty: 2, unitPrice: 19.99 } ] }
2026-06-28 01:04:57 INFO LegacyService.Orders order 00000036 created customer=Acme Ltd items=2 total=89.98
created order 00000036 total=89.98
2026-06-28 01:04:57 INFO LegacyService.App POST /orders 201 id=00000036 total=89.98
2026-06-28 01:13:35 INFO LegacyService.App GET /orders/00000001 200 status=SHIPPED
2026-06-28 01:15:51 INFO LegacyService.App GET /report 200 date=2026-06-28 orders=14 total=899.55
DEBUG: POST /orders payload={ Customer = Acme Ltd, Items = [ { sku: 'SKU-0002', qty: 2, unitPrice: 7.25 }, { sku: 'SKU-0005', qty: 2, unitPrice: 4.95 } ] }
2026-06-28 01:20:51 INFO LegacyService.Orders order 00000037 created customer=Acme Ltd items=2 total=24.40
created order 00000037 total=24.4
2026-06-28 01:20:51 INFO LegacyService.App POST /orders 201 id=00000037 total=24.40
2026-06-28 01:30:07 INFO LegacyService.App GET /orders 200 count=37
2026-06-28 01:32:16 INFO LegacyService.App GET /report 200 date=2026-06-28 orders=14 total=732.68
2026-06-28 01:39:57 INFO LegacyService.App GET /orders/00000004 200 status=PAID
2026-06-28 01:48:10 INFO LegacyService.App GET /orders/00000005 200 status=SHIPPED
2026-06-28 01:54:16 WARNING LegacyService.Orders rejected order: discount_pct out of range
2026-06-28 01:54:16 INFO LegacyService.App POST /orders 400 error="discount_pct out of range"
DEBUG: POST /orders payload={ Customer = Globex, Items = [ { sku: 'SKU-0009', qty: 3, unitPrice: 19.99 }, { sku: 'SKU-0004', qty: 4, unitPrice: 19.99 } ] }
2026-06-28 02:01:39 INFO LegacyService.Orders order 00000038 created customer=Globex items=2 total=139.93
created order 00000038 total=139.93
2026-06-28 02:01:39 INFO LegacyService.App POST /orders 201 id=00000038 total=139.93
2026-06-28 02:05:24 INFO LegacyService.App GET /orders/00000002 200 status=SHIPPED
2026-06-28 02:10:47 INFO LegacyService.App GET /orders/00000038 200 status=NEW
2026-06-28 02:15:21 INFO LegacyService.App GET /orders/00000029 200 status=NEW
2026-06-28 02:17:41 INFO LegacyService.App GET /report 200 date=2026-06-28 orders=13 total=609.50
2026-06-28 02:27:06 INFO LegacyService.App GET /report 200 date=2026-06-28 orders=7 total=1008.95
DEBUG: POST /orders payload={ Customer = Northwind Traders, Items = [ { sku: 'SKU-0002', qty: 1, unitPrice: 4.95 } ] }
2026-06-28 02:34:11 INFO LegacyService.Orders order 00000039 created customer=Northwind Traders items=1 total=4.95
created order 00000039 total=4.95
2026-06-28 02:34:11 INFO LegacyService.App POST /orders 201 id=00000039 total=4.95
2026-06-28 02:43:39 WARNING LegacyService.Orders rejected order: discount_pct out of range
2026-06-28 02:43:39 INFO LegacyService.App POST /orders 400 error="discount_pct out of range"
2026-06-28 02:46:44 INFO LegacyService.App GET /report 200 date=2026-06-28 orders=6 total=683.20
2026-06-28 02:53:13 INFO LegacyService.App GET /orders 200 count=36
2026-06-28 02:56:11 INFO LegacyService.App GET /orders 200 count=20
2026-06-28 03:05:14 INFO LegacyService.App GET /orders 200 count=18
2026-06-28 03:14:57 INFO LegacyService.App GET /orders 200 count=28
DEBUG: POST /orders payload={ Customer = Northwind Traders, Items = [ { sku: 'SKU-0001', qty: 1, unitPrice: 8.8 } ] }
2026-06-28 03:24:32 INFO LegacyService.Orders order 00000040 created customer=Northwind Traders items=1 total=8.80
created order 00000040 total=8.8
2026-06-28 03:24:32 INFO LegacyService.App POST /orders 201 id=00000040 total=8.80
2026-06-28 03:32:18 INFO LegacyService.App GET /orders/00000024 200 status=NEW
2026-06-28 03:41:36 WARNING LegacyService.Orders rejected order: discount_pct out of range
2026-06-28 03:41:36 INFO LegacyService.App POST /orders 400 error="discount_pct out of range"
2026-06-28 03:44:59 INFO LegacyService.App GET /orders/00000022 200 status=CANCELLED
DEBUG: POST /orders payload={ Customer = Globex, Items = [ { sku: 'SKU-0005', qty: 4, unitPrice: 4.95 }, { sku: 'SKU-0008', qty: 3, unitPrice: 19.99 } ] }
2026-06-28 03:53:34 INFO LegacyService.Orders order 00000041 created customer=Globex items=2 total=79.77
created order 00000041 total=79.77
2026-06-28 03:53:34 INFO LegacyService.App POST /orders 201 id=00000041 total=79.77
2026-06-28 03:57:47 INFO LegacyService.App GET /orders/00000035 200 status=NEW
DEBUG: POST /orders payload={ Customer = Hooli, Items = [ { sku: 'SKU-0009', qty: 4, unitPrice: 12.5 }, { sku: 'SKU-0009', qty: 4, unitPrice: 19.99 }, { sku: 'SKU-0006', qty: 1, unitPrice: 7.25 } ] }
2026-06-28 04:03:09 INFO LegacyService.Orders order 00000042 created customer=Hooli items=3 total=137.21
created order 00000042 total=137.21
2026-06-28 04:03:09 INFO LegacyService.App POST /orders 201 id=00000042 total=137.21
DEBUG: POST /orders payload={ Customer = Northwind Traders, Items = [ { sku: 'SKU-0004', qty: 3, unitPrice: 7.25 }, { sku: 'SKU-0002', qty: 3, unitPrice: 7.25 }, { sku: 'SKU-0006', qty: 1, unitPrice: 8.8 } ] }
2026-06-28 04:09:09 INFO LegacyService.Orders order 00000043 created customer=Northwind Traders items=3 total=52.30
created order 00000043 total=52.3
2026-06-28 04:09:09 INFO LegacyService.App POST /orders 201 id=00000043 total=52.30
2026-06-28 04:11:34 INFO LegacyService.App GET /orders/00000010 200 status=NEW
2026-06-28 04:15:54 INFO LegacyService.App GET /orders/00000038 200 status=PAID
DEBUG: POST /orders payload={ Customer = Wayne Retail, Items = [ { sku: 'SKU-0004', qty: 4, unitPrice: 4.95 }, { sku: 'SKU-0002', qty: 4, unitPrice: 12.5 }, { sku: 'SKU-0006', qty: 2, unitPrice: 8.8 } ] }
2026-06-28 04:21:32 INFO LegacyService.Orders order 00000044 created customer=Wayne Retail items=3 total=87.40
created order 00000044 total=87.4
2026-06-28 04:21:32 INFO LegacyService.App POST /orders 201 id=00000044 total=87.40
2026-06-28 04:24:09 INFO LegacyService.App GET /orders 200 count=45
2026-06-28 04:28:39 INFO LegacyService.App GET /report 200 date=2026-06-28 orders=13 total=1457.89
2026-06-28 04:30:46 INFO LegacyService.App GET /orders/00000026 404
2026-06-28 04:39:54 INFO LegacyService.App GET /orders/00000030 200 status=CANCELLED
2026-06-28 04:44:16 WARNING LegacyService.Orders rejected order: discount_pct out of range
2026-06-28 04:44:16 INFO LegacyService.App POST /orders 400 error="discount_pct out of range"
2026-06-28 04:46:30 INFO LegacyService.App GET /orders/00000029 404
2026-06-28 04:53:59 INFO LegacyService.App GET /orders 200 count=19
2026-06-28 04:58:44 INFO LegacyService.App GET /orders/00000027 200 status=SHIPPED
DEBUG: POST /orders payload={ Customer = Acme Ltd, Items = [ { sku: 'SKU-0008', qty: 2, unitPrice: 8.8 } ] }
2026-06-28 05:03:18 INFO LegacyService.Orders order 00000045 created customer=Acme Ltd items=1 total=17.60
created order 00000045 total=17.6
2026-06-28 05:03:18 INFO LegacyService.App POST /orders 201 id=00000045 total=17.60
2026-06-28 05:08:06 INFO LegacyService.App GET /orders/00000027 200 status=NEW
DEBUG: POST /orders payload={ Customer = Northwind Traders, Items = [ { sku: 'SKU-0002', qty: 3, unitPrice: 19.99 }, { sku: 'SKU-0006', qty: 3, unitPrice: 8.8 }, { sku: 'SKU-0004', qty: 3, unitPrice: 12.5 } ] }
2026-06-28 05:11:34 INFO LegacyService.Orders order 00000046 created customer=Northwind Traders items=3 total=123.87
created order 00000046 total=123.87
2026-06-28 05:11:34 INFO LegacyService.App POST /orders 201 id=00000046 total=123.87
2026-06-28 05:17:00 INFO LegacyService.App GET /orders/00000037 200 status=SHIPPED
2026-06-28 05:24:23 INFO LegacyService.App GET /orders/00000031 200 status=SHIPPED
2026-06-28 05:28:11 INFO LegacyService.App GET /orders/00000025 200 status=SHIPPED
2026-06-28 05:32:43 INFO LegacyService.App GET /orders 200 count=38
2026-06-28 05:38:20 WARNING LegacyService.Orders rejected order: at least one item is required
2026-06-28 05:38:20 INFO LegacyService.App POST /orders 400 error="at least one item is required"
2026-06-28 05:47:13 INFO LegacyService.App GET /orders/00000020 200 status=NEW
2026-06-28 05:53:43 INFO LegacyService.App GET /orders/00000001 200 status=PAID
2026-06-28 05:58:11 INFO LegacyService.App GET /orders 200 count=36
2026-06-28 06:03:30 INFO LegacyService.App GET /orders/00000009 200 status=PAID
2026-06-28 06:12:46 WARNING LegacyService.Orders rejected order: at least one item is required
2026-06-28 06:12:46 INFO LegacyService.App POST /orders 400 error="at least one item is required"
2026-06-28 06:16:26 WARNING LegacyService.Orders rejected order: discount_pct out of range
2026-06-28 06:16:26 INFO LegacyService.App POST /orders 400 error="discount_pct out of range"
DEBUG: POST /orders payload={ Customer = Hooli, Items = [ { sku: 'SKU-0003', qty: 1, unitPrice: 19.99 }, { sku: 'SKU-0009', qty: 3, unitPrice: 8.8 } ] }
2026-06-28 06:23:30 INFO LegacyService.Orders order 00000047 created customer=Hooli items=2 total=46.39
created order 00000047 total=46.39
2026-06-28 06:23:30 INFO LegacyService.App POST /orders 201 id=00000047 total=46.39
2026-06-28 06:30:03 INFO LegacyService.App GET /orders/00000018 200 status=PAID
2026-06-28 06:32:55 INFO LegacyService.App GET /orders/00000031 404
2026-06-28 06:36:48 INFO LegacyService.App GET /report 200 date=2026-06-28 orders=13 total=1373.52
2026-06-28 06:41:59 INFO LegacyService.App GET /orders 200 count=7
2026-06-28 06:50:20 INFO LegacyService.App GET /orders/00000026 404
DEBUG: POST /orders payload={ Customer = Acme Ltd, Items = [ { sku: 'SKU-0008', qty: 3, unitPrice: 7.25 }, { sku: 'SKU-0009', qty: 3, unitPrice: 8.8 } ] }
2026-06-28 06:52:20 INFO LegacyService.Orders order 00000048 created customer=Acme Ltd items=2 total=48.15
created order 00000048 total=48.15
2026-06-28 06:52:20 INFO LegacyService.App POST /orders 201 id=00000048 total=48.15
2026-06-28 06:57:09 INFO LegacyService.App GET /orders/00000042 200 status=CANCELLED
DEBUG: POST /orders payload={ Customer = Wayne Retail, Items = [ { sku: 'SKU-0008', qty: 4, unitPrice: 8.8 } ] }
2026-06-28 07:06:41 INFO LegacyService.Orders order 00000049 created customer=Wayne Retail items=1 total=35.20
created order 00000049 total=35.2
2026-06-28 07:06:41 INFO LegacyService.App POST /orders 201 id=00000049 total=35.20
DEBUG: POST /orders payload={ Customer = Vandelay, Items = [ { sku: 'SKU-0008', qty: 2, unitPrice: 8.8 }, { sku: 'SKU-0002', qty: 2, unitPrice: 8.8 }, { sku: 'SKU-0004', qty: 3, unitPrice: 8.8 } ] }
2026-06-28 07:07:10 INFO LegacyService.Orders order 00000050 created customer=Vandelay items=3 total=61.60
created order 00000050 total=61.6
2026-06-28 07:07:10 INFO LegacyService.App POST /orders 201 id=00000050 total=61.60
2026-06-28 07:08:34 INFO LegacyService.App GET /orders/00000043 200 status=CANCELLED
2026-06-28 07:09:18 INFO LegacyService.App GET /orders/00000049 200 status=CANCELLED
2026-06-28 07:10:11 WARNING LegacyService.Orders rejected order: customer is required
2026-06-28 07:10:11 INFO LegacyService.App POST /orders 400 error="customer is required"
DEBUG: POST /orders payload={ Customer = Initech, Items = [ { sku: 'SKU-0002', qty: 3, unitPrice: 19.99 } ] }
2026-06-28 07:11:08 INFO LegacyService.Orders order 00000051 created customer=Initech items=1 total=59.97
created order 00000051 total=59.97
2026-06-28 07:11:08 INFO LegacyService.App POST /orders 201 id=00000051 total=59.97
2026-06-28 07:11:34 INFO LegacyService.App GET /orders 200 count=20
2026-06-28 07:12:31 WARNING LegacyService.Orders rejected order: discount_pct out of range
2026-06-28 07:12:31 INFO LegacyService.App POST /orders 400 error="discount_pct out of range"
2026-06-28 07:13:06 WARNING LegacyService.Orders rejected order: at least one item is required
2026-06-28 07:13:06 INFO LegacyService.App POST /orders 400 error="at least one item is required"
2026-06-28 07:14:08 INFO LegacyService.App GET /orders 200 count=3
2026-06-28 07:14:44 INFO LegacyService.App GET /report 200 date=2026-06-28 orders=14 total=1446.17
2026-06-28 07:16:12 INFO LegacyService.App GET /orders/00000013 200 status=CANCELLED
2026-06-28 07:17:33 INFO LegacyService.App GET /orders/00000043 200 status=CANCELLED
2026-06-28 07:18:47 INFO LegacyService.App GET /report 200 date=2026-06-28 orders=6 total=1441.52
DEBUG: POST /orders payload={ Customer = Wayne Retail, Items = [ { sku: 'SKU-0007', qty: 2, unitPrice: 7.25 }, { sku: 'SKU-0003', qty: 2, unitPrice: 19.99 } ] }
2026-06-28 07:19:12 INFO LegacyService.Orders order 00000052 created customer=Wayne Retail items=2 total=54.48
created order 00000052 total=54.48
2026-06-28 07:19:12 INFO LegacyService.App POST /orders 201 id=00000052 total=54.48
2026-06-28 07:19:35 INFO LegacyService.App GET /orders/00000026 200 status=PAID
DEBUG: POST /orders payload={ Customer = Northwind Traders, Items = [ { sku: 'SKU-0007', qty: 2, unitPrice: 8.8 }, { sku: 'SKU-0009', qty: 2, unitPrice: 4.95 } ] }
2026-06-28 07:20:25 INFO LegacyService.Orders order 00000053 created customer=Northwind Traders items=2 total=27.50
created order 00000053 total=27.5
2026-06-28 07:20:25 INFO LegacyService.App POST /orders 201 id=00000053 total=27.50
2026-06-28 07:21:01 INFO LegacyService.App GET /orders/00000030 200 status=NEW
2026-06-28 07:22:26 INFO LegacyService.App GET /orders/00000040 200 status=PAID
2026-06-28 07:23:50 INFO LegacyService.App GET /orders 200 count=42
2026-06-28 07:24:13 INFO LegacyService.App GET /orders 200 count=11
2026-06-28 07:25:19 WARNING LegacyService.Orders rejected order: customer is required
2026-06-28 07:25:19 INFO LegacyService.App POST /orders 400 error="customer is required"
DEBUG: POST /orders payload={ Customer = Initech, Items = [ { sku: 'SKU-0005', qty: 4, unitPrice: 19.99 }, { sku: 'SKU-0006', qty: 2, unitPrice: 12.5 } ] }
2026-06-28 07:25:56 INFO LegacyService.Orders order 00000054 created customer=Initech items=2 total=104.96
created order 00000054 total=104.96
2026-06-28 07:25:56 INFO LegacyService.App POST /orders 201 id=00000054 total=104.96
2026-06-28 07:26:50 INFO LegacyService.App GET /orders/00000036 200 status=NEW
2026-06-28 07:27:41 INFO LegacyService.App GET /orders/00000007 200 status=NEW
DEBUG: POST /orders payload={ Customer = Initech, Items = [ { sku: 'SKU-0001', qty: 2, unitPrice: 19.99 }, { sku: 'SKU-0008', qty: 1, unitPrice: 19.99 }, { sku: 'SKU-0006', qty: 3, unitPrice: 8.8 } ] }
2026-06-28 07:28:12 INFO LegacyService.Orders order 00000055 created customer=Initech items=3 total=86.37
created order 00000055 total=86.37
2026-06-28 07:28:12 INFO LegacyService.App POST /orders 201 id=00000055 total=86.37
2026-06-28 07:29:32 INFO LegacyService.App GET /orders/00000031 200 status=CANCELLED
2026-06-28 07:29:52 INFO LegacyService.App GET /orders/00000055 200 status=NEW
2026-06-28 07:30:27 INFO LegacyService.App GET /orders/00000009 200 status=NEW
DEBUG: POST /orders payload={ Customer = Umbrella Co, Items = [ { sku: 'SKU-0005', qty: 3, unitPrice: 8.8 } ] }
2026-06-28 07:31:31 INFO LegacyService.Orders order 00000056 created customer=Umbrella Co items=1 total=26.40
created order 00000056 total=26.4
2026-06-28 07:31:31 INFO LegacyService.App POST /orders 201 id=00000056 total=26.40
2026-06-28 07:32:29 INFO LegacyService.App GET /orders/00000028 200 status=NEW
2026-06-28 07:33:55 INFO LegacyService.App GET /orders/00000033 200 status=CANCELLED
2026-06-28 07:35:14 INFO LegacyService.App GET /orders 200 count=41
DEBUG: POST /orders payload={ Customer = Stark Supplies, Items = [ { sku: 'SKU-0001', qty: 1, unitPrice: 4.95 } ] }
2026-06-28 07:35:46 INFO LegacyService.Orders order 00000057 created customer=Stark Supplies items=1 total=4.95
created order 00000057 total=4.95
2026-06-28 07:35:46 INFO LegacyService.App POST /orders 201 id=00000057 total=4.95
DEBUG: POST /orders payload={ Customer = Acme Ltd, Items = [ { sku: 'SKU-0008', qty: 1, unitPrice: 8.8 }, { sku: 'SKU-0002', qty: 2, unitPrice: 7.25 }, { sku: 'SKU-0005', qty: 1, unitPrice: 19.99 } ] }
2026-06-28 07:37:10 INFO LegacyService.Orders order 00000058 created customer=Acme Ltd items=3 total=43.29
created order 00000058 total=43.29
2026-06-28 07:37:10 INFO LegacyService.App POST /orders 201 id=00000058 total=43.29
2026-06-28 07:38:39 INFO LegacyService.App GET /orders 200 count=11
2026-06-28 07:39:25 INFO LegacyService.App GET /orders/00000003 200 status=SHIPPED
2026-06-28 07:40:33 INFO LegacyService.App GET /orders/00000022 200 status=SHIPPED
2026-06-28 07:41:22 WARNING LegacyService.Orders rejected order: customer is required
2026-06-28 07:41:22 INFO LegacyService.App POST /orders 400 error="customer is required"
2026-06-28 07:41:40 INFO LegacyService.App GET /orders/00000002 200 status=PAID
2026-06-28 07:43:08 WARNING LegacyService.Orders rejected order: customer is required
2026-06-28 07:43:08 INFO LegacyService.App POST /orders 400 error="customer is required"
DEBUG: POST /orders payload={ Customer = Hooli, Items = [ { sku: 'SKU-0001', qty: 1, unitPrice: 4.95 } ] }
2026-06-28 07:44:14 INFO LegacyService.Orders order 00000059 created customer=Hooli items=1 total=4.95
created order 00000059 total=4.95
2026-06-28 07:44:14 INFO LegacyService.App POST /orders 201 id=00000059 total=4.95
DEBUG: POST /orders payload={ Customer = Initech, Items = [ { sku: 'SKU-0007', qty: 2, unitPrice: 19.99 }, { sku: 'SKU-0008', qty: 1, unitPrice: 8.8 }, { sku: 'SKU-0005', qty: 1, unitPrice: 12.5 } ] }
2026-06-28 07:45:00 INFO LegacyService.Orders order 00000060 created customer=Initech items=3 total=61.28
created order 00000060 total=61.28
2026-06-28 07:45:00 INFO LegacyService.App POST /orders 201 id=00000060 total=61.28
2026-06-28 07:46:10 INFO LegacyService.App GET /orders 200 count=10
2026-06-28 07:47:21 WARNING LegacyService.Orders rejected order: customer is required
2026-06-28 07:47:21 INFO LegacyService.App POST /orders 400 error="customer is required"
2026-06-28 07:48:04 INFO LegacyService.App GET /orders 200 count=23
DEBUG: POST /orders payload={ Customer = Acme Ltd, Items = [ { sku: 'SKU-0009', qty: 3, unitPrice: 7.25 }, { sku: 'SKU-0002', qty: 1, unitPrice: 7.25 } ] }
2026-06-28 07:49:12 INFO LegacyService.Orders order 00000061 created customer=Acme Ltd items=2 total=29.00
created order 00000061 total=29
2026-06-28 07:49:12 INFO LegacyService.App POST /orders 201 id=00000061 total=29.00
DEBUG: POST /orders payload={ Customer = Vandelay, Items = [ { sku: 'SKU-0004', qty: 3, unitPrice: 19.99 }, { sku: 'SKU-0006', qty: 4, unitPrice: 12.5 } ] }
2026-06-28 07:50:07 INFO LegacyService.Orders order 00000062 created customer=Vandelay items=2 total=109.97
created order 00000062 total=109.97
2026-06-28 07:50:07 INFO LegacyService.App POST /orders 201 id=00000062 total=109.97
2026-06-28 07:50:24 INFO LegacyService.App GET /orders 200 count=48
2026-06-28 07:51:36 INFO LegacyService.App GET /orders/00000033 200 status=PAID
2026-06-28 07:51:58 INFO LegacyService.App GET /orders/00000057 200 status=CANCELLED
2026-06-28 07:53:25 WARNING LegacyService.Orders rejected order: at least one item is required
2026-06-28 07:53:25 INFO LegacyService.App POST /orders 400 error="at least one item is required"
2026-06-28 07:54:41 INFO LegacyService.App GET /orders/00000029 200 status=NEW
DEBUG: POST /orders payload={ Customer = Vandelay, Items = [ { sku: 'SKU-0009', qty: 4, unitPrice: 19.99 }, { sku: 'SKU-0008', qty: 1, unitPrice: 7.25 }, { sku: 'SKU-0005', qty: 2, unitPrice: 19.99 } ] }
2026-06-28 07:55:57 INFO LegacyService.Orders order 00000063 created customer=Vandelay items=3 total=127.19
created order 00000063 total=127.19
2026-06-28 07:55:57 INFO LegacyService.App POST /orders 201 id=00000063 total=127.19
2026-06-28 07:56:44 INFO LegacyService.App GET /orders/00000045 200 status=NEW
DEBUG: POST /orders payload={ Customer = Initech, Items = [ { sku: 'SKU-0001', qty: 3, unitPrice: 7.25 } ] }
2026-06-28 07:57:30 INFO LegacyService.Orders order 00000064 created customer=Initech items=1 total=21.75
created order 00000064 total=21.75
2026-06-28 07:57:30 INFO LegacyService.App POST /orders 201 id=00000064 total=21.75
2026-06-28 07:58:39 WARNING LegacyService.Orders rejected order: at least one item is required
2026-06-28 07:58:39 INFO LegacyService.App POST /orders 400 error="at least one item is required"
DEBUG: POST /orders payload={ Customer = Vandelay, Items = [ { sku: 'SKU-0005', qty: 2, unitPrice: 4.95 } ] }
2026-06-28 07:59:47 INFO LegacyService.Orders order 00000065 created customer=Vandelay items=1 total=9.90
created order 00000065 total=9.9
2026-06-28 07:59:47 INFO LegacyService.App POST /orders 201 id=00000065 total=9.90
2026-06-28 08:01:05 INFO LegacyService.App GET /orders/00000006 200 status=CANCELLED
DEBUG: POST /orders payload={ Customer = Vandelay, Items = [ { sku: 'SKU-0004', qty: 2, unitPrice: 8.8 } ] }
2026-06-28 08:01:22 INFO LegacyService.Orders order 00000066 created customer=Vandelay items=1 total=17.60
created order 00000066 total=17.6
2026-06-28 08:01:22 INFO LegacyService.App POST /orders 201 id=00000066 total=17.60
2026-06-28 08:02:16 INFO LegacyService.App GET /report 200 date=2026-06-28 orders=14 total=1038.89
2026-06-28 08:02:38 INFO LegacyService.App GET /orders/00000051 200 status=SHIPPED
2026-06-28 08:03:49 INFO LegacyService.App GET /orders/00000062 200 status=CANCELLED
2026-06-28 08:04:42 INFO LegacyService.App GET /orders/00000021 200 status=PAID
DEBUG: POST /orders payload={ Customer = Globex, Items = [ { sku: 'SKU-0007', qty: 1, unitPrice: 7.25 } ] }
2026-06-28 08:04:59 INFO LegacyService.Orders order 00000067 created customer=Globex items=1 total=7.25
created order 00000067 total=7.25
2026-06-28 08:04:59 INFO LegacyService.App POST /orders 201 id=00000067 total=7.25
DEBUG: POST /orders payload={ Customer = Soylent Foods, Items = [ { sku: 'SKU-0007', qty: 2, unitPrice: 12.5 } ] }
2026-06-28 08:06:04 INFO LegacyService.Orders order 00000068 created customer=Soylent Foods items=1 total=25.00
created order 00000068 total=25
2026-06-28 08:06:04 INFO LegacyService.App POST /orders 201 id=00000068 total=25.00
2026-06-28 08:07:23 INFO LegacyService.App GET /orders 200 count=34
2026-06-28 08:08:34 INFO LegacyService.App GET /orders/00000056 200 status=SHIPPED
2026-06-28 08:09:34 INFO LegacyService.App GET /orders 200 count=5
2026-06-28 08:10:52 INFO LegacyService.App GET /orders/00000013 200 status=SHIPPED
DEBUG: POST /orders payload={ Customer = Umbrella Co, Items = [ { sku: 'SKU-0003', qty: 1, unitPrice: 4.95 }, { sku: 'SKU-0006', qty: 2, unitPrice: 12.5 }, { sku: 'SKU-0004', qty: 2, unitPrice: 19.99 } ] }
2026-06-28 08:11:44 INFO LegacyService.Orders order 00000069 created customer=Umbrella Co items=3 total=69.93
created order 00000069 total=69.93
2026-06-28 08:11:44 INFO LegacyService.App POST /orders 201 id=00000069 total=69.93
2026-06-28 08:12:03 INFO LegacyService.App GET /orders 200 count=3
2026-06-28 08:13:22 INFO LegacyService.App GET /orders 200 count=20
2026-06-28 08:14:00 INFO LegacyService.App GET /report 200 date=2026-06-28 orders=7 total=390.37
2026-06-28 08:14:18 INFO LegacyService.App GET /orders/00000025 200 status=SHIPPED
2026-06-28 08:14:47 INFO LegacyService.App GET /report 200 date=2026-06-28 orders=14 total=994.24
2026-06-28 08:15:54 INFO LegacyService.App GET /orders/00000015 200 status=PAID
2026-06-28 08:16:35 INFO LegacyService.App GET /orders/00000046 200 status=NEW
2026-06-28 08:17:24 INFO LegacyService.App GET /report 200 date=2026-06-28 orders=8 total=1285.30
2026-06-28 08:18:19 INFO LegacyService.App GET /orders 200 count=46
2026-06-28 08:18:37 WARNING LegacyService.Orders rejected order: at least one item is required
2026-06-28 08:18:37 INFO LegacyService.App POST /orders 400 error="at least one item is required"
DEBUG: POST /orders payload={ Customer = Wayne Retail, Items = [ { sku: 'SKU-0006', qty: 2, unitPrice: 7.25 } ] }
2026-06-28 08:19:52 INFO LegacyService.Orders order 00000070 created customer=Wayne Retail items=1 total=14.50
created order 00000070 total=14.5
2026-06-28 08:19:52 INFO LegacyService.App POST /orders 201 id=00000070 total=14.50
2026-06-28 08:21:17 INFO LegacyService.App GET /orders/00000043 200 status=PAID
2026-06-28 08:22:03 INFO LegacyService.App GET /report 200 date=2026-06-28 orders=11 total=383.25
2026-06-28 08:23:23 INFO LegacyService.App GET /orders/00000056 200 status=PAID
2026-06-28 08:24:33 INFO LegacyService.App GET /orders/00000055 200 status=NEW
2026-06-28 08:25:34 INFO LegacyService.App GET /orders 200 count=42
DEBUG: POST /orders payload={ Customer = Northwind Traders, Items = [ { sku: 'SKU-0004', qty: 3, unitPrice: 19.99 }, { sku: 'SKU-0004', qty: 1, unitPrice: 8.8 }, { sku: 'SKU-0008', qty: 3, unitPrice: 4.95 } ] }
2026-06-28 08:26:31 INFO LegacyService.Orders order 00000071 created customer=Northwind Traders items=3 total=83.62
created order 00000071 total=83.62
2026-06-28 08:26:31 INFO LegacyService.App POST /orders 201 id=00000071 total=83.62
2026-06-28 08:27:27 INFO LegacyService.App GET /orders 200 count=33
2026-06-28 08:27:42 INFO LegacyService.App GET /orders/00000042 200 status=PAID
DEBUG: POST /orders payload={ Customer = Globex, Items = [ { sku: 'SKU-0003', qty: 1, unitPrice: 12.5 }, { sku: 'SKU-0009', qty: 1, unitPrice: 4.95 } ] }
2026-06-28 08:28:47 INFO LegacyService.Orders order 00000072 created customer=Globex items=2 total=17.45
created order 00000072 total=17.45
2026-06-28 08:28:47 INFO LegacyService.App POST /orders 201 id=00000072 total=17.45
2026-06-28 08:30:02 INFO LegacyService.App GET /orders/00000008 200 status=CANCELLED
2026-06-28 08:30:37 INFO LegacyService.App GET /orders 200 count=4
DEBUG: POST /orders payload={ Customer = Wayne Retail, Items = [ { sku: 'SKU-0003', qty: 4, unitPrice: 8.8 }, { sku: 'SKU-0002', qty: 1, unitPrice: 12.5 }, { sku: 'SKU-0002', qty: 4, unitPrice: 8.8 } ] }
2026-06-28 08:31:00 INFO LegacyService.Orders order 00000073 created customer=Wayne Retail items=3 total=82.90
created order 00000073 total=82.9
2026-06-28 08:31:00 INFO LegacyService.App POST /orders 201 id=00000073 total=82.90
2026-06-28 08:31:16 INFO LegacyService.App GET /orders/00000027 200 status=NEW
2026-06-28 08:32:38 INFO LegacyService.App GET /orders/00000004 200 status=SHIPPED
2026-06-28 08:33:31 INFO LegacyService.App GET /report 200 date=2026-06-28 orders=9 total=377.99
2026-06-28 08:34:08 INFO LegacyService.App GET /orders/00000073 200 status=PAID
2026-06-28 08:34:55 INFO LegacyService.App GET /orders/00000035 200 status=CANCELLED
2026-06-28 08:36:17 INFO LegacyService.App GET /orders 200 count=16
2026-06-28 08:37:15 INFO LegacyService.App GET /orders/00000065 200 status=CANCELLED
2026-06-28 08:37:56 INFO LegacyService.App GET /orders 200 count=39
DEBUG: POST /orders payload={ Customer = Wayne Retail, Items = [ { sku: 'SKU-0004', qty: 1, unitPrice: 19.99 }, { sku: 'SKU-0005', qty: 1, unitPrice: 19.99 }, { sku: 'SKU-0009', qty: 4, unitPrice: 8.8 } ] }
2026-06-28 08:39:19 INFO LegacyService.Orders order 00000074 created customer=Wayne Retail items=3 total=75.18
created order 00000074 total=75.18
2026-06-28 08:39:19 INFO LegacyService.App POST /orders 201 id=00000074 total=75.18
2026-06-28 08:40:21 INFO LegacyService.App GET /orders/00000015 200 status=CANCELLED
2026-06-28 08:41:11 INFO LegacyService.App GET /orders 200 count=28
2026-06-28 08:42:39 INFO LegacyService.App GET /orders 200 count=1
2026-06-28 08:43:36 INFO LegacyService.App GET /orders 200 count=41
DEBUG: POST /orders payload={ Customer = Wayne Retail, Items = [ { sku: 'SKU-0005', qty: 4, unitPrice: 4.95 }, { sku: 'SKU-0004', qty: 2, unitPrice: 4.95 }, { sku: 'SKU-0009', qty: 4, unitPrice: 4.95 } ] }
2026-06-28 08:44:59 INFO LegacyService.Orders order 00000075 created customer=Wayne Retail items=3 total=49.50
created order 00000075 total=49.5
2026-06-28 08:44:59 INFO LegacyService.App POST /orders 201 id=00000075 total=49.50
2026-06-28 08:45:38 INFO LegacyService.App GET /orders/00000024 200 status=CANCELLED
2026-06-28 08:46:42 INFO LegacyService.App GET /orders 200 count=48
DEBUG: POST /orders payload={ Customer = Acme Ltd, Items = [ { sku: 'SKU-0008', qty: 1, unitPrice: 4.95 } ] }
2026-06-28 08:47:07 INFO LegacyService.Orders order 00000076 created customer=Acme Ltd items=1 total=4.95
created order 00000076 total=4.95
2026-06-28 08:47:07 INFO LegacyService.App POST /orders 201 id=00000076 total=4.95
2026-06-28 08:48:32 INFO LegacyService.App GET /orders/00000051 200 status=CANCELLED
2026-06-28 08:49:16 INFO LegacyService.App GET /orders/00000052 200 status=PAID
2026-06-28 08:50:06 INFO LegacyService.App GET /report 200 date=2026-06-28 orders=10 total=593.09
2026-06-28 08:51:08 INFO LegacyService.App GET /report 200 date=2026-06-28 orders=13 total=1309.70
2026-06-28 08:51:42 INFO LegacyService.App GET /orders/00000042 200 status=CANCELLED
2026-06-28 08:52:02 INFO LegacyService.App GET /report 200 date=2026-06-28 orders=5 total=1430.64
2026-06-28 08:53:14 INFO LegacyService.App GET /orders/00000040 200 status=SHIPPED
2026-06-28 08:54:39 INFO LegacyService.App GET /orders/00000036 200 status=SHIPPED
2026-06-28 08:55:50 INFO LegacyService.App GET /orders/00000064 200 status=PAID
2026-06-28 08:57:05 INFO LegacyService.App GET /orders/00000036 200 status=CANCELLED
2026-06-28 08:58:14 INFO LegacyService.App GET /orders 200 count=40
2026-06-28 08:58:44 INFO LegacyService.App GET /orders/00000048 200 status=SHIPPED
2026-06-28 08:59:19 INFO LegacyService.App GET /orders/00000046 200 status=SHIPPED
2026-06-28 09:00:13 INFO LegacyService.App GET /orders/00000044 200 status=SHIPPED
2026-06-28 09:01:32 WARNING LegacyService.Orders rejected order: at least one item is required
2026-06-28 09:01:32 INFO LegacyService.App POST /orders 400 error="at least one item is required"
2026-06-28 09:02:45 INFO LegacyService.App GET /orders/00000019 200 status=SHIPPED
2026-06-28 09:03:31 WARNING LegacyService.Orders rejected order: customer is required
2026-06-28 09:03:31 INFO LegacyService.App POST /orders 400 error="customer is required"
DEBUG: POST /orders payload={ Customer = Wayne Retail, Items = [ { sku: 'SKU-0003', qty: 1, unitPrice: 4.95 } ] }
2026-06-28 09:04:51 INFO LegacyService.Orders order 00000077 created customer=Wayne Retail items=1 total=4.95
created order 00000077 total=4.95
2026-06-28 09:04:51 INFO LegacyService.App POST /orders 201 id=00000077 total=4.95
2026-06-28 09:05:29 INFO LegacyService.App GET /orders/00000040 200 status=NEW
2026-06-28 09:06:15 INFO LegacyService.App GET /orders/00000072 404
2026-06-28 09:07:02 INFO LegacyService.App GET /orders 200 count=16
DEBUG: POST /orders payload={ Customer = Hooli, Items = [ { sku: 'SKU-0006', qty: 4, unitPrice: 4.95 }, { sku: 'SKU-0009', qty: 1, unitPrice: 12.5 } ] }
2026-06-28 09:08:20 INFO LegacyService.Orders order 00000078 created customer=Hooli items=2 total=32.30
created order 00000078 total=32.3
2026-06-28 09:08:20 INFO LegacyService.App POST /orders 201 id=00000078 total=32.30
DEBUG: POST /orders payload={ Customer = Globex, Items = [ { sku: 'SKU-0005', qty: 2, unitPrice: 7.25 }, { sku: 'SKU-0009', qty: 1, unitPrice: 4.95 }, { sku: 'SKU-0004', qty: 1, unitPrice: 4.95 } ] }
2026-06-28 09:08:40 INFO LegacyService.Orders order 00000079 created customer=Globex items=3 total=24.40
created order 00000079 total=24.4
2026-06-28 09:08:40 INFO LegacyService.App POST /orders 201 id=00000079 total=24.40
2026-06-28 09:09:45 INFO LegacyService.App GET /orders/00000068 200 status=NEW
2026-06-28 09:10:43 INFO LegacyService.App GET /orders 200 count=10
2026-06-28 09:11:50 INFO LegacyService.App GET /orders/00000008 200 status=PAID
2026-06-28 09:12:09 INFO LegacyService.App GET /orders/00000078 200 status=CANCELLED
2026-06-28 09:12:38 INFO LegacyService.App GET /orders/00000060 200 status=CANCELLED
2026-06-28 09:13:52 INFO LegacyService.App GET /orders/00000077 200 status=PAID
2026-06-28 09:14:11 INFO LegacyService.App GET /orders/00000017 200 status=SHIPPED
2026-06-28 09:15:03 INFO LegacyService.App GET /orders/00000031 200 status=NEW
2026-06-28 09:15:37 INFO LegacyService.App GET /orders/00000048 200 status=PAID
2026-06-28 09:16:37 INFO LegacyService.App GET /orders/00000059 404
2026-06-28 09:17:18 INFO LegacyService.App GET /orders 200 count=1
2026-06-28 09:18:46 INFO LegacyService.App GET /orders/00000015 200 status=SHIPPED
2026-06-28 09:19:33 INFO LegacyService.App GET /orders/00000005 200 status=NEW
2026-06-28 09:20:49 INFO LegacyService.App GET /orders/00000011 200 status=CANCELLED
2026-06-28 09:21:15 INFO LegacyService.App GET /orders 200 count=48
DEBUG: POST /orders payload={ Customer = Globex, Items = [ { sku: 'SKU-0007', qty: 4, unitPrice: 12.5 } ] }
2026-06-28 09:22:40 INFO LegacyService.Orders order 00000080 created customer=Globex items=1 total=50.00
created order 00000080 total=50
2026-06-28 09:22:40 INFO LegacyService.App POST /orders 201 id=00000080 total=50.00
2026-06-28 09:23:24 INFO LegacyService.App GET /report 200 date=2026-06-28 orders=7 total=1186.19
2026-06-28 09:24:12 WARNING LegacyService.Orders rejected order: at least one item is required
2026-06-28 09:24:12 INFO LegacyService.App POST /orders 400 error="at least one item is required"
2026-06-28 09:25:29 INFO LegacyService.App GET /orders/00000021 200 status=CANCELLED
2026-06-28 09:26:38 WARNING LegacyService.Orders rejected order: discount_pct out of range
2026-06-28 09:26:38 INFO LegacyService.App POST /orders 400 error="discount_pct out of range"
DEBUG: POST /orders payload={ Customer = Initech, Items = [ { sku: 'SKU-0006', qty: 2, unitPrice: 4.95 } ] }
2026-06-28 09:27:00 INFO LegacyService.Orders order 00000081 created customer=Initech items=1 total=9.90
created order 00000081 total=9.9
2026-06-28 09:27:00 INFO LegacyService.App POST /orders 201 id=00000081 total=9.90
DEBUG: POST /orders payload={ Customer = Vandelay, Items = [ { sku: 'SKU-0001', qty: 2, unitPrice: 7.25 } ] }
2026-06-28 09:28:23 INFO LegacyService.Orders order 00000082 created customer=Vandelay items=1 total=14.50
created order 00000082 total=14.5
2026-06-28 09:28:23 INFO LegacyService.App POST /orders 201 id=00000082 total=14.50
DEBUG: POST /orders payload={ Customer = Wayne Retail, Items = [ { sku: 'SKU-0005', qty: 1, unitPrice: 12.5 }, { sku: 'SKU-0001', qty: 2, unitPrice: 4.95 } ] }
2026-06-28 09:29:38 INFO LegacyService.Orders order 00000083 created customer=Wayne Retail items=2 total=22.40
created order 00000083 total=22.4
2026-06-28 09:29:38 INFO LegacyService.App POST /orders 201 id=00000083 total=22.40
2026-06-28 09:30:03 INFO LegacyService.App GET /orders/00000029 200 status=NEW
2026-06-28 09:31:33 INFO LegacyService.App GET /orders/00000060 200 status=NEW
2026-06-28 09:32:36 INFO LegacyService.App GET /orders 200 count=45
2026-06-28 09:33:35 INFO LegacyService.App GET /orders/00000009 200 status=CANCELLED
DEBUG: POST /orders payload={ Customer = Northwind Traders, Items = [ { sku: 'SKU-0009', qty: 1, unitPrice: 4.95 }, { sku: 'SKU-0005', qty: 1, unitPrice: 4.95 }, { sku: 'SKU-0003', qty: 4, unitPrice: 19.99 } ] }
2026-06-28 09:34:29 INFO LegacyService.Orders order 00000084 created customer=Northwind Traders items=3 total=89.86
created order 00000084 total=89.86
2026-06-28 09:34:29 INFO LegacyService.App POST /orders 201 id=00000084 total=89.86
2026-06-28 09:34:50 INFO LegacyService.App GET /orders/00000009 200 status=NEW
2026-06-28 09:35:11 INFO LegacyService.App GET /orders/00000059 200 status=SHIPPED
2026-06-28 09:36:10 INFO LegacyService.App GET /orders/00000018 200 status=PAID
2026-06-28 09:37:28 INFO LegacyService.App GET /orders/00000012 200 status=CANCELLED
2026-06-28 09:38:28 INFO LegacyService.App GET /orders 200 count=33
2026-06-28 09:38:49 INFO LegacyService.App GET /orders/00000034 200 status=CANCELLED
DEBUG: POST /orders payload={ Customer = Vandelay, Items = [ { sku: 'SKU-0002', qty: 1, unitPrice: 12.5 }, { sku: 'SKU-0002', qty: 4, unitPrice: 12.5 } ] }
2026-06-28 09:39:56 INFO LegacyService.Orders order 00000085 created customer=Vandelay items=2 total=62.50
created order 00000085 total=62.5
2026-06-28 09:39:56 INFO LegacyService.App POST /orders 201 id=00000085 total=62.50
2026-06-28 09:40:14 INFO LegacyService.App GET /orders/00000001 200 status=CANCELLED
2026-06-28 09:40:41 INFO LegacyService.App GET /orders 200 count=44
2026-06-28 09:41:55 WARNING LegacyService.Orders rejected order: discount_pct out of range
2026-06-28 09:41:55 INFO LegacyService.App POST /orders 400 error="discount_pct out of range"
2026-06-28 09:43:01 INFO LegacyService.App GET /orders/00000022 200 status=CANCELLED
2026-06-28 09:43:57 INFO LegacyService.App GET /orders 200 count=35
DEBUG: POST /orders payload={ Customer = Soylent Foods, Items = [ { sku: 'SKU-0003', qty: 4, unitPrice: 8.8 }, { sku: 'SKU-0006', qty: 1, unitPrice: 8.8 }, { sku: 'SKU-0002', qty: 3, unitPrice: 19.99 } ] }
2026-06-28 09:44:12 INFO LegacyService.Orders order 00000086 created customer=Soylent Foods items=3 total=103.97
created order 00000086 total=103.97
2026-06-28 09:44:12 INFO LegacyService.App POST /orders 201 id=00000086 total=103.97
2026-06-28 09:44:29 INFO LegacyService.App GET /orders 200 count=5
2026-06-28 09:45:10 WARNING LegacyService.Orders rejected order: at least one item is required
2026-06-28 09:45:10 INFO LegacyService.App POST /orders 400 error="at least one item is required"
2026-06-28 09:46:19 INFO LegacyService.App GET /orders 200 count=27
DEBUG: POST /orders payload={ Customer = Initech, Items = [ { sku: 'SKU-0001', qty: 3, unitPrice: 7.25 }, { sku: 'SKU-0006', qty: 2, unitPrice: 12.5 }, { sku: 'SKU-0009', qty: 2, unitPrice: 7.25 } ] }
2026-06-28 09:46:59 INFO LegacyService.Orders order 00000087 created customer=Initech items=3 total=61.25
created order 00000087 total=61.25
2026-06-28 09:46:59 INFO LegacyService.App POST /orders 201 id=00000087 total=61.25
2026-06-28 09:48:15 INFO LegacyService.App GET /orders/00000018 200 status=PAID
2026-06-28 09:49:32 INFO LegacyService.App GET /orders 200 count=22
DEBUG: POST /orders payload={ Customer = Initech, Items = [ { sku: 'SKU-0006', qty: 3, unitPrice: 19.99 }, { sku: 'SKU-0005', qty: 4, unitPrice: 4.95 }, { sku: 'SKU-0008', qty: 1, unitPrice: 12.5 } ] }
2026-06-28 09:51:00 INFO LegacyService.Orders order 00000088 created customer=Initech items=3 total=92.27
created order 00000088 total=92.27
2026-06-28 09:51:00 INFO LegacyService.App POST /orders 201 id=00000088 total=92.27
2026-06-28 09:51:48 INFO LegacyService.App GET /orders/00000042 200 status=CANCELLED
2026-06-28 09:52:22 INFO LegacyService.App GET /report 200 date=2026-06-28 orders=10 total=1116.76
DEBUG: POST /orders payload={ Customer = Wayne Retail, Items = [ { sku: 'SKU-0007', qty: 4, unitPrice: 19.99 } ] }
2026-06-28 09:53:23 INFO LegacyService.Orders order 00000089 created customer=Wayne Retail items=1 total=79.96
created order 00000089 total=79.96
2026-06-28 09:53:23 INFO LegacyService.App POST /orders 201 id=00000089 total=79.96
2026-06-28 09:53:59 INFO LegacyService.App GET /orders/00000081 200 status=NEW
2026-06-28 09:54:41 WARNING LegacyService.Orders rejected order: discount_pct out of range
2026-06-28 09:54:41 INFO LegacyService.App POST /orders 400 error="discount_pct out of range"
2026-06-28 09:55:03 INFO LegacyService.App GET /orders/00000005 200 status=NEW
2026-06-28 09:55:46 INFO LegacyService.App GET /orders/00000008 200 status=PAID
2026-06-28 09:56:28 INFO LegacyService.App GET /orders/00000066 200 status=PAID
DEBUG: POST /orders payload={ Customer = Hooli, Items = [ { sku: 'SKU-0001', qty: 3, unitPrice: 19.99 }, { sku: 'SKU-0004', qty: 4, unitPrice: 4.95 } ] }
2026-06-28 09:57:25 INFO LegacyService.Orders order 00000090 created customer=Hooli items=2 total=79.77
created order 00000090 total=79.77
2026-06-28 09:57:25 INFO LegacyService.App POST /orders 201 id=00000090 total=79.77
DEBUG: POST /orders payload={ Customer = Northwind Traders, Items = [ { sku: 'SKU-0003', qty: 2, unitPrice: 19.99 }, { sku: 'SKU-0002', qty: 2, unitPrice: 4.95 }, { sku: 'SKU-0006', qty: 1, unitPrice: 4.95 } ] }
2026-06-28 09:58:10 INFO LegacyService.Orders order 00000091 created customer=Northwind Traders items=3 total=54.83
created order 00000091 total=54.83
2026-06-28 09:58:10 INFO LegacyService.App POST /orders 201 id=00000091 total=54.83
2026-06-28 09:59:07 INFO LegacyService.App GET /orders/00000026 200 status=PAID
2026-06-28 10:00:32 INFO LegacyService.App GET /orders/00000072 200 status=NEW
2026-06-28 10:01:47 INFO LegacyService.App GET /orders/00000018 200 status=NEW
2026-06-28 10:03:12 INFO LegacyService.App GET /orders/00000001 200 status=NEW
DEBUG: POST /orders payload={ Customer = Soylent Foods, Items = [ { sku: 'SKU-0002', qty: 1, unitPrice: 8.8 } ] }
2026-06-28 10:03:47 INFO LegacyService.Orders order 00000092 created customer=Soylent Foods items=1 total=8.80
created order 00000092 total=8.8
2026-06-28 10:03:47 INFO LegacyService.App POST /orders 201 id=00000092 total=8.80
2026-06-28 10:04:23 INFO LegacyService.App GET /report 200 date=2026-06-28 orders=6 total=1469.35
2026-06-28 10:05:29 INFO LegacyService.App GET /orders/00000041 200 status=NEW
2026-06-28 10:06:41 INFO LegacyService.App GET /orders/00000064 200 status=SHIPPED
2026-06-28 10:07:35 WARNING LegacyService.Orders rejected order: at least one item is required
2026-06-28 10:07:35 INFO LegacyService.App POST /orders 400 error="at least one item is required"
DEBUG: POST /orders payload={ Customer = Acme Ltd, Items = [ { sku: 'SKU-0001', qty: 2, unitPrice: 4.95 } ] }
2026-06-28 10:08:15 INFO LegacyService.Orders order 00000093 created customer=Acme Ltd items=1 total=9.90
created order 00000093 total=9.9
2026-06-28 10:08:15 INFO LegacyService.App POST /orders 201 id=00000093 total=9.90
DEBUG: POST /orders payload={ Customer = Northwind Traders, Items = [ { sku: 'SKU-0009', qty: 3, unitPrice: 19.99 } ] }
2026-06-28 10:08:55 INFO LegacyService.Orders order 00000094 created customer=Northwind Traders items=1 total=59.97
created order 00000094 total=59.97
2026-06-28 10:08:55 INFO LegacyService.App POST /orders 201 id=00000094 total=59.97
2026-06-28 10:09:42 INFO LegacyService.App GET /orders/00000094 404
2026-06-28 10:11:07 INFO LegacyService.App GET /orders/00000014 200 status=NEW
2026-06-28 10:12:19 WARNING LegacyService.Orders rejected order: discount_pct out of range
2026-06-28 10:12:19 INFO LegacyService.App POST /orders 400 error="discount_pct out of range"
2026-06-28 10:12:46 INFO LegacyService.App GET /orders/00000030 200 status=PAID
DEBUG: POST /orders payload={ Customer = Northwind Traders, Items = [ { sku: 'SKU-0005', qty: 4, unitPrice: 7.25 }, { sku: 'SKU-0002', qty: 3, unitPrice: 8.8 }, { sku: 'SKU-0006', qty: 1, unitPrice: 4.95 } ] }
2026-06-28 10:13:58 INFO LegacyService.Orders order 00000095 created customer=Northwind Traders items=3 total=60.35
created order 00000095 total=60.35
2026-06-28 10:13:58 INFO LegacyService.App POST /orders 201 id=00000095 total=60.35
2026-06-28 10:14:45 INFO LegacyService.App GET /orders/00000056 200 status=CANCELLED
2026-06-28 10:15:21 INFO LegacyService.App GET /orders 200 count=32
DEBUG: POST /orders payload={ Customer = Umbrella Co, Items = [ { sku: 'SKU-0006', qty: 2, unitPrice: 4.95 } ] }
2026-06-28 10:16:20 INFO LegacyService.Orders order 00000096 created customer=Umbrella Co items=1 total=9.90
created order 00000096 total=9.9
2026-06-28 10:16:20 INFO LegacyService.App POST /orders 201 id=00000096 total=9.90
2026-06-28 23:50:05 INFO LegacyService.Reconcile reconcile_day start date=2026-06-28
2026-06-28 23:50:08 WARNING LegacyService.Reconcile total mismatch order=00000009 stored=32.62 recomputed=32.63 delta=0.01
