db ready at orderbase.db
OrderBase v1.4.2 listening on 0.0.0.0:5057 (debug=true)
2026-06-29 00:06:56 INFO legacy_service.app GET /orders/00000026 404
2026-06-29 00:09:25 INFO legacy_service.app GET /report 200 date=2026-06-29 orders=6 total=637.41
2026-06-29 00:18:15 WARNING legacy_service.orders rejected order: customer is required
2026-06-29 00:18:15 INFO legacy_service.app POST /orders 400 error="customer is required"
2026-06-29 00:23:54 INFO legacy_service.app GET /orders/00000013 200 status=SHIPPED
2026-06-29 00:33:23 INFO legacy_service.app GET /orders/00000002 200 status=PAID
2026-06-29 00:40:25 INFO legacy_service.app GET /orders 200 count=41
DEBUG: POST /orders payload={"customer":"Vandelay","items":[{"sku":"SKU-0006","qty":1,"unit_price":19.99}]}
2026-06-29 00:47:50 INFO legacy_service.orders order 00000035 created customer=Vandelay items=1 total=19.99
created order 00000035 total=19.99
2026-06-29 00:47:50 INFO legacy_service.app POST /orders 201 id=00000035 total=19.99
2026-06-29 00:56:27 INFO legacy_service.app GET /report 200 date=2026-06-29 orders=9 total=1478.66
DEBUG: POST /orders payload={"customer":"Vandelay","items":[{"sku":"SKU-0007","qty":2,"unit_price":4.95},{"sku":"SKU-0008","qty":1,"unit_price":4.95}]}
2026-06-29 01:04:32 INFO legacy_service.orders order 00000036 created customer=Vandelay items=2 total=14.85
created order 00000036 total=14.85
2026-06-29 01:04:32 INFO legacy_service.app POST /orders 201 id=00000036 total=14.85
DEBUG: POST /orders payload={"customer":"Hooli","items":[{"sku":"SKU-0007","qty":1,"unit_price":8.8}]}
2026-06-29 01:10:38 INFO legacy_service.orders order 00000037 created customer=Hooli items=1 total=8.80
created order 00000037 total=8.8
2026-06-29 01:10:38 INFO legacy_service.app POST /orders 201 id=00000037 total=8.80
2026-06-29 01:19:44 INFO legacy_service.app GET /orders/00000037 200 status=PAID
2026-06-29 01:22:10 INFO legacy_service.app GET /orders/00000036 200 status=CANCELLED
DEBUG: POST /orders payload={"customer":"Northwind Traders","items":[{"sku":"SKU-0008","qty":4,"unit_price":4.95}]}
2026-06-29 01:31:31 INFO legacy_service.orders order 00000038 created customer=Northwind Traders items=1 total=19.80
created order 00000038 total=19.8
2026-06-29 01:31:31 INFO legacy_service.app POST /orders 201 id=00000038 total=19.80
2026-06-29 01:39:14 INFO legacy_service.app GET /report 200 date=2026-06-29 orders=14 total=1546.04
2026-06-29 01:48:48 INFO legacy_service.app GET /orders/00000015 200 status=SHIPPED
2026-06-29 01:51:02 INFO legacy_service.app GET /orders/00000035 200 status=SHIPPED
2026-06-29 01:54:06 INFO legacy_service.app GET /orders/00000022 200 status=CANCELLED
2026-06-29 02:02:56 INFO legacy_service.app GET /orders/00000012 200 status=PAID
2026-06-29 02:07:19 INFO legacy_service.app GET /orders 200 count=42
DEBUG: POST /orders payload={"customer":"Acme Ltd","items":[{"sku":"SKU-0007","qty":2,"unit_price":12.5},{"sku":"SKU-0003","qty":1,"unit_price":12.5}]}
2026-06-29 02:16:24 INFO legacy_service.orders order 00000039 created customer=Acme Ltd items=2 total=37.50
created order 00000039 total=37.5
2026-06-29 02:16:24 INFO legacy_service.app POST /orders 201 id=00000039 total=37.50
2026-06-29 02:22:03 INFO legacy_service.app GET /orders 200 count=34
2026-06-29 02:26:46 INFO legacy_service.app GET /orders/00000007 200 status=PAID
2026-06-29 02:32:43 INFO legacy_service.app GET /report 200 date=2026-06-29 orders=4 total=1304.06
2026-06-29 02:41:19 WARNING legacy_service.orders rejected order: at least one item is required
2026-06-29 02:41:19 INFO legacy_service.app POST /orders 400 error="at least one item is required"
2026-06-29 02:48:41 INFO legacy_service.app GET /orders/00000039 200 status=NEW
2026-06-29 02:55:23 INFO legacy_service.app GET /orders 200 count=4
DEBUG: POST /orders payload={"customer":"Wayne Retail","items":[{"sku":"SKU-0009","qty":1,"unit_price":4.95},{"sku":"SKU-0004","qty":2,"unit_price":8.8}]}
2026-06-29 02:59:21 INFO legacy_service.orders order 00000040 created customer=Wayne Retail items=2 total=22.55
created order 00000040 total=22.55
2026-06-29 02:59:21 INFO legacy_service.app POST /orders 201 id=00000040 total=22.55
2026-06-29 03:08:08 WARNING legacy_service.orders rejected order: discount_pct out of range
2026-06-29 03:08:08 INFO legacy_service.app POST /orders 400 error="discount_pct out of range"
2026-06-29 03:17:24 INFO legacy_service.app GET /orders 200 count=49
2026-06-29 03:23:26 INFO legacy_service.app GET /orders 200 count=25
DEBUG: POST /orders payload={"customer":"Vandelay","items":[{"sku":"SKU-0001","qty":4,"unit_price":4.95},{"sku":"SKU-0008","qty":3,"unit_price":12.5},{"sku":"SKU-0006","qty":2,"unit_price":19.99}]}
2026-06-29 03:27:18 INFO legacy_service.orders order 00000041 created customer=Vandelay items=3 total=97.28
created order 00000041 total=97.28
2026-06-29 03:27:18 INFO legacy_service.app POST /orders 201 id=00000041 total=97.28
DEBUG: POST /orders payload={"customer":"Vandelay","items":[{"sku":"SKU-0007","qty":1,"unit_price":7.25},{"sku":"SKU-0008","qty":1,"unit_price":4.95}]}
2026-06-29 03:34:45 INFO legacy_service.orders order 00000042 created customer=Vandelay items=2 total=12.20
created order 00000042 total=12.2
2026-06-29 03:34:45 INFO legacy_service.app POST /orders 201 id=00000042 total=12.20
DEBUG: POST /orders payload={"customer":"Northwind Traders","items":[{"sku":"SKU-0002","qty":3,"unit_price":7.25},{"sku":"SKU-0002","qty":1,"unit_price":19.99},{"sku":"SKU-0006","qty":2,"unit_price":8.8}]}
2026-06-29 03:42:54 INFO legacy_service.orders order 00000043 created customer=Northwind Traders items=3 total=59.34
created order 00000043 total=59.34
2026-06-29 03:42:54 INFO legacy_service.app POST /orders 201 id=00000043 total=59.34
2026-06-29 03:48:35 INFO legacy_service.app GET /orders 200 count=12
2026-06-29 03:58:05 INFO legacy_service.app GET /orders 200 count=47
2026-06-29 04:06:32 INFO legacy_service.app GET /orders/00000002 200 status=NEW
2026-06-29 04:10:43 INFO legacy_service.app GET /orders 200 count=3
2026-06-29 04:15:48 INFO legacy_service.app GET /orders/00000035 200 status=NEW
2026-06-29 04:25:11 INFO legacy_service.app GET /orders/00000036 200 status=CANCELLED
2026-06-29 04:29:31 INFO legacy_service.app GET /orders 200 count=39
2026-06-29 04:37:18 INFO legacy_service.app GET /orders 200 count=35
2026-06-29 04:43:11 INFO legacy_service.app GET /orders/00000038 200 status=SHIPPED
2026-06-29 04:48:35 INFO legacy_service.app GET /orders/00000005 200 status=NEW
2026-06-29 04:58:30 INFO legacy_service.app GET /orders/00000038 200 status=SHIPPED
2026-06-29 05:06:44 INFO legacy_service.app GET /report 200 date=2026-06-29 orders=13 total=489.38
2026-06-29 05:11:24 INFO legacy_service.app GET /orders/00000014 200 status=NEW
2026-06-29 05:18:15 INFO legacy_service.app GET /orders 200 count=14
2026-06-29 05:23:09 INFO legacy_service.app GET /orders/00000027 200 status=PAID
2026-06-29 05:27:38 INFO legacy_service.app GET /report 200 date=2026-06-29 orders=11 total=765.11
db ready at orderbase.db
2026-06-29 05:31:10 INFO legacy_service.orders order 00000007 status -> SHIPPED
2026-06-29 05:36:05 INFO legacy_service.app GET /orders/00000007 200 status=PAID
2026-06-29 05:38:43 WARNING legacy_service.orders rejected order: customer is required
2026-06-29 05:38:43 INFO legacy_service.app POST /orders 400 error="customer is required"
2026-06-29 05:45:51 INFO legacy_service.app GET /report 200 date=2026-06-29 orders=14 total=1444.86
2026-06-29 05:55:45 INFO legacy_service.app GET /orders 200 count=16
DEBUG: POST /orders payload={"customer":"Acme Ltd","items":[{"sku":"SKU-0003","qty":3,"unit_price":12.5},{"sku":"SKU-0005","qty":2,"unit_price":8.8}]}
2026-06-29 06:03:00 INFO legacy_service.orders order 00000044 created customer=Acme Ltd items=2 total=55.10
created order 00000044 total=55.1
2026-06-29 06:03:00 INFO legacy_service.app POST /orders 201 id=00000044 total=55.10
2026-06-29 06:12:34 INFO legacy_service.app GET /orders 200 count=38
DEBUG: POST /orders payload={"customer":"Acme Ltd","items":[{"sku":"SKU-0007","qty":4,"unit_price":7.25},{"sku":"SKU-0007","qty":2,"unit_price":7.25}]}
2026-06-29 06:18:42 INFO legacy_service.orders order 00000045 created customer=Acme Ltd items=2 total=43.50
created order 00000045 total=43.5
2026-06-29 06:18:42 INFO legacy_service.app POST /orders 201 id=00000045 total=43.50
2026-06-29 06:25:12 INFO legacy_service.app GET /orders/00000042 404
DEBUG: POST /orders payload={"customer":"Vandelay","items":[{"sku":"SKU-0007","qty":4,"unit_price":7.25},{"sku":"SKU-0007","qty":2,"unit_price":8.8},{"sku":"SKU-0002","qty":2,"unit_price":19.99}]}
2026-06-29 06:33:25 INFO legacy_service.orders order 00000046 created customer=Vandelay items=3 total=86.58
created order 00000046 total=86.58
2026-06-29 06:33:25 INFO legacy_service.app POST /orders 201 id=00000046 total=86.58
2026-06-29 06:43:06 INFO legacy_service.app GET /orders/00000030 200 status=PAID
2026-06-29 06:50:16 INFO legacy_service.app GET /orders/00000036 200 status=NEW
2026-06-29 06:58:07 INFO legacy_service.app GET /orders 200 count=15
2026-06-29 07:06:39 INFO legacy_service.app GET /orders/00000046 200 status=PAID
2026-06-29 07:08:02 INFO legacy_service.app GET /orders/00000045 200 status=SHIPPED
2026-06-29 07:08:23 INFO legacy_service.app GET /orders/00000044 200 status=SHIPPED
2026-06-29 07:09:30 INFO legacy_service.app GET /orders/00000034 200 status=PAID
2026-06-29 07:10:39 INFO legacy_service.app GET /orders/00000035 200 status=PAID
DEBUG: POST /orders payload={"customer":"Umbrella Co","items":[{"sku":"SKU-0008","qty":2,"unit_price":12.5},{"sku":"SKU-0009","qty":3,"unit_price":12.5},{"sku":"SKU-0007","qty":4,"unit_price":4.95}]}
2026-06-29 07:12:05 INFO legacy_service.orders order 00000047 created customer=Umbrella Co items=3 total=82.30
created order 00000047 total=82.3
2026-06-29 07:12:05 INFO legacy_service.app POST /orders 201 id=00000047 total=82.30
2026-06-29 07:12:35 INFO legacy_service.app GET /orders/00000010 200 status=NEW
2026-06-29 07:13:01 INFO legacy_service.app GET /orders 200 count=18
2026-06-29 07:14:19 INFO legacy_service.app GET /orders/00000039 200 status=PAID
2026-06-29 07:14:49 INFO legacy_service.app GET /orders/00000034 200 status=CANCELLED
2026-06-29 07:15:56 INFO legacy_service.app GET /report 200 date=2026-06-29 orders=5 total=895.46
2026-06-29 07:16:19 INFO legacy_service.app GET /orders/00000011 200 status=PAID
2026-06-29 07:17:45 INFO legacy_service.app GET /orders/00000007 200 status=SHIPPED
2026-06-29 07:18:10 INFO legacy_service.app GET /orders/00000003 200 status=NEW
2026-06-29 07:18:58 WARNING legacy_service.orders rejected order: at least one item is required
2026-06-29 07:18:58 INFO legacy_service.app POST /orders 400 error="at least one item is required"
2026-06-29 07:20:24 INFO legacy_service.app GET /orders/00000011 200 status=PAID
DEBUG: POST /orders payload={"customer":"Globex","items":[{"sku":"SKU-0005","qty":4,"unit_price":12.5},{"sku":"SKU-0001","qty":1,"unit_price":12.5},{"sku":"SKU-0008","qty":4,"unit_price":7.25}]}
2026-06-29 07:21:23 INFO legacy_service.orders order 00000048 created customer=Globex items=3 total=91.50
created order 00000048 total=91.5
2026-06-29 07:21:23 INFO legacy_service.app POST /orders 201 id=00000048 total=91.50
2026-06-29 07:22:32 INFO legacy_service.app GET /orders/00000022 200 status=NEW
2026-06-29 07:24:00 WARNING legacy_service.orders rejected order: at least one item is required
2026-06-29 07:24:00 INFO legacy_service.app POST /orders 400 error="at least one item is required"
2026-06-29 07:25:24 INFO legacy_service.app GET /orders/00000019 200 status=CANCELLED
DEBUG: POST /orders payload={"customer":"Vandelay","items":[{"sku":"SKU-0001","qty":4,"unit_price":8.8},{"sku":"SKU-0007","qty":1,"unit_price":4.95},{"sku":"SKU-0001","qty":2,"unit_price":19.99}]}
2026-06-29 07:26:29 INFO legacy_service.orders order 00000049 created customer=Vandelay items=3 total=80.13
created order 00000049 total=80.13
2026-06-29 07:26:29 INFO legacy_service.app POST /orders 201 id=00000049 total=80.13
2026-06-29 07:26:54 INFO legacy_service.app GET /orders/00000024 200 status=PAID
DEBUG: POST /orders payload={"customer":"Initech","items":[{"sku":"SKU-0006","qty":4,"unit_price":4.95},{"sku":"SKU-0003","qty":1,"unit_price":8.8},{"sku":"SKU-0006","qty":4,"unit_price":19.99}]}
2026-06-29 07:28:24 INFO legacy_service.orders order 00000050 created customer=Initech items=3 total=108.56
created order 00000050 total=108.56
2026-06-29 07:28:24 INFO legacy_service.app POST /orders 201 id=00000050 total=108.56
2026-06-29 07:29:25 INFO legacy_service.app GET /orders/00000039 200 status=SHIPPED
DEBUG: POST /orders payload={"customer":"Vandelay","items":[{"sku":"SKU-0009","qty":1,"unit_price":8.8},{"sku":"SKU-0006","qty":4,"unit_price":12.5}]}
2026-06-29 07:29:41 INFO legacy_service.orders order 00000051 created customer=Vandelay items=2 total=58.80
created order 00000051 total=58.8
2026-06-29 07:29:41 INFO legacy_service.app POST /orders 201 id=00000051 total=58.80
2026-06-29 07:30:56 INFO legacy_service.app GET /orders 200 count=32
2026-06-29 07:32:03 INFO legacy_service.app GET /orders/00000051 200 status=CANCELLED
2026-06-29 07:33:27 INFO legacy_service.app GET /orders 200 count=3
2026-06-29 07:34:07 INFO legacy_service.app GET /report 200 date=2026-06-29 orders=4 total=767.75
2026-06-29 07:34:37 INFO legacy_service.app GET /orders/00000005 200 status=PAID
2026-06-29 07:35:00 INFO legacy_service.app GET /orders/00000024 200 status=SHIPPED
2026-06-29 07:36:17 INFO legacy_service.app GET /orders/00000012 200 status=CANCELLED
2026-06-29 07:36:50 INFO legacy_service.app GET /report 200 date=2026-06-29 orders=6 total=424.68
DEBUG: POST /orders payload={"customer":"Acme Ltd","items":[{"sku":"SKU-0006","qty":3,"unit_price":4.95}]}
2026-06-29 07:37:34 INFO legacy_service.orders order 00000052 created customer=Acme Ltd items=1 total=14.85
created order 00000052 total=14.85
2026-06-29 07:37:34 INFO legacy_service.app POST /orders 201 id=00000052 total=14.85
2026-06-29 07:38:52 INFO legacy_service.app GET /orders/00000038 200 status=CANCELLED
2026-06-29 07:39:44 INFO legacy_service.app GET /orders/00000024 200 status=NEW
DEBUG: POST /orders payload={"customer":"Initech","items":[{"sku":"SKU-0006","qty":4,"unit_price":4.95}]}
2026-06-29 07:41:11 INFO legacy_service.orders order 00000053 created customer=Initech items=1 total=19.80
created order 00000053 total=19.8
2026-06-29 07:41:11 INFO legacy_service.app POST /orders 201 id=00000053 total=19.80
2026-06-29 07:42:16 INFO legacy_service.app GET /orders/00000052 200 status=SHIPPED
2026-06-29 07:43:12 WARNING legacy_service.orders rejected order: at least one item is required
2026-06-29 07:43:12 INFO legacy_service.app POST /orders 400 error="at least one item is required"
2026-06-29 07:44:31 INFO legacy_service.app GET /orders 200 count=1
DEBUG: POST /orders payload={"customer":"Vandelay","items":[{"sku":"SKU-0008","qty":3,"unit_price":7.25},{"sku":"SKU-0008","qty":2,"unit_price":8.8}]}
2026-06-29 07:45:22 INFO legacy_service.orders order 00000054 created customer=Vandelay items=2 total=39.35
created order 00000054 total=39.35
2026-06-29 07:45:22 INFO legacy_service.app POST /orders 201 id=00000054 total=39.35
2026-06-29 07:46:34 WARNING legacy_service.orders rejected order: customer is required
2026-06-29 07:46:34 INFO legacy_service.app POST /orders 400 error="customer is required"
DEBUG: POST /orders payload={"customer":"Hooli","items":[{"sku":"SKU-0008","qty":3,"unit_price":7.25}]}
2026-06-29 07:47:07 INFO legacy_service.orders order 00000055 created customer=Hooli items=1 total=21.75
created order 00000055 total=21.75
2026-06-29 07:47:07 INFO legacy_service.app POST /orders 201 id=00000055 total=21.75
2026-06-29 07:47:40 INFO legacy_service.app GET /report 200 date=2026-06-29 orders=9 total=1440.94
2026-06-29 07:48:04 INFO legacy_service.app GET /report 200 date=2026-06-29 orders=4 total=657.59
2026-06-29 07:49:00 WARNING legacy_service.orders rejected order: discount_pct out of range
2026-06-29 07:49:00 INFO legacy_service.app POST /orders 400 error="discount_pct out of range"
2026-06-29 07:50:29 INFO legacy_service.app GET /orders/00000040 404
2026-06-29 07:51:27 INFO legacy_service.app GET /orders/00000026 404
2026-06-29 07:52:27 INFO legacy_service.app GET /orders 200 count=19
2026-06-29 07:53:53 INFO legacy_service.app GET /orders/00000054 200 status=NEW
2026-06-29 07:54:32 INFO legacy_service.app GET /orders/00000044 200 status=PAID
DEBUG: POST /orders payload={"customer":"Soylent Foods","items":[{"sku":"SKU-0001","qty":3,"unit_price":19.99}]}
2026-06-29 07:55:59 INFO legacy_service.orders order 00000056 created customer=Soylent Foods items=1 total=59.97
created order 00000056 total=59.97
2026-06-29 07:55:59 INFO legacy_service.app POST /orders 201 id=00000056 total=59.97
2026-06-29 07:57:15 INFO legacy_service.app GET /orders/00000025 200 status=NEW
DEBUG: POST /orders payload={"customer":"Soylent Foods","items":[{"sku":"SKU-0002","qty":2,"unit_price":19.99},{"sku":"SKU-0002","qty":1,"unit_price":19.99}]}
2026-06-29 07:58:33 INFO legacy_service.orders order 00000057 created customer=Soylent Foods items=2 total=59.97
created order 00000057 total=59.97
2026-06-29 07:58:33 INFO legacy_service.app POST /orders 201 id=00000057 total=59.97
2026-06-29 07:59:19 INFO legacy_service.app GET /orders/00000036 200 status=PAID
2026-06-29 07:59:43 INFO legacy_service.app GET /orders 200 count=26
2026-06-29 08:00:08 INFO legacy_service.app GET /orders/00000004 404
2026-06-29 08:01:25 INFO legacy_service.app GET /orders/00000047 200 status=NEW
2026-06-29 08:02:45 INFO legacy_service.app GET /report 200 date=2026-06-29 orders=10 total=675.09
2026-06-29 08:03:06 INFO legacy_service.app GET /orders 200 count=36
2026-06-29 08:03:41 INFO legacy_service.app GET /report 200 date=2026-06-29 orders=12 total=605.95
2026-06-29 08:04:49 INFO legacy_service.app GET /orders/00000005 200 status=CANCELLED
DEBUG: POST /orders payload={"customer":"Acme Ltd","items":[{"sku":"SKU-0001","qty":2,"unit_price":8.8},{"sku":"SKU-0003","qty":1,"unit_price":7.25},{"sku":"SKU-0002","qty":3,"unit_price":8.8}]}
2026-06-29 08:05:29 INFO legacy_service.orders order 00000058 created customer=Acme Ltd items=3 total=51.25
created order 00000058 total=51.25
2026-06-29 08:05:29 INFO legacy_service.app POST /orders 201 id=00000058 total=51.25
DEBUG: POST /orders payload={"customer":"Hooli","items":[{"sku":"SKU-0005","qty":1,"unit_price":7.25}]}
2026-06-29 08:06:34 INFO legacy_service.orders order 00000059 created customer=Hooli items=1 total=7.25
created order 00000059 total=7.25
2026-06-29 08:06:34 INFO legacy_service.app POST /orders 201 id=00000059 total=7.25
DEBUG: POST /orders payload={"customer":"Northwind Traders","items":[{"sku":"SKU-0009","qty":3,"unit_price":8.8},{"sku":"SKU-0001","qty":1,"unit_price":4.95}]}
2026-06-29 08:07:03 INFO legacy_service.orders order 00000060 created customer=Northwind Traders items=2 total=31.35
created order 00000060 total=31.35
2026-06-29 08:07:03 INFO legacy_service.app POST /orders 201 id=00000060 total=31.35
2026-06-29 08:07:57 INFO legacy_service.app GET /orders/00000030 200 status=NEW
2026-06-29 08:08:41 INFO legacy_service.app GET /orders/00000013 200 status=CANCELLED
DEBUG: POST /orders payload={"customer":"Globex","items":[{"sku":"SKU-0007","qty":1,"unit_price":8.8},{"sku":"SKU-0004","qty":1,"unit_price":12.5}]}
2026-06-29 08:09:19 INFO legacy_service.orders order 00000061 created customer=Globex items=2 total=21.30
created order 00000061 total=21.3
2026-06-29 08:09:19 INFO legacy_service.app POST /orders 201 id=00000061 total=21.30
2026-06-29 08:10:41 INFO legacy_service.app GET /orders/00000019 200 status=NEW
2026-06-29 08:12:04 WARNING legacy_service.orders rejected order: discount_pct out of range
2026-06-29 08:12:04 INFO legacy_service.app POST /orders 400 error="discount_pct out of range"
DEBUG: POST /orders payload={"customer":"Stark Supplies","items":[{"sku":"SKU-0004","qty":3,"unit_price":7.25},{"sku":"SKU-0002","qty":4,"unit_price":7.25}]}
2026-06-29 08:13:04 INFO legacy_service.orders order 00000062 created customer=Stark Supplies items=2 total=50.75
created order 00000062 total=50.75
2026-06-29 08:13:04 INFO legacy_service.app POST /orders 201 id=00000062 total=50.75
DEBUG: POST /orders payload={"customer":"Initech","items":[{"sku":"SKU-0004","qty":2,"unit_price":7.25}]}
2026-06-29 08:14:32 INFO legacy_service.orders order 00000063 created customer=Initech items=1 total=14.50
created order 00000063 total=14.5
2026-06-29 08:14:32 INFO legacy_service.app POST /orders 201 id=00000063 total=14.50
DEBUG: POST /orders payload={"customer":"Wayne Retail","items":[{"sku":"SKU-0005","qty":4,"unit_price":12.5},{"sku":"SKU-0007","qty":3,"unit_price":8.8}]}
2026-06-29 08:16:00 INFO legacy_service.orders order 00000064 created customer=Wayne Retail items=2 total=76.40
created order 00000064 total=76.4
2026-06-29 08:16:00 INFO legacy_service.app POST /orders 201 id=00000064 total=76.40
2026-06-29 08:16:58 INFO legacy_service.app GET /orders/00000001 200 status=NEW
2026-06-29 08:18:25 INFO legacy_service.app GET /orders 200 count=48
DEBUG: POST /orders payload={"customer":"Acme Ltd","items":[{"sku":"SKU-0002","qty":1,"unit_price":8.8}]}
2026-06-29 08:19:07 INFO legacy_service.orders order 00000065 created customer=Acme Ltd items=1 total=8.80
created order 00000065 total=8.8
2026-06-29 08:19:07 INFO legacy_service.app POST /orders 201 id=00000065 total=8.80
2026-06-29 08:20:36 INFO legacy_service.app GET /orders/00000048 200 status=PAID
2026-06-29 08:21:34 INFO legacy_service.app GET /orders/00000024 200 status=PAID
2026-06-29 08:22:32 INFO legacy_service.app GET /orders/00000001 200 status=CANCELLED
DEBUG: POST /orders payload={"customer":"Soylent Foods","items":[{"sku":"SKU-0008","qty":2,"unit_price":8.8},{"sku":"SKU-0008","qty":1,"unit_price":19.99},{"sku":"SKU-0009","qty":2,"unit_price":12.5}]}
2026-06-29 08:23:03 INFO legacy_service.orders order 00000066 created customer=Soylent Foods items=3 total=62.59
created order 00000066 total=62.59
2026-06-29 08:23:03 INFO legacy_service.app POST /orders 201 id=00000066 total=62.59
DEBUG: POST /orders payload={"customer":"Wayne Retail","items":[{"sku":"SKU-0006","qty":2,"unit_price":8.8},{"sku":"SKU-0002","qty":2,"unit_price":7.25},{"sku":"SKU-0005","qty":1,"unit_price":19.99}]}
2026-06-29 08:24:14 INFO legacy_service.orders order 00000067 created customer=Wayne Retail items=3 total=52.09
created order 00000067 total=52.09
2026-06-29 08:24:14 INFO legacy_service.app POST /orders 201 id=00000067 total=52.09
DEBUG: POST /orders payload={"customer":"Hooli","items":[{"sku":"SKU-0003","qty":4,"unit_price":12.5},{"sku":"SKU-0001","qty":2,"unit_price":4.95}]}
2026-06-29 08:24:53 INFO legacy_service.orders order 00000068 created customer=Hooli items=2 total=59.90
created order 00000068 total=59.9
2026-06-29 08:24:53 INFO legacy_service.app POST /orders 201 id=00000068 total=59.90
DEBUG: POST /orders payload={"customer":"Wayne Retail","items":[{"sku":"SKU-0009","qty":1,"unit_price":12.5},{"sku":"SKU-0006","qty":4,"unit_price":7.25}]}
2026-06-29 08:25:39 INFO legacy_service.orders order 00000069 created customer=Wayne Retail items=2 total=41.50
created order 00000069 total=41.5
2026-06-29 08:25:39 INFO legacy_service.app POST /orders 201 id=00000069 total=41.50
2026-06-29 08:26:48 INFO legacy_service.app GET /orders/00000039 200 status=SHIPPED
DEBUG: POST /orders payload={"customer":"Umbrella Co","items":[{"sku":"SKU-0008","qty":4,"unit_price":19.99}]}
2026-06-29 08:27:45 INFO legacy_service.orders order 00000070 created customer=Umbrella Co items=1 total=79.96
created order 00000070 total=79.96
2026-06-29 08:27:45 INFO legacy_service.app POST /orders 201 id=00000070 total=79.96
DEBUG: POST /orders payload={"customer":"Soylent Foods","items":[{"sku":"SKU-0003","qty":1,"unit_price":7.25}]}
2026-06-29 08:28:34 INFO legacy_service.orders order 00000071 created customer=Soylent Foods items=1 total=7.25
created order 00000071 total=7.25
2026-06-29 08:28:34 INFO legacy_service.app POST /orders 201 id=00000071 total=7.25
2026-06-29 08:29:15 INFO legacy_service.app GET /report 200 date=2026-06-29 orders=8 total=502.62
2026-06-29 08:30:10 INFO legacy_service.app GET /report 200 date=2026-06-29 orders=7 total=849.84
2026-06-29 08:30:45 INFO legacy_service.app GET /orders/00000023 200 status=PAID
2026-06-29 08:31:50 INFO legacy_service.app GET /orders 200 count=15
2026-06-29 08:33:06 INFO legacy_service.app GET /orders 200 count=13
2026-06-29 08:34:06 INFO legacy_service.app GET /orders/00000031 200 status=NEW
2026-06-29 08:35:27 INFO legacy_service.app GET /report 200 date=2026-06-29 orders=13 total=1478.81
2026-06-29 08:36:12 INFO legacy_service.app GET /orders 200 count=14
DEBUG: POST /orders payload={"customer":"Vandelay","items":[{"sku":"SKU-0008","qty":4,"unit_price":19.99},{"sku":"SKU-0006","qty":2,"unit_price":7.25}]}
2026-06-29 08:36:36 INFO legacy_service.orders order 00000072 created customer=Vandelay items=2 total=94.46
created order 00000072 total=94.46
2026-06-29 08:36:36 INFO legacy_service.app POST /orders 201 id=00000072 total=94.46
2026-06-29 08:36:58 INFO legacy_service.app GET /orders/00000043 200 status=PAID
2026-06-29 08:37:48 INFO legacy_service.app GET /orders 200 count=10
2026-06-29 08:39:06 INFO legacy_service.app GET /orders/00000055 200 status=PAID
2026-06-29 08:40:33 INFO legacy_service.app GET /orders 200 count=24
2026-06-29 08:41:58 INFO legacy_service.app GET /orders 200 count=2
2026-06-29 08:42:38 INFO legacy_service.app GET /orders/00000014 200 status=PAID
2026-06-29 08:43:27 INFO legacy_service.app GET /orders/00000067 200 status=PAID
2026-06-29 08:44:44 INFO legacy_service.app GET /orders 200 count=5
2026-06-29 08:45:19 INFO legacy_service.app GET /orders/00000013 200 status=CANCELLED
2026-06-29 08:45:48 WARNING legacy_service.orders rejected order: customer is required
2026-06-29 08:45:48 INFO legacy_service.app POST /orders 400 error="customer is required"
2026-06-29 08:47:02 WARNING legacy_service.orders rejected order: customer is required
2026-06-29 08:47:02 INFO legacy_service.app POST /orders 400 error="customer is required"
DEBUG: POST /orders payload={"customer":"Soylent Foods","items":[{"sku":"SKU-0008","qty":1,"unit_price":8.8},{"sku":"SKU-0009","qty":4,"unit_price":4.95}]}
2026-06-29 08:47:23 INFO legacy_service.orders order 00000073 created customer=Soylent Foods items=2 total=28.60
created order 00000073 total=28.6
2026-06-29 08:47:23 INFO legacy_service.app POST /orders 201 id=00000073 total=28.60
2026-06-29 08:47:46 INFO legacy_service.app GET /orders/00000072 404
2026-06-29 08:48:43 INFO legacy_service.app GET /orders/00000058 200 status=NEW
2026-06-29 08:49:08 INFO legacy_service.app GET /orders/00000059 200 status=CANCELLED
2026-06-29 08:49:23 INFO legacy_service.app GET /orders/00000005 200 status=NEW
2026-06-29 08:50:31 WARNING legacy_service.orders rejected order: customer is required
2026-06-29 08:50:31 INFO legacy_service.app POST /orders 400 error="customer is required"
DEBUG: POST /orders payload={"customer":"Globex","items":[{"sku":"SKU-0004","qty":4,"unit_price":19.99},{"sku":"SKU-0003","qty":1,"unit_price":7.25},{"sku":"SKU-0005","qty":1,"unit_price":12.5}]}
2026-06-29 08:51:00 INFO legacy_service.orders order 00000074 created customer=Globex items=3 total=99.71
created order 00000074 total=99.71
2026-06-29 08:51:00 INFO legacy_service.app POST /orders 201 id=00000074 total=99.71
2026-06-29 08:51:56 INFO legacy_service.app GET /report 200 date=2026-06-29 orders=5 total=1025.97
2026-06-29 08:52:24 INFO legacy_service.app GET /orders/00000031 200 status=SHIPPED
2026-06-29 08:53:00 WARNING legacy_service.orders rejected order: discount_pct out of range
2026-06-29 08:53:00 INFO legacy_service.app POST /orders 400 error="discount_pct out of range"
2026-06-29 08:54:06 INFO legacy_service.app GET /orders 200 count=47
2026-06-29 08:55:03 INFO legacy_service.app GET /report 200 date=2026-06-29 orders=10 total=936.90
2026-06-29 08:55:26 INFO legacy_service.app GET /report 200 date=2026-06-29 orders=12 total=1568.94
2026-06-29 08:55:54 INFO legacy_service.app GET /orders 200 count=25
2026-06-29 08:56:31 INFO legacy_service.app GET /orders/00000036 200 status=CANCELLED
2026-06-29 08:57:25 INFO legacy_service.app GET /orders 200 count=49
2026-06-29 08:58:26 INFO legacy_service.app GET /orders 200 count=6
2026-06-29 08:59:56 INFO legacy_service.app GET /orders 200 count=21
2026-06-29 09:00:42 INFO legacy_service.app GET /orders/00000008 200 status=CANCELLED
2026-06-29 09:01:54 INFO legacy_service.app GET /orders/00000002 200 status=PAID
2026-06-29 09:02:35 INFO legacy_service.app GET /orders 200 count=2
DEBUG: POST /orders payload={"customer":"Acme Ltd","items":[{"sku":"SKU-0002","qty":4,"unit_price":7.25}]}
2026-06-29 09:03:31 INFO legacy_service.orders order 00000075 created customer=Acme Ltd items=1 total=29.00
created order 00000075 total=29
2026-06-29 09:03:31 INFO legacy_service.app POST /orders 201 id=00000075 total=29.00
DEBUG: POST /orders payload={"customer":"Initech","items":[{"sku":"SKU-0009","qty":2,"unit_price":8.8},{"sku":"SKU-0005","qty":2,"unit_price":7.25},{"sku":"SKU-0002","qty":1,"unit_price":19.99}]}
2026-06-29 09:03:48 INFO legacy_service.orders order 00000076 created customer=Initech items=3 total=52.09
created order 00000076 total=52.09
2026-06-29 09:03:48 INFO legacy_service.app POST /orders 201 id=00000076 total=52.09
2026-06-29 09:04:03 INFO legacy_service.app GET /orders/00000049 200 status=CANCELLED
2026-06-29 09:05:12 INFO legacy_service.app GET /orders/00000041 200 status=CANCELLED
2026-06-29 09:05:42 INFO legacy_service.app GET /orders 200 count=41
2026-06-29 09:07:02 INFO legacy_service.app GET /orders/00000011 200 status=CANCELLED
2026-06-29 09:08:18 INFO legacy_service.app GET /orders 200 count=12
2026-06-29 09:08:49 INFO legacy_service.app GET /orders/00000014 200 status=CANCELLED
2026-06-29 09:09:18 INFO legacy_service.app GET /orders 200 count=32
2026-06-29 09:09:49 INFO legacy_service.app GET /report 200 date=2026-06-29 orders=14 total=1309.92
2026-06-29 09:11:09 INFO legacy_service.app GET /orders/00000052 200 status=NEW
2026-06-29 09:12:13 INFO legacy_service.app GET /orders/00000044 404
2026-06-29 09:12:35 INFO legacy_service.app GET /orders/00000002 200 status=PAID
2026-06-29 09:12:44 INFO legacy_service.app GET /orders/00000007 200 status=NEW
2026-06-29 09:13:22 INFO legacy_service.app GET /orders 200 count=46
2026-06-29 09:13:30 WARNING monitor order 00000007 shows NEW in API but SHIPPED in WMS (cache?)
2026-06-29 09:14:34 INFO legacy_service.app GET /orders 200 count=45
2026-06-29 09:15:28 INFO legacy_service.app GET /report 200 date=2026-06-29 orders=9 total=398.42
DEBUG: POST /orders payload={"customer":"Wayne Retail","items":[{"sku":"SKU-0006","qty":4,"unit_price":8.8}]}
2026-06-29 09:16:20 INFO legacy_service.orders order 00000077 created customer=Wayne Retail items=1 total=35.20
created order 00000077 total=35.2
2026-06-29 09:16:20 INFO legacy_service.app POST /orders 201 id=00000077 total=35.20
2026-06-29 09:17:34 INFO legacy_service.app GET /orders 200 count=11
2026-06-29 09:18:00 INFO legacy_service.app GET /orders 200 count=5
2026-06-29 09:18:58 INFO legacy_service.app GET /orders 200 count=10
2026-06-29 09:19:34 INFO legacy_service.app GET /orders/00000023 200 status=NEW
2026-06-29 09:19:53 INFO legacy_service.app GET /orders/00000064 200 status=CANCELLED
2026-06-29 09:21:19 INFO legacy_service.app GET /orders/00000022 200 status=NEW
2026-06-29 09:21:49 INFO legacy_service.app GET /orders 200 count=46
2026-06-29 09:22:37 INFO legacy_service.app GET /orders 200 count=5
2026-06-29 09:23:48 INFO legacy_service.app GET /orders/00000076 200 status=NEW
2026-06-29 09:24:29 INFO legacy_service.app GET /orders 200 count=21
2026-06-29 09:25:44 INFO legacy_service.app GET /orders/00000008 200 status=NEW
DEBUG: POST /orders payload={"customer":"Soylent Foods","items":[{"sku":"SKU-0005","qty":3,"unit_price":8.8},{"sku":"SKU-0003","qty":4,"unit_price":4.95},{"sku":"SKU-0004","qty":3,"unit_price":4.95}]}
2026-06-29 09:27:12 INFO legacy_service.orders order 00000078 created customer=Soylent Foods items=3 total=61.05
created order 00000078 total=61.05
2026-06-29 09:27:12 INFO legacy_service.app POST /orders 201 id=00000078 total=61.05
2026-06-29 09:28:30 INFO legacy_service.app GET /orders 200 count=47
DEBUG: POST /orders payload={"customer":"Initech","items":[{"sku":"SKU-0004","qty":4,"unit_price":7.25}]}
2026-06-29 09:28:51 INFO legacy_service.orders order 00000079 created customer=Initech items=1 total=29.00
created order 00000079 total=29
2026-06-29 09:28:51 INFO legacy_service.app POST /orders 201 id=00000079 total=29.00
DEBUG: POST /orders payload={"customer":"Wayne Retail","items":[{"sku":"SKU-0009","qty":1,"unit_price":7.25},{"sku":"SKU-0002","qty":3,"unit_price":4.95}]}
2026-06-29 09:30:05 INFO legacy_service.orders order 00000080 created customer=Wayne Retail items=2 total=22.10
created order 00000080 total=22.1
2026-06-29 09:30:05 INFO legacy_service.app POST /orders 201 id=00000080 total=22.10
2026-06-29 09:30:48 INFO legacy_service.app GET /orders/00000079 200 status=SHIPPED
DEBUG: POST /orders payload={"customer":"Initech","items":[{"sku":"SKU-0007","qty":4,"unit_price":8.8}]}
2026-06-29 09:32:15 INFO legacy_service.orders order 00000081 created customer=Initech items=1 total=35.20
created order 00000081 total=35.2
2026-06-29 09:32:15 INFO legacy_service.app POST /orders 201 id=00000081 total=35.20
2026-06-29 09:32:33 INFO legacy_service.app GET /orders 200 count=37
2026-06-29 09:33:58 INFO legacy_service.app GET /orders/00000023 200 status=CANCELLED
2026-06-29 09:34:59 INFO legacy_service.app GET /orders/00000069 200 status=CANCELLED
2026-06-29 09:35:57 INFO legacy_service.app GET /orders 200 count=9
2026-06-29 09:36:41 INFO legacy_service.app GET /report 200 date=2026-06-29 orders=14 total=1174.91
2026-06-29 09:37:21 INFO legacy_service.app GET /orders 200 count=4
2026-06-29 09:38:48 INFO legacy_service.app GET /report 200 date=2026-06-29 orders=10 total=697.85
2026-06-29 09:39:53 INFO legacy_service.app GET /orders/00000073 200 status=CANCELLED
2026-06-29 09:40:26 INFO legacy_service.app GET /orders/00000005 200 status=CANCELLED
2026-06-29 09:40:59 INFO legacy_service.app GET /orders 200 count=49
2026-06-29 09:41:18 WARNING legacy_service.orders rejected order: discount_pct out of range
2026-06-29 09:41:18 INFO legacy_service.app POST /orders 400 error="discount_pct out of range"
2026-06-29 09:41:59 INFO legacy_service.app GET /orders 200 count=21
DEBUG: POST /orders payload={"customer":"Hooli","items":[{"sku":"SKU-0001","qty":3,"unit_price":19.99},{"sku":"SKU-0005","qty":1,"unit_price":12.5}]}
2026-06-29 09:42:48 INFO legacy_service.orders order 00000082 created customer=Hooli items=2 total=72.47
created order 00000082 total=72.47
2026-06-29 09:42:48 INFO legacy_service.app POST /orders 201 id=00000082 total=72.47
2026-06-29 09:43:16 INFO legacy_service.app GET /orders 200 count=33
DEBUG: POST /orders payload={"customer":"Northwind Traders","items":[{"sku":"SKU-0004","qty":2,"unit_price":12.5},{"sku":"SKU-0008","qty":2,"unit_price":8.8},{"sku":"SKU-0001","qty":2,"unit_price":4.95}]}
2026-06-29 09:44:23 INFO legacy_service.orders order 00000083 created customer=Northwind Traders items=3 total=52.50
created order 00000083 total=52.5
2026-06-29 09:44:23 INFO legacy_service.app POST /orders 201 id=00000083 total=52.50
2026-06-29 09:45:31 INFO legacy_service.app GET /orders 200 count=37
2026-06-29 09:46:08 INFO legacy_service.app GET /report 200 date=2026-06-29 orders=12 total=831.59
2026-06-29 09:46:56 INFO legacy_service.app GET /orders/00000070 200 status=PAID
DEBUG: POST /orders payload={"customer":"Globex","items":[{"sku":"SKU-0006","qty":4,"unit_price":7.25}]}
2026-06-29 09:47:33 INFO legacy_service.orders order 00000084 created customer=Globex items=1 total=29.00
created order 00000084 total=29
2026-06-29 09:47:33 INFO legacy_service.app POST /orders 201 id=00000084 total=29.00
2026-06-29 09:48:11 INFO legacy_service.app GET /orders/00000062 200 status=CANCELLED
2026-06-29 09:49:38 INFO legacy_service.app GET /report 200 date=2026-06-29 orders=8 total=311.18
2026-06-29 09:51:03 INFO legacy_service.app GET /orders/00000034 404
2026-06-29 09:52:10 WARNING legacy_service.orders rejected order: at least one item is required
2026-06-29 09:52:10 INFO legacy_service.app POST /orders 400 error="at least one item is required"
2026-06-29 09:52:35 INFO legacy_service.app GET /orders/00000026 200 status=CANCELLED
2026-06-29 09:53:20 INFO legacy_service.app GET /orders/00000066 200 status=SHIPPED
2026-06-29 09:53:57 INFO legacy_service.app GET /orders 200 count=26
2026-06-29 09:54:24 INFO legacy_service.app GET /orders/00000006 200 status=SHIPPED
DEBUG: POST /orders payload={"customer":"Hooli","items":[{"sku":"SKU-0008","qty":3,"unit_price":19.99},{"sku":"SKU-0003","qty":3,"unit_price":19.99}]}
2026-06-29 09:55:45 INFO legacy_service.orders order 00000085 created customer=Hooli items=2 total=119.94
created order 00000085 total=119.94
2026-06-29 09:55:45 INFO legacy_service.app POST /orders 201 id=00000085 total=119.94
2026-06-29 09:56:07 INFO legacy_service.app GET /orders/00000008 200 status=CANCELLED
2026-06-29 09:56:33 INFO legacy_service.app GET /orders/00000054 200 status=NEW
2026-06-29 09:57:59 INFO legacy_service.app GET /orders/00000026 200 status=PAID
DEBUG: POST /orders payload={"customer":"Wayne Retail","items":[{"sku":"SKU-0001","qty":4,"unit_price":12.5},{"sku":"SKU-0004","qty":3,"unit_price":8.8},{"sku":"SKU-0006","qty":1,"unit_price":12.5}]}
2026-06-29 09:58:47 INFO legacy_service.orders order 00000086 created customer=Wayne Retail items=3 total=88.90
created order 00000086 total=88.9
2026-06-29 09:58:47 INFO legacy_service.app POST /orders 201 id=00000086 total=88.90
2026-06-29 10:00:16 INFO legacy_service.app GET /orders 200 count=38
2026-06-29 10:01:22 WARNING legacy_service.orders rejected order: customer is required
2026-06-29 10:01:22 INFO legacy_service.app POST /orders 400 error="customer is required"
2026-06-29 10:02:41 INFO legacy_service.app GET /orders/00000002 200 status=CANCELLED
2026-06-29 10:03:29 INFO legacy_service.app GET /orders/00000034 200 status=SHIPPED
2026-06-29 10:03:49 INFO legacy_service.app GET /report 200 date=2026-06-29 orders=4 total=1559.81
DEBUG: POST /orders payload={"customer":"Umbrella Co","items":[{"sku":"SKU-0002","qty":2,"unit_price":19.99}]}
2026-06-29 10:04:17 INFO legacy_service.orders order 00000087 created customer=Umbrella Co items=1 total=39.98
created order 00000087 total=39.98
2026-06-29 10:04:17 INFO legacy_service.app POST /orders 201 id=00000087 total=39.98
2026-06-29 10:05:28 WARNING legacy_service.orders rejected order: customer is required
2026-06-29 10:05:28 INFO legacy_service.app POST /orders 400 error="customer is required"
2026-06-29 10:06:01 INFO legacy_service.app GET /orders 200 count=48
2026-06-29 10:07:09 WARNING legacy_service.orders rejected order: at least one item is required
2026-06-29 10:07:09 INFO legacy_service.app POST /orders 400 error="at least one item is required"
2026-06-29 10:08:31 INFO legacy_service.app GET /orders/00000068 200 status=CANCELLED
2026-06-29 10:09:28 INFO legacy_service.app GET /orders/00000027 200 status=CANCELLED
2026-06-29 10:10:05 INFO legacy_service.app GET /orders 200 count=8
2026-06-29 10:11:29 INFO legacy_service.app GET /orders/00000064 200 status=CANCELLED
DEBUG: POST /orders payload={"customer":"Vandelay","items":[{"sku":"SKU-0002","qty":3,"unit_price":4.95},{"sku":"SKU-0006","qty":1,"unit_price":4.95},{"sku":"SKU-0008","qty":1,"unit_price":8.8}]}
2026-06-29 10:12:47 INFO legacy_service.orders order 00000088 created customer=Vandelay items=3 total=28.60
created order 00000088 total=28.6
2026-06-29 10:12:47 INFO legacy_service.app POST /orders 201 id=00000088 total=28.60
DEBUG: POST /orders payload={"customer":"Hooli","items":[{"sku":"SKU-0007","qty":4,"unit_price":4.95}]}
2026-06-29 10:14:16 INFO legacy_service.orders order 00000089 created customer=Hooli items=1 total=19.80
created order 00000089 total=19.8
2026-06-29 10:14:16 INFO legacy_service.app POST /orders 201 id=00000089 total=19.80
2026-06-29 10:14:47 INFO legacy_service.app GET /orders 200 count=7
2026-06-29 10:15:36 INFO legacy_service.app GET /orders/00000049 200 status=SHIPPED
2026-06-29 10:16:21 INFO legacy_service.app GET /orders/00000003 200 status=CANCELLED
2026-06-29 10:17:40 WARNING legacy_service.orders rejected order: discount_pct out of range
2026-06-29 10:17:40 INFO legacy_service.app POST /orders 400 error="discount_pct out of range"
DEBUG: POST /orders payload={"customer":"Soylent Foods","items":[{"sku":"SKU-0002","qty":4,"unit_price":12.5},{"sku":"SKU-0006","qty":1,"unit_price":4.95},{"sku":"SKU-0001","qty":1,"unit_price":4.95}]}
2026-06-29 10:18:51 INFO legacy_service.orders order 00000090 created customer=Soylent Foods items=3 total=59.90
created order 00000090 total=59.9
2026-06-29 10:18:51 INFO legacy_service.app POST /orders 201 id=00000090 total=59.90
2026-06-29 10:19:54 INFO legacy_service.app GET /orders/00000021 200 status=CANCELLED
2026-06-29 10:20:29 INFO legacy_service.app GET /report 200 date=2026-06-29 orders=5 total=1323.62
2026-06-29 10:21:39 INFO legacy_service.app GET /orders/00000002 404
2026-06-29 10:23:03 INFO legacy_service.app GET /orders/00000070 200 status=PAID
2026-06-29 10:24:10 INFO legacy_service.app GET /orders/00000068 200 status=SHIPPED
DEBUG: POST /orders payload={"customer":"Initech","items":[{"sku":"SKU-0009","qty":4,"unit_price":12.5}]}
2026-06-29 10:25:22 INFO legacy_service.orders order 00000091 created customer=Initech items=1 total=50.00
created order 00000091 total=50
2026-06-29 10:25:22 INFO legacy_service.app POST /orders 201 id=00000091 total=50.00
DEBUG: POST /orders payload={"customer":"Soylent Foods","items":[{"sku":"SKU-0003","qty":3,"unit_price":12.5},{"sku":"SKU-0007","qty":3,"unit_price":19.99},{"sku":"SKU-0009","qty":1,"unit_price":12.5}]}
2026-06-29 10:26:52 INFO legacy_service.orders order 00000092 created customer=Soylent Foods items=3 total=109.97
created order 00000092 total=109.97
2026-06-29 10:26:52 INFO legacy_service.app POST /orders 201 id=00000092 total=109.97
2026-06-29 10:27:07 INFO legacy_service.app GET /orders/00000062 200 status=SHIPPED
2026-06-29 10:27:57 WARNING legacy_service.orders rejected order: customer is required
2026-06-29 10:27:57 INFO legacy_service.app POST /orders 400 error="customer is required"
2026-06-29 10:29:24 INFO legacy_service.app GET /orders/00000055 404
DEBUG: POST /orders payload={"customer":"Wayne Retail","items":[{"sku":"SKU-0006","qty":3,"unit_price":12.5}]}
2026-06-29 10:29:45 INFO legacy_service.orders order 00000093 created customer=Wayne Retail items=1 total=37.50
created order 00000093 total=37.5
2026-06-29 10:29:45 INFO legacy_service.app POST /orders 201 id=00000093 total=37.50
DEBUG: POST /orders payload={"customer":"Soylent Foods","items":[{"sku":"SKU-0004","qty":1,"unit_price":4.95}]}
2026-06-29 10:30:34 INFO legacy_service.orders order 00000094 created customer=Soylent Foods items=1 total=4.95
created order 00000094 total=4.95
2026-06-29 10:30:34 INFO legacy_service.app POST /orders 201 id=00000094 total=4.95
2026-06-29 10:31:54 WARNING legacy_service.orders rejected order: customer is required
2026-06-29 10:31:54 INFO legacy_service.app POST /orders 400 error="customer is required"
2026-06-29 10:32:53 INFO legacy_service.app GET /orders 200 count=33
2026-06-29 10:33:23 INFO legacy_service.app GET /orders/00000040 200 status=CANCELLED
2026-06-29 10:34:00 INFO legacy_service.app GET /orders 200 count=45
2026-06-29 10:34:26 INFO legacy_service.app GET /orders/00000094 200 status=PAID
2026-06-29 10:35:33 INFO legacy_service.app GET /orders/00000089 200 status=NEW
2026-06-29 10:36:39 INFO legacy_service.app GET /report 200 date=2026-06-29 orders=9 total=1141.54
2026-06-29 10:37:56 INFO legacy_service.app GET /orders 200 count=29
2026-06-29 10:38:28 INFO legacy_service.app GET /orders/00000047 200 status=SHIPPED
2026-06-29 10:39:04 INFO legacy_service.app GET /report 200 date=2026-06-29 orders=4 total=763.15
2026-06-29 10:39:28 INFO legacy_service.app GET /orders/00000092 200 status=PAID
DEBUG: POST /orders payload={"customer":"Globex","items":[{"sku":"SKU-0005","qty":1,"unit_price":12.5},{"sku":"SKU-0003","qty":1,"unit_price":8.8}]}
2026-06-29 10:40:21 INFO legacy_service.orders order 00000095 created customer=Globex items=2 total=21.30
created order 00000095 total=21.3
2026-06-29 10:40:21 INFO legacy_service.app POST /orders 201 id=00000095 total=21.30
DEBUG: POST /orders payload={"customer":"Globex","items":[{"sku":"SKU-0005","qty":3,"unit_price":7.25},{"sku":"SKU-0008","qty":3,"unit_price":7.25}]}
2026-06-29 10:40:49 INFO legacy_service.orders order 00000096 created customer=Globex items=2 total=43.50
created order 00000096 total=43.5
2026-06-29 10:40:49 INFO legacy_service.app POST /orders 201 id=00000096 total=43.50
2026-06-29 10:41:37 INFO legacy_service.app GET /report 200 date=2026-06-29 orders=13 total=1132.49
2026-06-29 10:42:21 INFO legacy_service.app GET /orders/00000022 200 status=PAID
2026-06-29 10:43:33 INFO legacy_service.app GET /orders 200 count=43
2026-06-29 10:44:11 INFO legacy_service.app GET /orders 200 count=30
DEBUG: POST /orders payload={"customer":"Initech","items":[{"sku":"SKU-0007","qty":3,"unit_price":8.8},{"sku":"SKU-0006","qty":1,"unit_price":19.99},{"sku":"SKU-0001","qty":4,"unit_price":12.5}]}
2026-06-29 10:44:48 INFO legacy_service.orders order 00000097 created customer=Initech items=3 total=96.39
created order 00000097 total=96.39
2026-06-29 10:44:48 INFO legacy_service.app POST /orders 201 id=00000097 total=96.39
2026-06-29 10:45:10 WARNING legacy_service.orders rejected order: discount_pct out of range
2026-06-29 10:45:10 INFO legacy_service.app POST /orders 400 error="discount_pct out of range"
2026-06-29 10:46:24 INFO legacy_service.app GET /orders/00000095 200 status=NEW
2026-06-29 10:47:09 INFO legacy_service.app GET /orders/00000096 404
2026-06-29 10:48:17 INFO legacy_service.app GET /orders 200 count=44
2026-06-29 10:48:46 INFO legacy_service.app GET /report 200 date=2026-06-29 orders=13 total=578.87
2026-06-29 10:49:29 INFO legacy_service.app GET /orders 200 count=43
DEBUG: POST /orders payload={"customer":"Acme Ltd","items":[{"sku":"SKU-0003","qty":4,"unit_price":8.8},{"sku":"SKU-0001","qty":1,"unit_price":7.25},{"sku":"SKU-0001","qty":1,"unit_price":19.99}]}
2026-06-29 10:50:47 INFO legacy_service.orders order 00000098 created customer=Acme Ltd items=3 total=62.44
created order 00000098 total=62.44
2026-06-29 10:50:47 INFO legacy_service.app POST /orders 201 id=00000098 total=62.44
DEBUG: POST /orders payload={"customer":"Hooli","items":[{"sku":"SKU-0003","qty":4,"unit_price":7.25},{"sku":"SKU-0008","qty":3,"unit_price":4.95},{"sku":"SKU-0008","qty":2,"unit_price":19.99}]}
2026-06-29 10:52:07 INFO legacy_service.orders order 00000099 created customer=Hooli items=3 total=83.83
created order 00000099 total=83.83
2026-06-29 10:52:07 INFO legacy_service.app POST /orders 201 id=00000099 total=83.83
2026-06-29 10:52:30 INFO legacy_service.app GET /orders/00000085 200 status=SHIPPED
2026-06-29 10:53:12 INFO legacy_service.app GET /orders/00000077 200 status=SHIPPED
2026-06-29 10:54:06 INFO legacy_service.app GET /orders/00000016 200 status=NEW
2026-06-29 10:54:55 INFO legacy_service.app GET /orders/00000013 200 status=PAID
2026-06-29 10:55:13 INFO legacy_service.app GET /orders/00000045 200 status=SHIPPED
2026-06-29 10:55:46 INFO legacy_service.app GET /report 200 date=2026-06-29 orders=10 total=626.89
2026-06-29 10:56:25 INFO legacy_service.app GET /orders 200 count=19
2026-06-29 10:57:43 WARNING legacy_service.orders rejected order: discount_pct out of range
2026-06-29 10:57:43 INFO legacy_service.app POST /orders 400 error="discount_pct out of range"
2026-06-29 23:50:05 INFO legacy_service.reconcile reconcile_day start date=2026-06-29
2026-06-29 23:50:09 WARNING legacy_service.reconcile total mismatch order=00000015 stored=9.40 recomputed=9.41 delta=0.01
