db ready at orderbase.db
OrderBase v1.4.2 listening on 0.0.0.0:5057 (debug=true)
2026-06-28 00:13:21 INFO legacy_service.app GET /orders/00000020 200 status=SHIPPED
2026-06-28 00:22:17 INFO legacy_service.app GET /orders 200 count=13
DEBUG: POST /orders payload={"customer":"Initech","items":[{"sku":"SKU-0005","qty":3,"unit_price":7.25}]}
2026-06-28 00:31:21 INFO legacy_service.orders order 00000038 created customer=Initech items=1 total=21.75
created order 00000038 total=21.75
2026-06-28 00:31:21 INFO legacy_service.app POST /orders 201 id=00000038 total=21.75
2026-06-28 00:33:22 INFO legacy_service.app GET /orders 200 count=42
2026-06-28 00:35:46 INFO legacy_service.app GET /orders 200 count=2
2026-06-28 00:39:54 INFO legacy_service.app GET /orders/00000008 200 status=SHIPPED
2026-06-28 00:42:07 INFO legacy_service.app GET /orders/00000033 200 status=CANCELLED
2026-06-28 00:46:40 INFO legacy_service.app GET /orders 200 count=2
2026-06-28 00:49:04 INFO legacy_service.app GET /orders 200 count=30
DEBUG: POST /orders payload={"customer":"Globex","items":[{"sku":"SKU-0007","qty":4,"unit_price":12.5}]}
2026-06-28 00:53:01 INFO legacy_service.orders order 00000039 created customer=Globex items=1 total=50.00
created order 00000039 total=50
2026-06-28 00:53:01 INFO legacy_service.app POST /orders 201 id=00000039 total=50.00
2026-06-28 00:56:39 INFO legacy_service.app GET /orders/00000012 200 status=SHIPPED
DEBUG: POST /orders payload={"customer":"Vandelay","items":[{"sku":"SKU-0009","qty":2,"unit_price":8.8}]}
2026-06-28 01:04:06 INFO legacy_service.orders order 00000040 created customer=Vandelay items=1 total=17.60
created order 00000040 total=17.6
2026-06-28 01:04:06 INFO legacy_service.app POST /orders 201 id=00000040 total=17.60
2026-06-28 01:07:12 INFO legacy_service.app GET /orders/00000001 200 status=PAID
2026-06-28 01:14:06 INFO legacy_service.app GET /report 200 date=2026-06-28 orders=4 total=1235.48
2026-06-28 01:23:35 INFO legacy_service.app GET /orders/00000029 200 status=SHIPPED
2026-06-28 01:32:10 INFO legacy_service.app GET /orders/00000040 200 status=CANCELLED
2026-06-28 01:37:38 INFO legacy_service.app GET /orders 200 count=17
2026-06-28 01:44:24 INFO legacy_service.app GET /orders/00000030 200 status=PAID
DEBUG: POST /orders payload={"customer":"Vandelay","items":[{"sku":"SKU-0004","qty":3,"unit_price":4.95},{"sku":"SKU-0001","qty":3,"unit_price":4.95},{"sku":"SKU-0008","qty":4,"unit_price":19.99}]}
2026-06-28 01:53:09 INFO legacy_service.orders order 00000041 created customer=Vandelay items=3 total=109.66
created order 00000041 total=109.66
2026-06-28 01:53:09 INFO legacy_service.app POST /orders 201 id=00000041 total=109.66
2026-06-28 01:58:57 INFO legacy_service.app GET /report 200 date=2026-06-28 orders=5 total=1564.57
DEBUG: POST /orders payload={"customer":"Wayne Retail","items":[{"sku":"SKU-0004","qty":1,"unit_price":7.25}]}
2026-06-28 02:02:22 INFO legacy_service.orders order 00000042 created customer=Wayne Retail items=1 total=7.25
created order 00000042 total=7.25
2026-06-28 02:02:22 INFO legacy_service.app POST /orders 201 id=00000042 total=7.25
2026-06-28 02:07:03 INFO legacy_service.app GET /orders/00000027 200 status=PAID
2026-06-28 02:15:24 INFO legacy_service.app GET /orders/00000006 200 status=PAID
DEBUG: POST /orders payload={"customer":"Wayne Retail","items":[{"sku":"SKU-0009","qty":1,"unit_price":7.25},{"sku":"SKU-0005","qty":1,"unit_price":19.99},{"sku":"SKU-0007","qty":3,"unit_price":4.95}]}
2026-06-28 02:17:28 INFO legacy_service.orders order 00000043 created customer=Wayne Retail items=3 total=42.09
created order 00000043 total=42.09
2026-06-28 02:17:28 INFO legacy_service.app POST /orders 201 id=00000043 total=42.09
2026-06-28 02:21:40 INFO legacy_service.app GET /orders/00000002 200 status=CANCELLED
2026-06-28 02:28:15 WARNING legacy_service.orders rejected order: customer is required
2026-06-28 02:28:15 INFO legacy_service.app POST /orders 400 error="customer is required"
2026-06-28 02:31:37 INFO legacy_service.app GET /orders 200 count=15
2026-06-28 02:36:46 INFO legacy_service.app GET /orders 200 count=21
2026-06-28 02:44:16 INFO legacy_service.app GET /orders/00000015 200 status=PAID
DEBUG: POST /orders payload={"customer":"Stark Supplies","items":[{"sku":"SKU-0003","qty":2,"unit_price":4.95},{"sku":"SKU-0003","qty":3,"unit_price":4.95}]}
2026-06-28 02:50:14 INFO legacy_service.orders order 00000044 created customer=Stark Supplies items=2 total=24.75
created order 00000044 total=24.75
2026-06-28 02:50:14 INFO legacy_service.app POST /orders 201 id=00000044 total=24.75
DEBUG: POST /orders payload={"customer":"Initech","items":[{"sku":"SKU-0003","qty":1,"unit_price":12.5}]}
2026-06-28 02:53:35 INFO legacy_service.orders order 00000045 created customer=Initech items=1 total=12.50
created order 00000045 total=12.5
2026-06-28 02:53:35 INFO legacy_service.app POST /orders 201 id=00000045 total=12.50
2026-06-28 02:57:14 INFO legacy_service.app GET /orders 200 count=19
2026-06-28 03:04:56 INFO legacy_service.app GET /report 200 date=2026-06-28 orders=12 total=871.17
2026-06-28 03:08:10 INFO legacy_service.app GET /report 200 date=2026-06-28 orders=9 total=1392.49
2026-06-28 03:17:20 INFO legacy_service.app GET /orders 200 count=8
DEBUG: POST /orders payload={"customer":"Globex","items":[{"sku":"SKU-0005","qty":4,"unit_price":12.5},{"sku":"SKU-0008","qty":4,"unit_price":7.25}]}
2026-06-28 03:24:17 INFO legacy_service.orders order 00000046 created customer=Globex items=2 total=79.00
created order 00000046 total=79
2026-06-28 03:24:17 INFO legacy_service.app POST /orders 201 id=00000046 total=79.00
2026-06-28 03:26:42 INFO legacy_service.app GET /orders/00000008 200 status=SHIPPED
2026-06-28 03:34:47 WARNING legacy_service.orders rejected order: discount_pct out of range
2026-06-28 03:34:47 INFO legacy_service.app POST /orders 400 error="discount_pct out of range"
2026-06-28 03:41:50 INFO legacy_service.app GET /report 200 date=2026-06-28 orders=13 total=1079.21
2026-06-28 03:46:38 INFO legacy_service.app GET /orders 200 count=44
2026-06-28 03:54:05 INFO legacy_service.app GET /orders/00000044 200 status=PAID
2026-06-28 04:02:51 INFO legacy_service.app GET /orders/00000017 404
DEBUG: POST /orders payload={"customer":"Soylent Foods","items":[{"sku":"SKU-0008","qty":2,"unit_price":7.25},{"sku":"SKU-0002","qty":2,"unit_price":19.99},{"sku":"SKU-0001","qty":2,"unit_price":12.5}]}
2026-06-28 04:05:32 INFO legacy_service.orders order 00000047 created customer=Soylent Foods items=3 total=79.48
created order 00000047 total=79.48
2026-06-28 04:05:32 INFO legacy_service.app POST /orders 201 id=00000047 total=79.48
DEBUG: POST /orders payload={"customer":"Soylent Foods","items":[{"sku":"SKU-0002","qty":3,"unit_price":12.5},{"sku":"SKU-0004","qty":2,"unit_price":12.5},{"sku":"SKU-0004","qty":2,"unit_price":4.95}]}
2026-06-28 04:12:05 INFO legacy_service.orders order 00000048 created customer=Soylent Foods items=3 total=72.40
created order 00000048 total=72.4
2026-06-28 04:12:05 INFO legacy_service.app POST /orders 201 id=00000048 total=72.40
2026-06-28 04:15:16 INFO legacy_service.app GET /orders 200 count=14
2026-06-28 04:21:31 INFO legacy_service.app GET /orders 200 count=33
2026-06-28 04:27:01 INFO legacy_service.app GET /orders/00000001 200 status=CANCELLED
2026-06-28 04:29:34 INFO legacy_service.app GET /report 200 date=2026-06-28 orders=8 total=953.21
2026-06-28 04:32:21 INFO legacy_service.app GET /report 200 date=2026-06-28 orders=4 total=781.80
DEBUG: POST /orders payload={"customer":"Stark Supplies","items":[{"sku":"SKU-0009","qty":4,"unit_price":7.25}]}
2026-06-28 04:36:11 INFO legacy_service.orders order 00000049 created customer=Stark Supplies items=1 total=29.00
created order 00000049 total=29
2026-06-28 04:36:11 INFO legacy_service.app POST /orders 201 id=00000049 total=29.00
2026-06-28 04:44:34 INFO legacy_service.app GET /orders 200 count=41
2026-06-28 04:50:47 INFO legacy_service.app GET /orders/00000004 200 status=NEW
DEBUG: POST /orders payload={"customer":"Wayne Retail","items":[{"sku":"SKU-0009","qty":1,"unit_price":4.95},{"sku":"SKU-0004","qty":2,"unit_price":8.8}]}
2026-06-28 04:54:53 INFO legacy_service.orders order 00000050 created customer=Wayne Retail items=2 total=22.55
created order 00000050 total=22.55
2026-06-28 04:54:53 INFO legacy_service.app POST /orders 201 id=00000050 total=22.55
2026-06-28 05:01:11 INFO legacy_service.app GET /orders/00000048 200 status=PAID
2026-06-28 05:07:20 INFO legacy_service.app GET /report 200 date=2026-06-28 orders=14 total=1190.47
DEBUG: POST /orders payload={"customer":"Initech","items":[{"sku":"SKU-0007","qty":3,"unit_price":7.25},{"sku":"SKU-0005","qty":3,"unit_price":8.8}]}
2026-06-28 05:13:53 INFO legacy_service.orders order 00000051 created customer=Initech items=2 total=48.15
created order 00000051 total=48.15
2026-06-28 05:13:53 INFO legacy_service.app POST /orders 201 id=00000051 total=48.15
DEBUG: POST /orders payload={"customer":"Initech","items":[{"sku":"SKU-0007","qty":4,"unit_price":4.95},{"sku":"SKU-0008","qty":2,"unit_price":8.8}]}
2026-06-28 05:23:46 INFO legacy_service.orders order 00000052 created customer=Initech items=2 total=37.40
created order 00000052 total=37.4
2026-06-28 05:23:46 INFO legacy_service.app POST /orders 201 id=00000052 total=37.40
2026-06-28 05:29:04 INFO legacy_service.app GET /orders/00000028 200 status=SHIPPED
DEBUG: POST /orders payload={"customer":"Northwind Traders","items":[{"sku":"SKU-0009","qty":2,"unit_price":4.95}]}
2026-06-28 05:38:01 INFO legacy_service.orders order 00000053 created customer=Northwind Traders items=1 total=9.90
created order 00000053 total=9.9
2026-06-28 05:38:01 INFO legacy_service.app POST /orders 201 id=00000053 total=9.90
DEBUG: POST /orders payload={"customer":"Soylent Foods","items":[{"sku":"SKU-0002","qty":4,"unit_price":8.8},{"sku":"SKU-0005","qty":2,"unit_price":19.99},{"sku":"SKU-0005","qty":4,"unit_price":7.25}]}
2026-06-28 05:45:04 INFO legacy_service.orders order 00000054 created customer=Soylent Foods items=3 total=104.18
created order 00000054 total=104.18
2026-06-28 05:45:04 INFO legacy_service.app POST /orders 201 id=00000054 total=104.18
2026-06-28 05:50:26 INFO legacy_service.app GET /orders 200 count=31
2026-06-28 05:58:11 INFO legacy_service.app GET /orders 200 count=3
2026-06-28 06:01:31 INFO legacy_service.app GET /orders/00000007 200 status=CANCELLED
DEBUG: POST /orders payload={"customer":"Acme Ltd","items":[{"sku":"SKU-0003","qty":3,"unit_price":4.95}]}
2026-06-28 06:10:14 INFO legacy_service.orders order 00000055 created customer=Acme Ltd items=1 total=14.85
created order 00000055 total=14.85
2026-06-28 06:10:14 INFO legacy_service.app POST /orders 201 id=00000055 total=14.85
DEBUG: POST /orders payload={"customer":"Vandelay","items":[{"sku":"SKU-0004","qty":1,"unit_price":7.25},{"sku":"SKU-0003","qty":2,"unit_price":4.95},{"sku":"SKU-0003","qty":3,"unit_price":12.5}]}
2026-06-28 06:19:05 INFO legacy_service.orders order 00000056 created customer=Vandelay items=3 total=54.65
created order 00000056 total=54.65
2026-06-28 06:19:05 INFO legacy_service.app POST /orders 201 id=00000056 total=54.65
2026-06-28 06:24:59 INFO legacy_service.app GET /orders 200 count=6
DEBUG: POST /orders payload={"customer":"Vandelay","items":[{"sku":"SKU-0001","qty":1,"unit_price":4.95}]}
2026-06-28 06:33:15 INFO legacy_service.orders order 00000057 created customer=Vandelay items=1 total=4.95
created order 00000057 total=4.95
2026-06-28 06:33:15 INFO legacy_service.app POST /orders 201 id=00000057 total=4.95
2026-06-28 06:37:10 INFO legacy_service.app GET /orders/00000057 200 status=CANCELLED
DEBUG: POST /orders payload={"customer":"Acme Ltd","items":[{"sku":"SKU-0008","qty":2,"unit_price":4.95},{"sku":"SKU-0008","qty":3,"unit_price":19.99},{"sku":"SKU-0001","qty":4,"unit_price":12.5}]}
2026-06-28 06:41:54 INFO legacy_service.orders order 00000058 created customer=Acme Ltd items=3 total=119.87
created order 00000058 total=119.87
2026-06-28 06:41:54 INFO legacy_service.app POST /orders 201 id=00000058 total=119.87
DEBUG: POST /orders payload={"customer":"Umbrella Co","items":[{"sku":"SKU-0002","qty":1,"unit_price":12.5},{"sku":"SKU-0007","qty":1,"unit_price":7.25},{"sku":"SKU-0003","qty":1,"unit_price":7.25}]}
2026-06-28 06:50:52 INFO legacy_service.orders order 00000059 created customer=Umbrella Co items=3 total=27.00
created order 00000059 total=27
2026-06-28 06:50:52 INFO legacy_service.app POST /orders 201 id=00000059 total=27.00
2026-06-28 06:57:41 INFO legacy_service.app GET /orders 200 count=11
2026-06-28 07:07:04 INFO legacy_service.app GET /orders 200 count=38
2026-06-28 07:07:22 WARNING legacy_service.orders rejected order: at least one item is required
2026-06-28 07:07:22 INFO legacy_service.app POST /orders 400 error="at least one item is required"
2026-06-28 07:07:58 INFO legacy_service.app GET /orders/00000020 200 status=CANCELLED
2026-06-28 07:08:32 INFO legacy_service.app GET /report 200 date=2026-06-28 orders=9 total=537.44
2026-06-28 07:09:35 INFO legacy_service.app GET /orders 200 count=10
2026-06-28 07:10:54 INFO legacy_service.app GET /orders/00000009 200 status=NEW
2026-06-28 07:11:44 INFO legacy_service.app GET /orders 200 count=31
DEBUG: POST /orders payload={"customer":"Northwind Traders","items":[{"sku":"SKU-0008","qty":2,"unit_price":4.95},{"sku":"SKU-0005","qty":4,"unit_price":12.5},{"sku":"SKU-0005","qty":2,"unit_price":12.5}]}
2026-06-28 07:12:35 INFO legacy_service.orders order 00000060 created customer=Northwind Traders items=3 total=84.90
created order 00000060 total=84.9
2026-06-28 07:12:35 INFO legacy_service.app POST /orders 201 id=00000060 total=84.90
2026-06-28 07:12:52 INFO legacy_service.app GET /report 200 date=2026-06-28 orders=7 total=853.84
2026-06-28 07:13:26 INFO legacy_service.app GET /orders 200 count=3
2026-06-28 07:14:31 INFO legacy_service.app GET /orders/00000055 200 status=SHIPPED
2026-06-28 07:15:47 INFO legacy_service.app GET /orders/00000036 200 status=PAID
2026-06-28 07:16:40 INFO legacy_service.app GET /orders 200 count=23
2026-06-28 07:17:38 INFO legacy_service.app GET /orders/00000043 404
2026-06-28 07:18:45 INFO legacy_service.app GET /orders/00000023 200 status=CANCELLED
DEBUG: POST /orders payload={"customer":"Vandelay","items":[{"sku":"SKU-0001","qty":3,"unit_price":12.5},{"sku":"SKU-0004","qty":2,"unit_price":7.25}]}
2026-06-28 07:19:21 INFO legacy_service.orders order 00000061 created customer=Vandelay items=2 total=52.00
created order 00000061 total=52
2026-06-28 07:19:21 INFO legacy_service.app POST /orders 201 id=00000061 total=52.00
DEBUG: POST /orders payload={"customer":"Stark Supplies","items":[{"sku":"SKU-0008","qty":2,"unit_price":19.99},{"sku":"SKU-0009","qty":1,"unit_price":12.5},{"sku":"SKU-0005","qty":3,"unit_price":12.5}]}
2026-06-28 07:19:45 INFO legacy_service.orders order 00000062 created customer=Stark Supplies items=3 total=89.98
created order 00000062 total=89.98
2026-06-28 07:19:45 INFO legacy_service.app POST /orders 201 id=00000062 total=89.98
2026-06-28 07:20:46 INFO legacy_service.app GET /report 200 date=2026-06-28 orders=11 total=1579.48
2026-06-28 07:22:15 WARNING legacy_service.orders rejected order: discount_pct out of range
2026-06-28 07:22:15 INFO legacy_service.app POST /orders 400 error="discount_pct out of range"
DEBUG: POST /orders payload={"customer":"Northwind Traders","items":[{"sku":"SKU-0009","qty":1,"unit_price":12.5}]}
2026-06-28 07:23:42 INFO legacy_service.orders order 00000063 created customer=Northwind Traders items=1 total=12.50
created order 00000063 total=12.5
2026-06-28 07:23:42 INFO legacy_service.app POST /orders 201 id=00000063 total=12.50
DEBUG: POST /orders payload={"customer":"Soylent Foods","items":[{"sku":"SKU-0008","qty":2,"unit_price":8.8}]}
2026-06-28 07:25:03 INFO legacy_service.orders order 00000064 created customer=Soylent Foods items=1 total=17.60
created order 00000064 total=17.6
2026-06-28 07:25:03 INFO legacy_service.app POST /orders 201 id=00000064 total=17.60
2026-06-28 07:26:07 INFO legacy_service.app GET /orders/00000010 200 status=SHIPPED
2026-06-28 07:26:25 INFO legacy_service.app GET /orders/00000016 200 status=PAID
2026-06-28 07:27:28 WARNING legacy_service.orders rejected order: at least one item is required
2026-06-28 07:27:28 INFO legacy_service.app POST /orders 400 error="at least one item is required"
DEBUG: POST /orders payload={"customer":"Acme Ltd","items":[{"sku":"SKU-0008","qty":2,"unit_price":12.5},{"sku":"SKU-0009","qty":2,"unit_price":4.95},{"sku":"SKU-0008","qty":3,"unit_price":4.95}]}
2026-06-28 07:28:43 INFO legacy_service.orders order 00000065 created customer=Acme Ltd items=3 total=49.75
created order 00000065 total=49.75
2026-06-28 07:28:43 INFO legacy_service.app POST /orders 201 id=00000065 total=49.75
2026-06-28 07:29:33 INFO legacy_service.app GET /orders 200 count=50
2026-06-28 07:30:01 INFO legacy_service.app GET /orders 200 count=4
DEBUG: POST /orders payload={"customer":"Umbrella Co","items":[{"sku":"SKU-0008","qty":2,"unit_price":12.5},{"sku":"SKU-0002","qty":4,"unit_price":19.99}]}
2026-06-28 07:31:04 INFO legacy_service.orders order 00000066 created customer=Umbrella Co items=2 total=104.96
created order 00000066 total=104.96
2026-06-28 07:31:04 INFO legacy_service.app POST /orders 201 id=00000066 total=104.96
DEBUG: POST /orders payload={"customer":"Stark Supplies","items":[{"sku":"SKU-0006","qty":4,"unit_price":7.25},{"sku":"SKU-0001","qty":1,"unit_price":19.99}]}
2026-06-28 07:32:10 INFO legacy_service.orders order 00000067 created customer=Stark Supplies items=2 total=48.99
created order 00000067 total=48.99
2026-06-28 07:32:10 INFO legacy_service.app POST /orders 201 id=00000067 total=48.99
2026-06-28 07:33:34 INFO legacy_service.app GET /orders/00000003 200 status=NEW
DEBUG: POST /orders payload={"customer":"Acme Ltd","items":[{"sku":"SKU-0008","qty":2,"unit_price":19.99},{"sku":"SKU-0007","qty":3,"unit_price":19.99}]}
2026-06-28 07:34:45 INFO legacy_service.orders order 00000068 created customer=Acme Ltd items=2 total=99.95
created order 00000068 total=99.95
2026-06-28 07:34:45 INFO legacy_service.app POST /orders 201 id=00000068 total=99.95
2026-06-28 07:35:47 INFO legacy_service.app GET /orders 200 count=43
2026-06-28 07:36:46 INFO legacy_service.app GET /orders/00000040 200 status=SHIPPED
2026-06-28 07:37:15 INFO legacy_service.app GET /orders/00000049 200 status=PAID
2026-06-28 07:38:40 WARNING legacy_service.orders rejected order: at least one item is required
2026-06-28 07:38:40 INFO legacy_service.app POST /orders 400 error="at least one item is required"
2026-06-28 07:39:40 INFO legacy_service.app GET /orders/00000046 200 status=CANCELLED
2026-06-28 07:40:47 INFO legacy_service.app GET /orders/00000062 200 status=CANCELLED
2026-06-28 07:41:19 INFO legacy_service.app GET /orders/00000022 200 status=SHIPPED
2026-06-28 07:42:48 INFO legacy_service.app GET /orders/00000045 200 status=CANCELLED
2026-06-28 07:43:22 WARNING legacy_service.orders rejected order: customer is required
2026-06-28 07:43:22 INFO legacy_service.app POST /orders 400 error="customer is required"
2026-06-28 07:44:48 INFO legacy_service.app GET /orders/00000035 200 status=NEW
2026-06-28 07:45:24 WARNING legacy_service.orders rejected order: at least one item is required
2026-06-28 07:45:24 INFO legacy_service.app POST /orders 400 error="at least one item is required"
2026-06-28 07:46:03 INFO legacy_service.app GET /orders 200 count=19
2026-06-28 07:46:51 INFO legacy_service.app GET /orders/00000039 200 status=SHIPPED
2026-06-28 07:47:47 INFO legacy_service.app GET /report 200 date=2026-06-28 orders=10 total=1410.45
DEBUG: POST /orders payload={"customer":"Umbrella Co","items":[{"sku":"SKU-0006","qty":3,"unit_price":12.5},{"sku":"SKU-0002","qty":1,"unit_price":7.25}]}
2026-06-28 07:48:35 INFO legacy_service.orders order 00000069 created customer=Umbrella Co items=2 total=44.75
created order 00000069 total=44.75
2026-06-28 07:48:35 INFO legacy_service.app POST /orders 201 id=00000069 total=44.75
2026-06-28 07:49:19 INFO legacy_service.app GET /orders/00000002 200 status=SHIPPED
2026-06-28 07:49:55 INFO legacy_service.app GET /orders/00000032 200 status=NEW
2026-06-28 07:51:03 INFO legacy_service.app GET /orders/00000020 200 status=PAID
DEBUG: POST /orders payload={"customer":"Umbrella Co","items":[{"sku":"SKU-0001","qty":1,"unit_price":4.95},{"sku":"SKU-0008","qty":4,"unit_price":8.8},{"sku":"SKU-0005","qty":1,"unit_price":7.25}]}
2026-06-28 07:51:44 INFO legacy_service.orders order 00000070 created customer=Umbrella Co items=3 total=47.40
created order 00000070 total=47.4
2026-06-28 07:51:44 INFO legacy_service.app POST /orders 201 id=00000070 total=47.40
DEBUG: POST /orders payload={"customer":"Vandelay","items":[{"sku":"SKU-0004","qty":1,"unit_price":8.8},{"sku":"SKU-0006","qty":1,"unit_price":19.99}]}
2026-06-28 07:52:45 INFO legacy_service.orders order 00000071 created customer=Vandelay items=2 total=28.79
created order 00000071 total=28.79
2026-06-28 07:52:45 INFO legacy_service.app POST /orders 201 id=00000071 total=28.79
2026-06-28 07:54:05 INFO legacy_service.app GET /orders/00000038 200 status=SHIPPED
2026-06-28 07:55:34 INFO legacy_service.app GET /orders 200 count=34
2026-06-28 07:56:28 INFO legacy_service.app GET /report 200 date=2026-06-28 orders=13 total=414.37
2026-06-28 07:57:00 WARNING legacy_service.orders rejected order: at least one item is required
2026-06-28 07:57:00 INFO legacy_service.app POST /orders 400 error="at least one item is required"
2026-06-28 07:58:08 INFO legacy_service.app GET /orders 200 count=23
2026-06-28 07:58:47 INFO legacy_service.app GET /orders/00000024 200 status=CANCELLED
2026-06-28 08:00:08 INFO legacy_service.app GET /orders/00000042 200 status=SHIPPED
2026-06-28 08:01:18 INFO legacy_service.app GET /orders 200 count=21
2026-06-28 08:02:48 INFO legacy_service.app GET /orders/00000031 404
2026-06-28 08:03:14 INFO legacy_service.app GET /orders/00000009 200 status=CANCELLED
2026-06-28 08:04:09 INFO legacy_service.app GET /orders 200 count=19
DEBUG: POST /orders payload={"customer":"Umbrella Co","items":[{"sku":"SKU-0007","qty":2,"unit_price":12.5},{"sku":"SKU-0003","qty":1,"unit_price":8.8}]}
2026-06-28 08:05:39 INFO legacy_service.orders order 00000072 created customer=Umbrella Co items=2 total=33.80
created order 00000072 total=33.8
2026-06-28 08:05:39 INFO legacy_service.app POST /orders 201 id=00000072 total=33.80
2026-06-28 08:06:22 INFO legacy_service.app GET /orders/00000069 404
2026-06-28 08:07:34 INFO legacy_service.app GET /orders 200 count=4
2026-06-28 08:08:36 INFO legacy_service.app GET /report 200 date=2026-06-28 orders=6 total=1395.56
2026-06-28 08:09:07 WARNING legacy_service.orders rejected order: at least one item is required
2026-06-28 08:09:07 INFO legacy_service.app POST /orders 400 error="at least one item is required"
2026-06-28 08:09:53 INFO legacy_service.app GET /orders/00000029 404
2026-06-28 08:10:37 INFO legacy_service.app GET /orders 200 count=21
2026-06-28 08:10:53 WARNING legacy_service.orders rejected order: discount_pct out of range
2026-06-28 08:10:53 INFO legacy_service.app POST /orders 400 error="discount_pct out of range"
2026-06-28 08:11:25 INFO legacy_service.app GET /orders/00000014 200 status=CANCELLED
2026-06-28 08:12:54 INFO legacy_service.app GET /report 200 date=2026-06-28 orders=13 total=619.68
2026-06-28 08:14:02 INFO legacy_service.app GET /orders 200 count=42
2026-06-28 08:14:33 INFO legacy_service.app GET /orders/00000061 200 status=CANCELLED
2026-06-28 08:15:05 INFO legacy_service.app GET /orders/00000001 200 status=SHIPPED
2026-06-28 08:16:08 INFO legacy_service.app GET /orders/00000046 200 status=CANCELLED
2026-06-28 08:16:24 INFO legacy_service.app GET /report 200 date=2026-06-28 orders=6 total=983.22
2026-06-28 08:17:07 INFO legacy_service.app GET /orders/00000020 200 status=CANCELLED
2026-06-28 08:18:04 INFO legacy_service.app GET /orders/00000003 200 status=NEW
2026-06-28 08:19:29 INFO legacy_service.app GET /orders/00000069 200 status=CANCELLED
2026-06-28 08:19:55 INFO legacy_service.app GET /orders/00000021 200 status=SHIPPED
DEBUG: POST /orders payload={"customer":"Wayne Retail","items":[{"sku":"SKU-0001","qty":4,"unit_price":7.25},{"sku":"SKU-0006","qty":2,"unit_price":8.8}]}
2026-06-28 08:20:51 INFO legacy_service.orders order 00000073 created customer=Wayne Retail items=2 total=46.60
created order 00000073 total=46.6
2026-06-28 08:20:51 INFO legacy_service.app POST /orders 201 id=00000073 total=46.60
2026-06-28 08:21:23 INFO legacy_service.app GET /orders 200 count=6
2026-06-28 08:22:49 INFO legacy_service.app GET /orders/00000017 200 status=SHIPPED
2026-06-28 08:23:46 INFO legacy_service.app GET /orders 200 count=21
2026-06-28 08:24:27 INFO legacy_service.app GET /orders 200 count=37
DEBUG: POST /orders payload={"customer":"Wayne Retail","items":[{"sku":"SKU-0008","qty":4,"unit_price":12.5},{"sku":"SKU-0008","qty":1,"unit_price":12.5}]}
2026-06-28 08:24:48 INFO legacy_service.orders order 00000074 created customer=Wayne Retail items=2 total=62.50
created order 00000074 total=62.5
2026-06-28 08:24:48 INFO legacy_service.app POST /orders 201 id=00000074 total=62.50
2026-06-28 08:25:52 INFO legacy_service.app GET /orders/00000015 200 status=CANCELLED
2026-06-28 08:26:39 WARNING legacy_service.orders rejected order: discount_pct out of range
2026-06-28 08:26:39 INFO legacy_service.app POST /orders 400 error="discount_pct out of range"
2026-06-28 08:27:01 INFO legacy_service.app GET /orders 200 count=44
2026-06-28 08:27:36 INFO legacy_service.app GET /orders 200 count=40
DEBUG: POST /orders payload={"customer":"Initech","items":[{"sku":"SKU-0001","qty":4,"unit_price":7.25},{"sku":"SKU-0005","qty":2,"unit_price":4.95},{"sku":"SKU-0004","qty":2,"unit_price":4.95}]}
2026-06-28 08:28:17 INFO legacy_service.orders order 00000075 created customer=Initech items=3 total=48.80
created order 00000075 total=48.8
2026-06-28 08:28:17 INFO legacy_service.app POST /orders 201 id=00000075 total=48.80
DEBUG: POST /orders payload={"customer":"Northwind Traders","items":[{"sku":"SKU-0001","qty":4,"unit_price":19.99}]}
2026-06-28 08:28:34 INFO legacy_service.orders order 00000076 created customer=Northwind Traders items=1 total=79.96
created order 00000076 total=79.96
2026-06-28 08:28:34 INFO legacy_service.app POST /orders 201 id=00000076 total=79.96
2026-06-28 08:29:44 INFO legacy_service.app GET /orders 200 count=23
DEBUG: POST /orders payload={"customer":"Stark Supplies","items":[{"sku":"SKU-0008","qty":4,"unit_price":7.25}]}
2026-06-28 08:30:24 INFO legacy_service.orders order 00000077 created customer=Stark Supplies items=1 total=29.00
created order 00000077 total=29
2026-06-28 08:30:24 INFO legacy_service.app POST /orders 201 id=00000077 total=29.00
2026-06-28 08:31:29 INFO legacy_service.app GET /orders 200 count=19
2026-06-28 08:32:29 WARNING legacy_service.orders rejected order: customer is required
2026-06-28 08:32:29 INFO legacy_service.app POST /orders 400 error="customer is required"
2026-06-28 08:33:15 INFO legacy_service.app GET /orders/00000023 200 status=PAID
DEBUG: POST /orders payload={"customer":"Soylent Foods","items":[{"sku":"SKU-0009","qty":4,"unit_price":8.8},{"sku":"SKU-0006","qty":3,"unit_price":4.95}]}
2026-06-28 08:33:44 INFO legacy_service.orders order 00000078 created customer=Soylent Foods items=2 total=50.05
created order 00000078 total=50.05
2026-06-28 08:33:44 INFO legacy_service.app POST /orders 201 id=00000078 total=50.05
2026-06-28 08:35:03 INFO legacy_service.app GET /orders/00000005 200 status=NEW
DEBUG: POST /orders payload={"customer":"Northwind Traders","items":[{"sku":"SKU-0002","qty":2,"unit_price":8.8}]}
2026-06-28 08:35:27 INFO legacy_service.orders order 00000079 created customer=Northwind Traders items=1 total=17.60
created order 00000079 total=17.6
2026-06-28 08:35:27 INFO legacy_service.app POST /orders 201 id=00000079 total=17.60
DEBUG: POST /orders payload={"customer":"Hooli","items":[{"sku":"SKU-0003","qty":4,"unit_price":4.95},{"sku":"SKU-0003","qty":1,"unit_price":7.25},{"sku":"SKU-0007","qty":4,"unit_price":12.5}]}
2026-06-28 08:36:18 INFO legacy_service.orders order 00000080 created customer=Hooli items=3 total=77.05
created order 00000080 total=77.05
2026-06-28 08:36:18 INFO legacy_service.app POST /orders 201 id=00000080 total=77.05
DEBUG: POST /orders payload={"customer":"Wayne Retail","items":[{"sku":"SKU-0009","qty":4,"unit_price":7.25}]}
2026-06-28 08:36:52 INFO legacy_service.orders order 00000081 created customer=Wayne Retail items=1 total=29.00
created order 00000081 total=29
2026-06-28 08:36:52 INFO legacy_service.app POST /orders 201 id=00000081 total=29.00
2026-06-28 08:37:54 INFO legacy_service.app GET /orders 200 count=46
2026-06-28 08:38:39 WARNING legacy_service.orders rejected order: discount_pct out of range
2026-06-28 08:38:39 INFO legacy_service.app POST /orders 400 error="discount_pct out of range"
2026-06-28 08:39:00 INFO legacy_service.app GET /report 200 date=2026-06-28 orders=11 total=1385.64
2026-06-28 08:39:33 INFO legacy_service.app GET /orders/00000068 200 status=SHIPPED
2026-06-28 08:40:53 INFO legacy_service.app GET /orders/00000030 200 status=NEW
2026-06-28 08:41:29 WARNING legacy_service.orders rejected order: discount_pct out of range
2026-06-28 08:41:29 INFO legacy_service.app POST /orders 400 error="discount_pct out of range"
2026-06-28 08:42:27 INFO legacy_service.app GET /orders 200 count=10
2026-06-28 08:42:48 INFO legacy_service.app GET /report 200 date=2026-06-28 orders=7 total=673.99
DEBUG: POST /orders payload={"customer":"Globex","items":[{"sku":"SKU-0002","qty":1,"unit_price":8.8}]}
2026-06-28 08:44:18 INFO legacy_service.orders order 00000082 created customer=Globex items=1 total=8.80
created order 00000082 total=8.8
2026-06-28 08:44:18 INFO legacy_service.app POST /orders 201 id=00000082 total=8.80
DEBUG: POST /orders payload={"customer":"Initech","items":[{"sku":"SKU-0002","qty":3,"unit_price":12.5},{"sku":"SKU-0006","qty":2,"unit_price":12.5},{"sku":"SKU-0005","qty":2,"unit_price":7.25}]}
2026-06-28 08:45:48 INFO legacy_service.orders order 00000083 created customer=Initech items=3 total=77.00
created order 00000083 total=77
2026-06-28 08:45:48 INFO legacy_service.app POST /orders 201 id=00000083 total=77.00
DEBUG: POST /orders payload={"customer":"Hooli","items":[{"sku":"SKU-0002","qty":2,"unit_price":19.99},{"sku":"SKU-0008","qty":1,"unit_price":12.5}]}
2026-06-28 08:46:19 INFO legacy_service.orders order 00000084 created customer=Hooli items=2 total=52.48
created order 00000084 total=52.48
2026-06-28 08:46:19 INFO legacy_service.app POST /orders 201 id=00000084 total=52.48
2026-06-28 08:47:31 INFO legacy_service.app GET /orders/00000003 200 status=NEW
2026-06-28 08:48:46 INFO legacy_service.app GET /orders 200 count=12
2026-06-28 08:49:48 INFO legacy_service.app GET /orders 200 count=27
2026-06-28 08:51:06 WARNING legacy_service.orders rejected order: customer is required
2026-06-28 08:51:06 INFO legacy_service.app POST /orders 400 error="customer is required"
2026-06-28 08:51:21 INFO legacy_service.app GET /report 200 date=2026-06-28 orders=12 total=980.39
2026-06-28 08:51:42 INFO legacy_service.app GET /orders/00000020 200 status=PAID
2026-06-28 08:52:06 INFO legacy_service.app GET /orders/00000053 200 status=SHIPPED
2026-06-28 08:53:34 INFO legacy_service.app GET /orders 200 count=43
DEBUG: POST /orders payload={"customer":"Hooli","items":[{"sku":"SKU-0002","qty":1,"unit_price":12.5},{"sku":"SKU-0006","qty":2,"unit_price":8.8}]}
2026-06-28 08:54:58 INFO legacy_service.orders order 00000085 created customer=Hooli items=2 total=30.10
created order 00000085 total=30.1
2026-06-28 08:54:58 INFO legacy_service.app POST /orders 201 id=00000085 total=30.10
DEBUG: POST /orders payload={"customer":"Vandelay","items":[{"sku":"SKU-0008","qty":1,"unit_price":4.95}]}
2026-06-28 08:56:26 INFO legacy_service.orders order 00000086 created customer=Vandelay items=1 total=4.95
created order 00000086 total=4.95
2026-06-28 08:56:26 INFO legacy_service.app POST /orders 201 id=00000086 total=4.95
DEBUG: POST /orders payload={"customer":"Vandelay","items":[{"sku":"SKU-0007","qty":4,"unit_price":8.8},{"sku":"SKU-0008","qty":4,"unit_price":7.25},{"sku":"SKU-0009","qty":2,"unit_price":12.5}]}
2026-06-28 08:57:20 INFO legacy_service.orders order 00000087 created customer=Vandelay items=3 total=89.20
created order 00000087 total=89.2
2026-06-28 08:57:20 INFO legacy_service.app POST /orders 201 id=00000087 total=89.20
2026-06-28 08:57:38 INFO legacy_service.app GET /orders/00000018 200 status=NEW
2026-06-28 08:58:44 INFO legacy_service.app GET /orders/00000068 200 status=NEW
2026-06-28 08:59:10 INFO legacy_service.app GET /orders/00000083 200 status=PAID
2026-06-28 08:59:50 INFO legacy_service.app GET /report 200 date=2026-06-28 orders=12 total=593.24
2026-06-28 09:00:30 INFO legacy_service.app GET /orders/00000051 200 status=SHIPPED
2026-06-28 09:01:45 INFO legacy_service.app GET /report 200 date=2026-06-28 orders=11 total=1234.89
2026-06-28 09:02:18 INFO legacy_service.app GET /orders/00000036 200 status=CANCELLED
2026-06-28 09:02:44 INFO legacy_service.app GET /orders 200 count=42
2026-06-28 09:03:24 INFO legacy_service.app GET /report 200 date=2026-06-28 orders=14 total=1229.71
2026-06-28 09:03:52 INFO legacy_service.app GET /orders/00000045 200 status=PAID
2026-06-28 09:05:10 INFO legacy_service.app GET /orders/00000004 200 status=PAID
DEBUG: POST /orders payload={"customer":"Hooli","items":[{"sku":"SKU-0001","qty":1,"unit_price":19.99}]}
2026-06-28 09:05:34 INFO legacy_service.orders order 00000088 created customer=Hooli items=1 total=19.99
created order 00000088 total=19.99
2026-06-28 09:05:34 INFO legacy_service.app POST /orders 201 id=00000088 total=19.99
2026-06-28 09:06:07 WARNING legacy_service.orders rejected order: discount_pct out of range
2026-06-28 09:06:07 INFO legacy_service.app POST /orders 400 error="discount_pct out of range"
2026-06-28 09:06:52 INFO legacy_service.app GET /orders 200 count=17
2026-06-28 09:07:45 INFO legacy_service.app GET /orders/00000024 200 status=PAID
2026-06-28 09:08:36 WARNING legacy_service.orders rejected order: at least one item is required
2026-06-28 09:08:36 INFO legacy_service.app POST /orders 400 error="at least one item is required"
2026-06-28 09:08:55 INFO legacy_service.app GET /report 200 date=2026-06-28 orders=9 total=1147.23
2026-06-28 09:09:18 INFO legacy_service.app GET /orders/00000049 200 status=PAID
2026-06-28 09:09:50 INFO legacy_service.app GET /orders/00000043 200 status=PAID
2026-06-28 09:10:44 INFO legacy_service.app GET /orders 200 count=4
DEBUG: POST /orders payload={"customer":"Northwind Traders","items":[{"sku":"SKU-0003","qty":1,"unit_price":12.5}]}
2026-06-28 09:11:36 INFO legacy_service.orders order 00000089 created customer=Northwind Traders items=1 total=12.50
created order 00000089 total=12.5
2026-06-28 09:11:36 INFO legacy_service.app POST /orders 201 id=00000089 total=12.50
2026-06-28 09:13:00 INFO legacy_service.app GET /report 200 date=2026-06-28 orders=10 total=841.53
2026-06-28 09:14:03 INFO legacy_service.app GET /orders/00000082 200 status=SHIPPED
2026-06-28 09:15:20 INFO legacy_service.app GET /orders 200 count=31
DEBUG: POST /orders payload={"customer":"Stark Supplies","items":[{"sku":"SKU-0005","qty":1,"unit_price":4.95}]}
2026-06-28 09:16:01 INFO legacy_service.orders order 00000090 created customer=Stark Supplies items=1 total=4.95
created order 00000090 total=4.95
2026-06-28 09:16:01 INFO legacy_service.app POST /orders 201 id=00000090 total=4.95
2026-06-28 09:16:51 INFO legacy_service.app GET /orders/00000045 200 status=NEW
2026-06-28 09:17:33 INFO legacy_service.app GET /orders/00000022 200 status=NEW
2026-06-28 09:18:20 INFO legacy_service.app GET /report 200 date=2026-06-28 orders=11 total=894.80
2026-06-28 09:18:41 INFO legacy_service.app GET /orders 200 count=7
2026-06-28 09:19:10 INFO legacy_service.app GET /report 200 date=2026-06-28 orders=6 total=1029.46
DEBUG: POST /orders payload={"customer":"Stark Supplies","items":[{"sku":"SKU-0008","qty":3,"unit_price":4.95},{"sku":"SKU-0003","qty":3,"unit_price":8.8}]}
2026-06-28 09:19:55 INFO legacy_service.orders order 00000091 created customer=Stark Supplies items=2 total=41.25
created order 00000091 total=41.25
2026-06-28 09:19:55 INFO legacy_service.app POST /orders 201 id=00000091 total=41.25
DEBUG: POST /orders payload={"customer":"Hooli","items":[{"sku":"SKU-0002","qty":1,"unit_price":19.99},{"sku":"SKU-0009","qty":3,"unit_price":12.5}]}
2026-06-28 09:21:20 INFO legacy_service.orders order 00000092 created customer=Hooli items=2 total=57.49
created order 00000092 total=57.49
2026-06-28 09:21:20 INFO legacy_service.app POST /orders 201 id=00000092 total=57.49
2026-06-28 09:22:16 INFO legacy_service.app GET /orders/00000056 200 status=PAID
2026-06-28 09:23:02 WARNING legacy_service.orders rejected order: discount_pct out of range
2026-06-28 09:23:02 INFO legacy_service.app POST /orders 400 error="discount_pct out of range"
2026-06-28 09:24:12 INFO legacy_service.app GET /orders/00000049 200 status=NEW
2026-06-28 09:24:35 INFO legacy_service.app GET /orders/00000040 200 status=CANCELLED
DEBUG: POST /orders payload={"customer":"Acme Ltd","items":[{"sku":"SKU-0004","qty":3,"unit_price":4.95},{"sku":"SKU-0005","qty":4,"unit_price":7.25},{"sku":"SKU-0008","qty":2,"unit_price":19.99}]}
2026-06-28 09:25:55 INFO legacy_service.orders order 00000093 created customer=Acme Ltd items=3 total=83.83
created order 00000093 total=83.83
2026-06-28 09:25:55 INFO legacy_service.app POST /orders 201 id=00000093 total=83.83
2026-06-28 09:26:17 INFO legacy_service.app GET /orders 200 count=11
2026-06-28 09:27:30 INFO legacy_service.app GET /orders 200 count=31
DEBUG: POST /orders payload={"customer":"Soylent Foods","items":[{"sku":"SKU-0002","qty":1,"unit_price":19.99}]}
2026-06-28 09:28:55 INFO legacy_service.orders order 00000094 created customer=Soylent Foods items=1 total=19.99
created order 00000094 total=19.99
2026-06-28 09:28:55 INFO legacy_service.app POST /orders 201 id=00000094 total=19.99
2026-06-28 09:30:08 INFO legacy_service.app GET /orders/00000005 200 status=PAID
2026-06-28 09:31:00 INFO legacy_service.app GET /orders 200 count=5
2026-06-28 09:32:11 WARNING legacy_service.orders rejected order: at least one item is required
2026-06-28 09:32:11 INFO legacy_service.app POST /orders 400 error="at least one item is required"
2026-06-28 09:33:01 INFO legacy_service.app GET /orders/00000009 200 status=SHIPPED
2026-06-28 09:33:22 INFO legacy_service.app GET /orders/00000008 404
DEBUG: POST /orders payload={"customer":"Soylent Foods","items":[{"sku":"SKU-0002","qty":2,"unit_price":7.25},{"sku":"SKU-0002","qty":1,"unit_price":12.5}]}
2026-06-28 09:33:51 INFO legacy_service.orders order 00000095 created customer=Soylent Foods items=2 total=27.00
created order 00000095 total=27
2026-06-28 09:33:51 INFO legacy_service.app POST /orders 201 id=00000095 total=27.00
2026-06-28 09:35:17 INFO legacy_service.app GET /orders/00000007 200 status=CANCELLED
2026-06-28 09:36:16 WARNING legacy_service.orders rejected order: at least one item is required
2026-06-28 09:36:16 INFO legacy_service.app POST /orders 400 error="at least one item is required"
2026-06-28 09:37:02 INFO legacy_service.app GET /orders/00000010 200 status=SHIPPED
2026-06-28 09:37:30 INFO legacy_service.app GET /report 200 date=2026-06-28 orders=14 total=1089.95
2026-06-28 09:38:17 INFO legacy_service.app GET /orders/00000067 200 status=NEW
2026-06-28 09:39:22 WARNING legacy_service.orders rejected order: at least one item is required
2026-06-28 09:39:22 INFO legacy_service.app POST /orders 400 error="at least one item is required"
2026-06-28 09:40:48 INFO legacy_service.app GET /orders/00000087 200 status=PAID
2026-06-28 09:41:33 INFO legacy_service.app GET /orders/00000049 200 status=CANCELLED
2026-06-28 09:42:22 INFO legacy_service.app GET /orders/00000015 200 status=CANCELLED
2026-06-28 09:43:16 INFO legacy_service.app GET /orders/00000073 200 status=SHIPPED
DEBUG: POST /orders payload={"customer":"Soylent Foods","items":[{"sku":"SKU-0002","qty":4,"unit_price":12.5},{"sku":"SKU-0005","qty":4,"unit_price":7.25},{"sku":"SKU-0006","qty":1,"unit_price":12.5}]}
2026-06-28 09:44:06 INFO legacy_service.orders order 00000096 created customer=Soylent Foods items=3 total=91.50
created order 00000096 total=91.5
2026-06-28 09:44:06 INFO legacy_service.app POST /orders 201 id=00000096 total=91.50
2026-06-28 09:44:32 INFO legacy_service.app GET /report 200 date=2026-06-28 orders=14 total=1038.87
2026-06-28 09:45:59 INFO legacy_service.app GET /orders/00000017 200 status=SHIPPED
2026-06-28 09:46:21 INFO legacy_service.app GET /orders/00000052 200 status=CANCELLED
2026-06-28 09:47:49 INFO legacy_service.app GET /orders 200 count=16
2026-06-28 09:48:39 INFO legacy_service.app GET /orders 200 count=13
2026-06-28 09:49:15 INFO legacy_service.app GET /orders/00000011 200 status=NEW
2026-06-28 09:50:05 INFO legacy_service.app GET /orders/00000017 200 status=PAID
DEBUG: POST /orders payload={"customer":"Vandelay","items":[{"sku":"SKU-0007","qty":3,"unit_price":12.5},{"sku":"SKU-0001","qty":2,"unit_price":19.99}]}
2026-06-28 09:51:00 INFO legacy_service.orders order 00000097 created customer=Vandelay items=2 total=77.48
created order 00000097 total=77.48
2026-06-28 09:51:00 INFO legacy_service.app POST /orders 201 id=00000097 total=77.48
DEBUG: POST /orders payload={"customer":"Soylent Foods","items":[{"sku":"SKU-0003","qty":2,"unit_price":12.5},{"sku":"SKU-0007","qty":1,"unit_price":8.8}]}
2026-06-28 09:52:25 INFO legacy_service.orders order 00000098 created customer=Soylent Foods items=2 total=33.80
created order 00000098 total=33.8
2026-06-28 09:52:25 INFO legacy_service.app POST /orders 201 id=00000098 total=33.80
2026-06-28 09:53:50 INFO legacy_service.app GET /orders/00000034 200 status=SHIPPED
2026-06-28 09:54:22 INFO legacy_service.app GET /orders/00000080 200 status=CANCELLED
2026-06-28 09:54:51 INFO legacy_service.app GET /orders/00000032 200 status=PAID
2026-06-28 09:56:21 INFO legacy_service.app GET /orders/00000036 200 status=NEW
2026-06-28 09:56:50 INFO legacy_service.app GET /orders/00000095 200 status=PAID
2026-06-28 09:58:00 INFO legacy_service.app GET /orders/00000088 200 status=SHIPPED
2026-06-28 09:58:25 INFO legacy_service.app GET /report 200 date=2026-06-28 orders=9 total=499.16
DEBUG: POST /orders payload={"customer":"Acme Ltd","items":[{"sku":"SKU-0001","qty":4,"unit_price":7.25}]}
2026-06-28 09:59:40 INFO legacy_service.orders order 00000099 created customer=Acme Ltd items=1 total=29.00
created order 00000099 total=29
2026-06-28 09:59:40 INFO legacy_service.app POST /orders 201 id=00000099 total=29.00
DEBUG: POST /orders payload={"customer":"Northwind Traders","items":[{"sku":"SKU-0002","qty":4,"unit_price":4.95}]}
2026-06-28 10:00:23 INFO legacy_service.orders order 00000100 created customer=Northwind Traders items=1 total=19.80
created order 00000100 total=19.8
2026-06-28 10:00:23 INFO legacy_service.app POST /orders 201 id=00000100 total=19.80
DEBUG: POST /orders payload={"customer":"Umbrella Co","items":[{"sku":"SKU-0002","qty":3,"unit_price":7.25},{"sku":"SKU-0007","qty":3,"unit_price":19.99}]}
2026-06-28 10:01:01 INFO legacy_service.orders order 00000101 created customer=Umbrella Co items=2 total=81.72
created order 00000101 total=81.72
2026-06-28 10:01:01 INFO legacy_service.app POST /orders 201 id=00000101 total=81.72
2026-06-28 10:01:40 INFO legacy_service.app GET /orders 200 count=35
2026-06-28 10:02:02 INFO legacy_service.app GET /report 200 date=2026-06-28 orders=10 total=1303.70
2026-06-28 10:03:02 INFO legacy_service.app GET /orders 200 count=48
2026-06-28 10:03:31 INFO legacy_service.app GET /orders/00000074 200 status=CANCELLED
2026-06-28 10:04:51 INFO legacy_service.app GET /orders 200 count=1
2026-06-28 10:06:14 INFO legacy_service.app GET /report 200 date=2026-06-28 orders=6 total=396.19
2026-06-28 10:07:40 INFO legacy_service.app GET /orders/00000016 200 status=PAID
2026-06-28 10:08:20 INFO legacy_service.app GET /orders/00000093 200 status=NEW
2026-06-28 23:50:05 INFO legacy_service.reconcile reconcile_day start date=2026-06-28
2026-06-28 23:50:08 WARNING legacy_service.reconcile total mismatch order=00000009 stored=32.62 recomputed=32.63 delta=0.01
